09-07 15:08:36.668 E/VoiceSearchConfigUtils(22841): Unrecognized recognizer for [ja-JP, 3056]: 22. Ignoring it and its associated features.
09-07 15:08:36.674 E/VoiceSearchConfigUtils(22841): Unrecognized recognizer for [ja-JP, 3053]: 23. Ignoring it and its associated features.
09-07 15:08:36.677 E/VoiceSearchConfigUtils(22841): Unrecognized recognizer for [ja-JP, 3053]: 22. Ignoring it and its associated features.
09-07 15:08:36.677 E/VoiceSearchConfigUtils(22841): Unrecognized recognizer for [ja-JP, 3053]: 23. Ignoring it and its associated features.
09-07 15:08:36.677 E/VoiceSearchConfigUtils(22841): Unrecognized recognizer for [ja-JP, 3053]: 22. Ignoring it and its associated features.
09-07 15:08:36.677 E/VoiceSearchConfigUtils(22841): Unrecognized recognizer for [ja-JP, 3053]: 23. Ignoring it and its associated features.
09-07 15:08:36.677 E/VoiceSearchConfigUtils(22841): Unrecognized recognizer for [ja-JP, 3053]: 22. Ignoring it and its associated features.
09-07 15:08:36.677 E/VoiceSearchConfigUtils(22841): Unrecognized recognizer for [ja-JP, 3053]: 22. Ignoring it and its associated features.
09-07 15:08:36.677 E/VoiceSearchConfigUtils(22841): Unrecognized recognizer for [ja-JP, 3053]: 22. Ignoring it and its associated features.
09-07 15:08:36.677 E/VoiceSearchConfigUtils(22841): Unrecognized recognizer for [ja-JP, 3054]: 23. Ignoring it and its associated features.
09-07 15:08:36.677 E/VoiceSearchConfigUtils(22841): Unrecognized recognizer for [ja-JP, 3054]: 22. Ignoring it and its associated features.
09-07 15:08:36.677 E/VoiceSearchConfigUtils(22841): Unrecognized recognizer for [ja-JP, 3054]: 23. Ignoring it and its associated features.
09-07 15:08:36.677 E/VoiceSearchConfigUtils(22841): Unrecognized recognizer for [ja-JP, 3054]: 22. Ignoring it and its associated features.
09-07 15:08:36.677 E/VoiceSearchConfigUtils(22841): Unrecognized recognizer for [ja-JP, 3054]: 23. Ignoring it and its associated features.
09-07 15:08:36.677 E/VoiceSearchConfigUtils(22841): Unrecognized recognizer for [ja-JP, 3054]: 22. Ignoring it and its associated features.
09-07 15:08:36.677 E/VoiceSearchConfigUtils(22841): Unrecognized recognizer for [ja-JP, 3054]: 22. Ignoring it and its associated features.
09-07 15:08:36.677 E/VoiceSearchConfigUtils(22841): Unrecognized recognizer for [ja-JP, 3054]: 22. Ignoring it and its associated features.
09-07 15:08:36.677 E/VoiceSearchConfigUtils(22841): Unrecognized recognizer for [ja-JP, 3056]: 23. Ignoring it and its associated features.
09-07 15:08:36.677 E/VoiceSearchConfigUtils(22841): Unrecognized recognizer for [ja-JP, 3056]: 22. Ignoring it and its associated features.
09-07 15:08:36.677 E/VoiceSearchConfigUtils(22841): Unrecognized recognizer for [ja-JP, 3056]: 23. Ignoring it and its associated features.
09-07 15:08:36.677 E/VoiceSearchConfigUtils(22841): Unrecognized recognizer for [ja-JP, 3056]: 22. Ignoring it and its associated features.
09-07 15:08:36.677 E/VoiceSearchConfigUtils(22841): Unrecognized recognizer for [ja-JP, 3056]: 23. Ignoring it and its associated features.
09-07 15:08:36.677 E/VoiceSearchConfigUtils(22841): Unrecognized recognizer for [ja-JP, 3056]: 22. Ignoring it and its associated features.
09-07 15:08:36.677 E/VoiceSearchConfigUtils(22841): Unrecognized recognizer for [ja-JP, 3056]: 22. Ignoring it and its associated features.
09-07 15:08:36.677 E/VoiceSearchConfigUtils(22841): Unrecognized recognizer for [ja-JP, 3056]: 22. Ignoring it and its associated features.
09-07 15:08:36.691 E/android.hardware.audio@7.1-impl.ranchu(  488): pcmWrite:260 failure: -1
09-07 15:08:36.725 E/YouTube (25008): AudioFocus loss; Will pause
09-07 15:08:36.757 E/android.hardware.audio@7.1-impl.ranchu(  488): updateSinkMetadata:387 failure: Result::NOT_SUPPORTED
09-07 15:08:37.085 E/android.hardware.audio@7.1-impl.ranchu(  488): pcmWrite:260 failure: -1
09-07 15:08:37.206 E/android.hardware.audio@7.1-impl.ranchu(  488): pcmWrite:260 failure: -1
09-07 15:08:37.211 E/AppOps  (  695): attributionTag  not declared in manifest of com.google.android.tts
09-07 15:08:37.218 E/AppOps  (  695): attributionTag  not declared in manifest of com.google.android.tts
09-07 15:08:37.309 E/android.hardware.audio@7.1-impl.ranchu(  488): pcmWrite:260 failure: -1
09-07 15:08:37.415 E/android.hardware.audio@7.1-impl.ranchu(  488): pcmWrite:260 failure: -1
09-07 15:08:37.468 E/AppOps  (  695): attributionTag  not declared in manifest of com.google.android.tts
09-07 15:08:37.472 E/AppOps  (  695): attributionTag  not declared in manifest of com.google.android.tts
09-07 15:08:37.531 E/android.hardware.audio@7.1-impl.ranchu(  488): pcmWrite:260 failure: -1
09-07 15:08:37.634 E/android.hardware.audio@7.1-impl.ranchu(  488): pcmWrite:260 failure: -1
09-07 15:08:37.642 E/TransitionChain(  695): Can't collect into a chain with no transition
09-07 15:08:37.738 E/android.hardware.audio@7.1-impl.ranchu(  488): pcmWrite:260 failure: -1
09-07 15:08:37.842 E/android.hardware.audio@7.1-impl.ranchu(  488): pcmWrite:260 failure: -1
09-07 15:08:37.947 E/android.hardware.audio@7.1-impl.ranchu(  488): pcmWrite:260 failure: -1
09-07 15:08:38.051 E/android.hardware.audio@7.1-impl.ranchu(  488): pcmWrite:260 failure: -1
09-07 15:08:38.154 E/android.hardware.audio@7.1-impl.ranchu(  488): pcmWrite:260 failure: -1
09-07 15:08:38.262 E/android.hardware.audio@7.1-impl.ranchu(  488): pcmWrite:260 failure: -1
09-07 15:08:38.367 E/android.hardware.audio@7.1-impl.ranchu(  488): pcmWrite:260 failure: -1
09-07 15:08:38.471 E/android.hardware.audio@7.1-impl.ranchu(  488): pcmWrite:260 failure: -1
09-07 15:08:38.574 E/android.hardware.audio@7.1-impl.ranchu(  488): pcmWrite:260 failure: -1
09-07 15:08:38.678 E/android.hardware.audio@7.1-impl.ranchu(  488): pcmWrite:260 failure: -1
09-07 15:08:38.772 E/android.hardware.audio@7.1-impl.ranchu(  488): updateSinkMetadata:387 failure: Result::NOT_SUPPORTED
09-07 15:08:38.844 E/android.hardware.audio@7.1-impl.ranchu(  488): pcmWrite:260 failure: -1
09-07 15:08:38.893 E/AppOps  (  695): attributionTag  not declared in manifest of com.google.android.tts
09-07 15:08:38.893 E/AppOps  (  695): attributionTag  not declared in manifest of com.google.android.tts
09-07 15:08:38.947 E/android.hardware.audio@7.1-impl.ranchu(  488): pcmWrite:260 failure: -1
09-07 15:08:39.051 E/android.hardware.audio@7.1-impl.ranchu(  488): pcmWrite:260 failure: -1
09-07 15:08:39.155 E/android.hardware.audio@7.1-impl.ranchu(  488): pcmWrite:260 failure: -1
09-07 15:08:39.225 E/ApiService(25631): Error deleting session
09-07 15:08:39.225 E/ApiService(25631): kotlinx.coroutines.JobCancellationException: Job was cancelled; job=SupervisorJobImpl{Cancelling}@c320de6
09-07 15:08:39.225 E/SessionManager(25631): Failed to stop session on backend
09-07 15:08:39.259 E/android.hardware.audio@7.1-impl.ranchu(  488): pcmWrite:260 failure: -1
09-07 15:08:39.350 E/AppOps  (  695): attributionTag  not declared in manifest of com.google.android.tts
09-07 15:08:39.352 E/AppOps  (  695): attributionTag  not declared in manifest of com.google.android.tts
09-07 15:08:39.367 E/android.hardware.audio@7.1-impl.ranchu(  488): pcmWrite:260 failure: -1
09-07 15:08:39.466 E/android.hardware.audio@7.1-impl.ranchu(  488): pcmWrite:260 failure: -1
09-07 15:08:39.569 E/android.hardware.audio@7.1-impl.ranchu(  488): pcmWrite:260 failure: -1
09-07 15:08:39.674 E/android.hardware.audio@7.1-impl.ranchu(  488): pcmWrite:260 failure: -1
09-07 15:08:39.783 E/android.hardware.audio@7.1-impl.ranchu(  488): pcmWrite:260 failure: -1
09-07 15:08:39.887 E/android.hardware.audio@7.1-impl.ranchu(  488): pcmWrite:260 failure: -1
09-07 15:08:39.993 E/android.hardware.audio@7.1-impl.ranchu(  488): pcmWrite:260 failure: -1
09-07 15:08:40.098 E/android.hardware.audio@7.1-impl.ranchu(  488): pcmWrite:260 failure: -1
09-07 15:08:40.159 E/TaskPersister(  695): File error accessing recents directory (directory doesn't exist?).
09-07 15:08:40.202 E/android.hardware.audio@7.1-impl.ranchu(  488): pcmWrite:260 failure: -1
09-07 15:08:40.306 E/android.hardware.audio@7.1-impl.ranchu(  488): pcmWrite:260 failure: -1
09-07 15:08:40.410 E/android.hardware.audio@7.1-impl.ranchu(  488): pcmWrite:260 failure: -1
09-07 15:08:40.514 E/android.hardware.audio@7.1-impl.ranchu(  488): pcmWrite:260 failure: -1
09-07 15:08:40.619 E/android.hardware.audio@7.1-impl.ranchu(  488): pcmWrite:260 failure: -1
09-07 15:08:40.722 E/android.hardware.audio@7.1-impl.ranchu(  488): pcmWrite:260 failure: -1
09-07 15:08:40.826 E/android.hardware.audio@7.1-impl.ranchu(  488): pcmWrite:260 failure: -1
09-07 15:08:40.930 E/android.hardware.audio@7.1-impl.ranchu(  488): pcmWrite:260 failure: -1
09-07 15:08:41.039 E/android.hardware.audio@7.1-impl.ranchu(  488): pcmWrite:260 failure: -1
09-07 15:08:41.138 E/android.hardware.audio@7.1-impl.ranchu(  488): pcmWrite:260 failure: -1
09-07 15:08:41.244 E/android.hardware.audio@7.1-impl.ranchu(  488): pcmWrite:260 failure: -1
09-07 15:08:41.347 E/android.hardware.audio@7.1-impl.ranchu(  488): pcmWrite:260 failure: -1
09-07 15:08:41.451 E/android.hardware.audio@7.1-impl.ranchu(  488): pcmWrite:260 failure: -1
09-07 15:08:41.554 E/android.hardware.audio@7.1-impl.ranchu(  488): pcmWrite:260 failure: -1
09-07 15:08:41.659 E/android.hardware.audio@7.1-impl.ranchu(  488): pcmWrite:260 failure: -1
09-07 15:08:41.761 E/android.hardware.audio@7.1-impl.ranchu(  488): pcmWrite:260 failure: -1
09-07 15:08:41.866 E/android.hardware.audio@7.1-impl.ranchu(  488): pcmWrite:260 failure: -1
09-07 15:08:41.970 E/android.hardware.audio@7.1-impl.ranchu(  488): pcmWrite:260 failure: -1
09-07 15:08:42.078 E/android.hardware.audio@7.1-impl.ranchu(  488): pcmWrite:260 failure: -1
09-07 15:08:42.187 E/android.hardware.audio@7.1-impl.ranchu(  488): pcmWrite:260 failure: -1
09-07 15:08:42.294 E/android.hardware.audio@7.1-impl.ranchu(  488): pcmWrite:260 failure: -1
09-07 15:08:42.398 E/android.hardware.audio@7.1-impl.ranchu(  488): pcmWrite:260 failure: -1
