09-07 15:08:17.005 E/AppOps  (  695): attributionTag  not declared in manifest of com.google.android.tts
09-07 15:08:17.005 E/AppOps  (  695): attributionTag  not declared in manifest of com.google.android.tts
09-07 15:08:17.841 E/android.hardware.audio@7.1-impl.ranchu(  488): pcmRead:222 failure: -1
09-07 15:08:17.946 E/android.hardware.audio@7.1-impl.ranchu(  488): pcmRead:222 failure: -1
09-07 15:08:18.049 E/android.hardware.audio@7.1-impl.ranchu(  488): pcmRead:222 failure: -1
09-07 15:08:18.153 E/android.hardware.audio@7.1-impl.ranchu(  488): pcmRead:222 failure: -1
09-07 15:08:18.258 E/android.hardware.audio@7.1-impl.ranchu(  488): pcmRead:222 failure: -1
09-07 15:08:18.366 E/android.hardware.audio@7.1-impl.ranchu(  488): pcmRead:222 failure: -1
09-07 15:08:18.474 E/android.hardware.audio@7.1-impl.ranchu(  488): pcmRead:222 failure: -1
09-07 15:08:18.584 E/android.hardware.audio@7.1-impl.ranchu(  488): pcmRead:222 failure: -1
09-07 15:08:18.686 E/WifiStaIfaceAidlImpl(  695): setDtimMultiplier failed with service-specific exception: android.os.ServiceSpecificException:  (code 4)
09-07 15:08:18.693 E/android.hardware.audio@7.1-impl.ranchu(  488): pcmRead:222 failure: -1
09-07 15:08:18.737 E/android.hardware.audio@7.1-impl.ranchu(  488): updateSinkMetadata:387 failure: Result::NOT_SUPPORTED
09-07 15:08:18.798 E/android.hardware.audio@7.1-impl.ranchu(  488): pcmRead:222 failure: -1
09-07 15:08:18.986 E/AppOps  (  695): attributionTag  not declared in manifest of com.google.android.tts
09-07 15:08:18.987 E/AppOps  (  695): attributionTag  not declared in manifest of com.google.android.tts
09-07 15:08:19.421 E/AppOps  (  695): attributionTag  not declared in manifest of com.google.android.tts
09-07 15:08:19.423 E/AppOps  (  695): attributionTag  not declared in manifest of com.google.android.tts
09-07 15:08:19.714 E/YouTube (25008): AudioFocus loss; Will pause
09-07 15:08:19.727 E/VoiceSearchConfigUtils(22841): Unrecognized recognizer for [ja-JP, 3053]: 23. Ignoring it and its associated features.
09-07 15:08:19.727 E/VoiceSearchConfigUtils(22841): Unrecognized recognizer for [ja-JP, 3053]: 22. Ignoring it and its associated features.
09-07 15:08:19.727 E/VoiceSearchConfigUtils(22841): Unrecognized recognizer for [ja-JP, 3053]: 23. Ignoring it and its associated features.
09-07 15:08:19.727 E/VoiceSearchConfigUtils(22841): Unrecognized recognizer for [ja-JP, 3053]: 22. Ignoring it and its associated features.
09-07 15:08:19.727 E/VoiceSearchConfigUtils(22841): Unrecognized recognizer for [ja-JP, 3053]: 23. Ignoring it and its associated features.
09-07 15:08:19.727 E/VoiceSearchConfigUtils(22841): Unrecognized recognizer for [ja-JP, 3053]: 22. Ignoring it and its associated features.
09-07 15:08:19.727 E/VoiceSearchConfigUtils(22841): Unrecognized recognizer for [ja-JP, 3053]: 22. Ignoring it and its associated features.
09-07 15:08:19.727 E/VoiceSearchConfigUtils(22841): Unrecognized recognizer for [ja-JP, 3053]: 22. Ignoring it and its associated features.
09-07 15:08:19.872 E/VoiceSearchConfigUtils(22841): Unrecognized recognizer for [ja-JP, 3054]: 23. Ignoring it and its associated features.
09-07 15:08:19.872 E/VoiceSearchConfigUtils(22841): Unrecognized recognizer for [ja-JP, 3054]: 22. Ignoring it and its associated features.
09-07 15:08:19.872 E/VoiceSearchConfigUtils(22841): Unrecognized recognizer for [ja-JP, 3054]: 23. Ignoring it and its associated features.
09-07 15:08:19.872 E/VoiceSearchConfigUtils(22841): Unrecognized recognizer for [ja-JP, 3054]: 22. Ignoring it and its associated features.
09-07 15:08:19.872 E/VoiceSearchConfigUtils(22841): Unrecognized recognizer for [ja-JP, 3054]: 23. Ignoring it and its associated features.
09-07 15:08:19.872 E/VoiceSearchConfigUtils(22841): Unrecognized recognizer for [ja-JP, 3054]: 22. Ignoring it and its associated features.
09-07 15:08:19.872 E/VoiceSearchConfigUtils(22841): Unrecognized recognizer for [ja-JP, 3054]: 22. Ignoring it and its associated features.
09-07 15:08:19.872 E/VoiceSearchConfigUtils(22841): Unrecognized recognizer for [ja-JP, 3054]: 22. Ignoring it and its associated features.
09-07 15:08:19.872 E/VoiceSearchConfigUtils(22841): Unrecognized recognizer for [ja-JP, 3056]: 23. Ignoring it and its associated features.
09-07 15:08:19.882 E/android.hardware.audio@7.1-impl.ranchu(  488): updateSinkMetadata:387 failure: Result::NOT_SUPPORTED
09-07 15:08:19.891 E/VoiceSearchConfigUtils(22841): Unrecognized recognizer for [ja-JP, 3056]: 22. Ignoring it and its associated features.
09-07 15:08:19.892 E/VoiceSearchConfigUtils(22841): Unrecognized recognizer for [ja-JP, 3056]: 23. Ignoring it and its associated features.
09-07 15:08:19.892 E/VoiceSearchConfigUtils(22841): Unrecognized recognizer for [ja-JP, 3056]: 22. Ignoring it and its associated features.
09-07 15:08:19.892 E/VoiceSearchConfigUtils(22841): Unrecognized recognizer for [ja-JP, 3056]: 23. Ignoring it and its associated features.
09-07 15:08:19.892 E/VoiceSearchConfigUtils(22841): Unrecognized recognizer for [ja-JP, 3056]: 22. Ignoring it and its associated features.
09-07 15:08:19.892 E/VoiceSearchConfigUtils(22841): Unrecognized recognizer for [ja-JP, 3056]: 22. Ignoring it and its associated features.
09-07 15:08:19.892 E/VoiceSearchConfigUtils(22841): Unrecognized recognizer for [ja-JP, 3056]: 22. Ignoring it and its associated features.
09-07 15:08:19.899 E/VoiceSearchConfigUtils(22841): Unrecognized recognizer for [ja-JP, 3053]: 23. Ignoring it and its associated features.
09-07 15:08:19.899 E/VoiceSearchConfigUtils(22841): Unrecognized recognizer for [ja-JP, 3053]: 22. Ignoring it and its associated features.
09-07 15:08:19.899 E/VoiceSearchConfigUtils(22841): Unrecognized recognizer for [ja-JP, 3053]: 23. Ignoring it and its associated features.
09-07 15:08:19.899 E/VoiceSearchConfigUtils(22841): Unrecognized recognizer for [ja-JP, 3053]: 22. Ignoring it and its associated features.
09-07 15:08:19.899 E/VoiceSearchConfigUtils(22841): Unrecognized recognizer for [ja-JP, 3053]: 23. Ignoring it and its associated features.
09-07 15:08:19.899 E/VoiceSearchConfigUtils(22841): Unrecognized recognizer for [ja-JP, 3053]: 22. Ignoring it and its associated features.
09-07 15:08:19.899 E/VoiceSearchConfigUtils(22841): Unrecognized recognizer for [ja-JP, 3053]: 22. Ignoring it and its associated features.
09-07 15:08:19.899 E/VoiceSearchConfigUtils(22841): Unrecognized recognizer for [ja-JP, 3053]: 22. Ignoring it and its associated features.
09-07 15:08:19.899 E/VoiceSearchConfigUtils(22841): Unrecognized recognizer for [ja-JP, 3054]: 23. Ignoring it and its associated features.
09-07 15:08:19.899 E/VoiceSearchConfigUtils(22841): Unrecognized recognizer for [ja-JP, 3054]: 22. Ignoring it and its associated features.
09-07 15:08:19.899 E/VoiceSearchConfigUtils(22841): Unrecognized recognizer for [ja-JP, 3054]: 23. Ignoring it and its associated features.
09-07 15:08:19.899 E/VoiceSearchConfigUtils(22841): Unrecognized recognizer for [ja-JP, 3054]: 22. Ignoring it and its associated features.
09-07 15:08:19.899 E/VoiceSearchConfigUtils(22841): Unrecognized recognizer for [ja-JP, 3054]: 23. Ignoring it and its associated features.
09-07 15:08:19.899 E/VoiceSearchConfigUtils(22841): Unrecognized recognizer for [ja-JP, 3054]: 22. Ignoring it and its associated features.
09-07 15:08:19.899 E/VoiceSearchConfigUtils(22841): Unrecognized recognizer for [ja-JP, 3054]: 22. Ignoring it and its associated features.
09-07 15:08:19.899 E/VoiceSearchConfigUtils(22841): Unrecognized recognizer for [ja-JP, 3054]: 22. Ignoring it and its associated features.
09-07 15:08:20.350 E/AppOps  (  695): attributionTag  not declared in manifest of com.google.android.tts
09-07 15:08:20.351 E/VoiceSearchConfigUtils(22841): Unrecognized recognizer for [ja-JP, 3056]: 23. Ignoring it and its associated features.
09-07 15:08:20.351 E/VoiceSearchConfigUtils(22841): Unrecognized recognizer for [ja-JP, 3056]: 22. Ignoring it and its associated features.
09-07 15:08:20.351 E/VoiceSearchConfigUtils(22841): Unrecognized recognizer for [ja-JP, 3056]: 23. Ignoring it and its associated features.
09-07 15:08:20.351 E/VoiceSearchConfigUtils(22841): Unrecognized recognizer for [ja-JP, 3056]: 22. Ignoring it and its associated features.
09-07 15:08:20.351 E/VoiceSearchConfigUtils(22841): Unrecognized recognizer for [ja-JP, 3056]: 23. Ignoring it and its associated features.
09-07 15:08:20.351 E/VoiceSearchConfigUtils(22841): Unrecognized recognizer for [ja-JP, 3056]: 22. Ignoring it and its associated features.
09-07 15:08:20.351 E/VoiceSearchConfigUtils(22841): Unrecognized recognizer for [ja-JP, 3056]: 22. Ignoring it and its associated features.
09-07 15:08:20.351 E/VoiceSearchConfigUtils(22841): Unrecognized recognizer for [ja-JP, 3056]: 22. Ignoring it and its associated features.
09-07 15:08:20.356 E/AppOps  (  695): attributionTag  not declared in manifest of com.google.android.tts
09-07 15:08:20.593 E/AppOps  (  695): attributionTag  not declared in manifest of com.google.android.tts
09-07 15:08:20.595 E/AppOps  (  695): attributionTag  not declared in manifest of com.google.android.tts
09-07 15:08:20.931 E/klist.notecolor(25936): Not starting debugger since process cannot load the jdwp agent.
09-07 15:08:21.460 E/ashmem  (25936): Pinning is deprecated since Android Q. Please use trim or other methods.
09-07 15:08:21.624 E/MyApplication(25936): onCreate: initializeSDKWrapper
09-07 15:08:21.625 E/MyApplication(25936): initializeSDKWrapper: true
09-07 15:08:21.625 E/MyApplication(25936): INITIALIZE_SDKS >>> INIT
09-07 15:08:21.631 E/MyApplication(25936): INITIALIZE_SDKS >>> isConsentShown false
09-07 15:08:21.675 E/LocationSDK(25936): LocationSDK >>> SDK_INITIALIZATION >>> OUTLOGIC_SDK >>> setupOutLogicCodesSDK >>> 0
09-07 15:08:21.922 E/android.hardware.audio@7.1-impl.ranchu(  488): updateSinkMetadata:387 failure: Result::NOT_SUPPORTED
09-07 15:08:22.094 E/klist.notecolor(25936): No package ID 6a found for resource ID 0x6a0b000f.
09-07 15:08:22.127 E/AppOps  (  695): attributionTag  not declared in manifest of com.google.android.tts
09-07 15:08:22.130 E/AppOps  (  695): attributionTag  not declared in manifest of com.google.android.tts
09-07 15:08:22.216 E/LocationSDK(25936): LocationSDK >>> SDK_INITIALIZATION >>> OUTLOGIC_SDK >>> setupOutLogicCodesSDK 1 >>> com.jksol.Verification@98b9f26
09-07 15:08:22.220 E/LocationSDK(25936): Outlogic accommodation: 1
09-07 15:08:22.220 E/LocationSDK(25936): LocationSDK >>> SDK_INITIALIZATION >>> OUTLOGIC_SDK >>> setupOutLogicCodesSDK 3 >>> VERIFICATION >>> ACCOMMODATION: >>> 1
09-07 15:08:22.411 E/chromium(25936): [0907/150822.397463:ERROR:variations_seed_loader.cc(39)] Seed missing signature.
09-07 15:08:22.520 E/ocessService0:0(26081): Not starting debugger since process cannot load the jdwp agent.
09-07 15:08:22.594 E/YouTube (25008): AudioFocus loss; Will pause
09-07 15:08:22.615 E/AppOps  (  695): attributionTag  not declared in manifest of com.google.android.tts
09-07 15:08:22.622 E/AppOps  (  695): attributionTag  not declared in manifest of com.google.android.tts
09-07 15:08:22.624 E/VoiceSearchConfigUtils(22841): Unrecognized recognizer for [ja-JP, 3053]: 23. Ignoring it and its associated features.
09-07 15:08:22.624 E/VoiceSearchConfigUtils(22841): Unrecognized recognizer for [ja-JP, 3053]: 22. Ignoring it and its associated features.
09-07 15:08:22.624 E/VoiceSearchConfigUtils(22841): Unrecognized recognizer for [ja-JP, 3053]: 23. Ignoring it and its associated features.
09-07 15:08:22.624 E/VoiceSearchConfigUtils(22841): Unrecognized recognizer for [ja-JP, 3053]: 22. Ignoring it and its associated features.
09-07 15:08:22.625 E/VoiceSearchConfigUtils(22841): Unrecognized recognizer for [ja-JP, 3053]: 23. Ignoring it and its associated features.
09-07 15:08:22.625 E/VoiceSearchConfigUtils(22841): Unrecognized recognizer for [ja-JP, 3053]: 22. Ignoring it and its associated features.
09-07 15:08:22.625 E/VoiceSearchConfigUtils(22841): Unrecognized recognizer for [ja-JP, 3053]: 22. Ignoring it and its associated features.
09-07 15:08:22.625 E/VoiceSearchConfigUtils(22841): Unrecognized recognizer for [ja-JP, 3053]: 22. Ignoring it and its associated features.
09-07 15:08:22.627 E/VoiceSearchConfigUtils(22841): Unrecognized recognizer for [ja-JP, 3054]: 23. Ignoring it and its associated features.
09-07 15:08:22.627 E/VoiceSearchConfigUtils(22841): Unrecognized recognizer for [ja-JP, 3054]: 22. Ignoring it and its associated features.
09-07 15:08:22.627 E/VoiceSearchConfigUtils(22841): Unrecognized recognizer for [ja-JP, 3054]: 23. Ignoring it and its associated features.
09-07 15:08:22.627 E/VoiceSearchConfigUtils(22841): Unrecognized recognizer for [ja-JP, 3054]: 22. Ignoring it and its associated features.
09-07 15:08:22.627 E/VoiceSearchConfigUtils(22841): Unrecognized recognizer for [ja-JP, 3054]: 23. Ignoring it and its associated features.
09-07 15:08:22.627 E/VoiceSearchConfigUtils(22841): Unrecognized recognizer for [ja-JP, 3054]: 22. Ignoring it and its associated features.
09-07 15:08:22.627 E/VoiceSearchConfigUtils(22841): Unrecognized recognizer for [ja-JP, 3054]: 22. Ignoring it and its associated features.
09-07 15:08:22.628 E/VoiceSearchConfigUtils(22841): Unrecognized recognizer for [ja-JP, 3054]: 22. Ignoring it and its associated features.
09-07 15:08:22.630 E/VoiceSearchConfigUtils(22841): Unrecognized recognizer for [ja-JP, 3056]: 23. Ignoring it and its associated features.
09-07 15:08:22.630 E/VoiceSearchConfigUtils(22841): Unrecognized recognizer for [ja-JP, 3056]: 22. Ignoring it and its associated features.
09-07 15:08:22.632 E/VoiceSearchConfigUtils(22841): Unrecognized recognizer for [ja-JP, 3056]: 23. Ignoring it and its associated features.
09-07 15:08:22.632 E/VoiceSearchConfigUtils(22841): Unrecognized recognizer for [ja-JP, 3056]: 22. Ignoring it and its associated features.
09-07 15:08:22.632 E/VoiceSearchConfigUtils(22841): Unrecognized recognizer for [ja-JP, 3056]: 23. Ignoring it and its associated features.
09-07 15:08:22.632 E/VoiceSearchConfigUtils(22841): Unrecognized recognizer for [ja-JP, 3056]: 22. Ignoring it and its associated features.
09-07 15:08:22.632 E/VoiceSearchConfigUtils(22841): Unrecognized recognizer for [ja-JP, 3056]: 22. Ignoring it and its associated features.
09-07 15:08:22.633 E/VoiceSearchConfigUtils(22841): Unrecognized recognizer for [ja-JP, 3056]: 22. Ignoring it and its associated features.
09-07 15:08:22.643 E/VoiceSearchConfigUtils(22841): Unrecognized recognizer for [ja-JP, 3053]: 23. Ignoring it and its associated features.
09-07 15:08:22.643 E/VoiceSearchConfigUtils(22841): Unrecognized recognizer for [ja-JP, 3053]: 22. Ignoring it and its associated features.
09-07 15:08:22.643 E/VoiceSearchConfigUtils(22841): Unrecognized recognizer for [ja-JP, 3053]: 23. Ignoring it and its associated features.
09-07 15:08:22.643 E/VoiceSearchConfigUtils(22841): Unrecognized recognizer for [ja-JP, 3053]: 22. Ignoring it and its associated features.
09-07 15:08:22.643 E/VoiceSearchConfigUtils(22841): Unrecognized recognizer for [ja-JP, 3053]: 23. Ignoring it and its associated features.
09-07 15:08:22.643 E/VoiceSearchConfigUtils(22841): Unrecognized recognizer for [ja-JP, 3053]: 22. Ignoring it and its associated features.
09-07 15:08:22.643 E/VoiceSearchConfigUtils(22841): Unrecognized recognizer for [ja-JP, 3053]: 22. Ignoring it and its associated features.
09-07 15:08:22.643 E/VoiceSearchConfigUtils(22841): Unrecognized recognizer for [ja-JP, 3053]: 22. Ignoring it and its associated features.
09-07 15:08:22.643 E/VoiceSearchConfigUtils(22841): Unrecognized recognizer for [ja-JP, 3054]: 23. Ignoring it and its associated features.
09-07 15:08:22.643 E/VoiceSearchConfigUtils(22841): Unrecognized recognizer for [ja-JP, 3054]: 22. Ignoring it and its associated features.
09-07 15:08:22.643 E/VoiceSearchConfigUtils(22841): Unrecognized recognizer for [ja-JP, 3054]: 23. Ignoring it and its associated features.
09-07 15:08:22.643 E/VoiceSearchConfigUtils(22841): Unrecognized recognizer for [ja-JP, 3054]: 22. Ignoring it and its associated features.
09-07 15:08:22.643 E/VoiceSearchConfigUtils(22841): Unrecognized recognizer for [ja-JP, 3054]: 23. Ignoring it and its associated features.
09-07 15:08:22.643 E/VoiceSearchConfigUtils(22841): Unrecognized recognizer for [ja-JP, 3054]: 22. Ignoring it and its associated features.
09-07 15:08:22.643 E/VoiceSearchConfigUtils(22841): Unrecognized recognizer for [ja-JP, 3054]: 22. Ignoring it and its associated features.
09-07 15:08:22.643 E/VoiceSearchConfigUtils(22841): Unrecognized recognizer for [ja-JP, 3054]: 22. Ignoring it and its associated features.
09-07 15:08:22.643 E/VoiceSearchConfigUtils(22841): Unrecognized recognizer for [ja-JP, 3056]: 23. Ignoring it and its associated features.
09-07 15:08:22.643 E/VoiceSearchConfigUtils(22841): Unrecognized recognizer for [ja-JP, 3056]: 22. Ignoring it and its associated features.
09-07 15:08:22.643 E/VoiceSearchConfigUtils(22841): Unrecognized recognizer for [ja-JP, 3056]: 23. Ignoring it and its associated features.
09-07 15:08:22.643 E/VoiceSearchConfigUtils(22841): Unrecognized recognizer for [ja-JP, 3056]: 22. Ignoring it and its associated features.
09-07 15:08:22.643 E/VoiceSearchConfigUtils(22841): Unrecognized recognizer for [ja-JP, 3056]: 23. Ignoring it and its associated features.
09-07 15:08:22.643 E/VoiceSearchConfigUtils(22841): Unrecognized recognizer for [ja-JP, 3056]: 22. Ignoring it and its associated features.
09-07 15:08:22.643 E/VoiceSearchConfigUtils(22841): Unrecognized recognizer for [ja-JP, 3056]: 22. Ignoring it and its associated features.
09-07 15:08:22.643 E/VoiceSearchConfigUtils(22841): Unrecognized recognizer for [ja-JP, 3056]: 22. Ignoring it and its associated features.
09-07 15:08:22.655 E/android.hardware.audio@7.1-impl.ranchu(  488): updateSinkMetadata:387 failure: Result::NOT_SUPPORTED
09-07 15:08:23.032 E/AppOps  (  695): attributionTag  not declared in manifest of com.google.android.tts
09-07 15:08:23.052 E/AppOps  (  695): attributionTag  not declared in manifest of com.google.android.tts
09-07 15:08:23.167 E/webview_service(26119): Not starting debugger since process cannot load the jdwp agent.
09-07 15:08:23.280 E/AppOps  (  695): attributionTag  not declared in manifest of com.google.android.tts
09-07 15:08:23.280 E/AppOps  (  695): attributionTag  not declared in manifest of com.google.android.tts
09-07 15:08:23.420 E/SplashActivity(25936): onCreate:togale==== false
09-07 15:08:23.432 E/AdsUtils(25936): preLoadInterstitialAd >>> ON_INTER >>> CAN_REQ_ADS >>> true
09-07 15:08:23.445 E/TaskPersister(  695): File error accessing recents directory (directory doesn't exist?).
09-07 15:08:23.446 E/LocationSDK(25936): Activity Started: SplashActivity
09-07 15:08:23.453 E/LocationSDK(25936): LocationSDK >>> START_HANDLER
09-07 15:08:23.606 E/klist.notecolor(25936): No package ID 6a found for resource ID 0x6a0b000f.
09-07 15:08:23.803 E/MESA    (25936): Failed to open rendernode: No such file or directory
09-07 15:08:23.833 E/LocationSDK(25936): LocationSDK >>> START_HANDLER >>> RUN >>> IS_CALL_INSTANT >>> true
09-07 15:08:23.833 E/LocationSDK(25936): LocationSDK >>> START_HANDLER >>> RUN
09-07 15:08:23.844 E/LocationSDK(25936): LocationSDK >>> START_HANDLER >>> NO >>> NETWORK >>> LOCATION_PERMISSION >>> NOT_GRANTED
09-07 15:08:24.859 E/android.hardware.audio@7.1-impl.ranchu(  488): updateSinkMetadata:387 failure: Result::NOT_SUPPORTED
09-07 15:08:25.150 E/AppOps  (  695): attributionTag  not declared in manifest of com.google.android.tts
09-07 15:08:25.153 E/AppOps  (  695): attributionTag  not declared in manifest of com.google.android.tts
09-07 15:08:25.566 E/AppOps  (  695): attributionTag  not declared in manifest of com.google.android.tts
09-07 15:08:25.573 E/AppOps  (  695): attributionTag  not declared in manifest of com.google.android.tts
09-07 15:08:25.624 E/YouTube (25008): AudioFocus loss; Will pause
09-07 15:08:25.689 E/VoiceSearchConfigUtils(22841): Unrecognized recognizer for [ja-JP, 3053]: 23. Ignoring it and its associated features.
09-07 15:08:25.689 E/VoiceSearchConfigUtils(22841): Unrecognized recognizer for [ja-JP, 3053]: 22. Ignoring it and its associated features.
09-07 15:08:25.689 E/VoiceSearchConfigUtils(22841): Unrecognized recognizer for [ja-JP, 3053]: 23. Ignoring it and its associated features.
09-07 15:08:25.692 E/VoiceSearchConfigUtils(22841): Unrecognized recognizer for [ja-JP, 3053]: 22. Ignoring it and its associated features.
09-07 15:08:25.694 E/VoiceSearchConfigUtils(22841): Unrecognized recognizer for [ja-JP, 3053]: 23. Ignoring it and its associated features.
09-07 15:08:25.695 E/VoiceSearchConfigUtils(22841): Unrecognized recognizer for [ja-JP, 3053]: 22. Ignoring it and its associated features.
09-07 15:08:25.695 E/VoiceSearchConfigUtils(22841): Unrecognized recognizer for [ja-JP, 3053]: 22. Ignoring it and its associated features.
09-07 15:08:25.695 E/VoiceSearchConfigUtils(22841): Unrecognized recognizer for [ja-JP, 3053]: 22. Ignoring it and its associated features.
09-07 15:08:25.695 E/VoiceSearchConfigUtils(22841): Unrecognized recognizer for [ja-JP, 3054]: 23. Ignoring it and its associated features.
09-07 15:08:25.695 E/VoiceSearchConfigUtils(22841): Unrecognized recognizer for [ja-JP, 3054]: 22. Ignoring it and its associated features.
09-07 15:08:25.696 E/VoiceSearchConfigUtils(22841): Unrecognized recognizer for [ja-JP, 3054]: 23. Ignoring it and its associated features.
09-07 15:08:25.701 E/VoiceSearchConfigUtils(22841): Unrecognized recognizer for [ja-JP, 3054]: 22. Ignoring it and its associated features.
09-07 15:08:25.702 E/VoiceSearchConfigUtils(22841): Unrecognized recognizer for [ja-JP, 3054]: 23. Ignoring it and its associated features.
09-07 15:08:25.702 E/VoiceSearchConfigUtils(22841): Unrecognized recognizer for [ja-JP, 3054]: 22. Ignoring it and its associated features.
09-07 15:08:25.705 E/VoiceSearchConfigUtils(22841): Unrecognized recognizer for [ja-JP, 3054]: 22. Ignoring it and its associated features.
09-07 15:08:25.707 E/VoiceSearchConfigUtils(22841): Unrecognized recognizer for [ja-JP, 3054]: 22. Ignoring it and its associated features.
09-07 15:08:25.707 E/VoiceSearchConfigUtils(22841): Unrecognized recognizer for [ja-JP, 3056]: 23. Ignoring it and its associated features.
09-07 15:08:25.707 E/VoiceSearchConfigUtils(22841): Unrecognized recognizer for [ja-JP, 3056]: 22. Ignoring it and its associated features.
09-07 15:08:25.707 E/VoiceSearchConfigUtils(22841): Unrecognized recognizer for [ja-JP, 3056]: 23. Ignoring it and its associated features.
09-07 15:08:25.707 E/VoiceSearchConfigUtils(22841): Unrecognized recognizer for [ja-JP, 3056]: 22. Ignoring it and its associated features.
09-07 15:08:25.707 E/VoiceSearchConfigUtils(22841): Unrecognized recognizer for [ja-JP, 3056]: 23. Ignoring it and its associated features.
09-07 15:08:25.707 E/VoiceSearchConfigUtils(22841): Unrecognized recognizer for [ja-JP, 3056]: 22. Ignoring it and its associated features.
09-07 15:08:25.707 E/VoiceSearchConfigUtils(22841): Unrecognized recognizer for [ja-JP, 3056]: 22. Ignoring it and its associated features.
09-07 15:08:25.707 E/VoiceSearchConfigUtils(22841): Unrecognized recognizer for [ja-JP, 3056]: 22. Ignoring it and its associated features.
09-07 15:08:25.727 E/VoiceSearchConfigUtils(22841): Unrecognized recognizer for [ja-JP, 3053]: 23. Ignoring it and its associated features.
09-07 15:08:25.727 E/VoiceSearchConfigUtils(22841): Unrecognized recognizer for [ja-JP, 3053]: 22. Ignoring it and its associated features.
09-07 15:08:25.727 E/VoiceSearchConfigUtils(22841): Unrecognized recognizer for [ja-JP, 3053]: 23. Ignoring it and its associated features.
09-07 15:08:25.727 E/VoiceSearchConfigUtils(22841): Unrecognized recognizer for [ja-JP, 3053]: 22. Ignoring it and its associated features.
09-07 15:08:25.727 E/VoiceSearchConfigUtils(22841): Unrecognized recognizer for [ja-JP, 3053]: 23. Ignoring it and its associated features.
09-07 15:08:25.727 E/VoiceSearchConfigUtils(22841): Unrecognized recognizer for [ja-JP, 3053]: 22. Ignoring it and its associated features.
09-07 15:08:25.727 E/VoiceSearchConfigUtils(22841): Unrecognized recognizer for [ja-JP, 3053]: 22. Ignoring it and its associated features.
09-07 15:08:25.727 E/VoiceSearchConfigUtils(22841): Unrecognized recognizer for [ja-JP, 3053]: 22. Ignoring it and its associated features.
09-07 15:08:25.728 E/VoiceSearchConfigUtils(22841): Unrecognized recognizer for [ja-JP, 3054]: 23. Ignoring it and its associated features.
09-07 15:08:25.728 E/VoiceSearchConfigUtils(22841): Unrecognized recognizer for [ja-JP, 3054]: 22. Ignoring it and its associated features.
09-07 15:08:25.729 E/VoiceSearchConfigUtils(22841): Unrecognized recognizer for [ja-JP, 3054]: 23. Ignoring it and its associated features.
09-07 15:08:25.729 E/VoiceSearchConfigUtils(22841): Unrecognized recognizer for [ja-JP, 3054]: 22. Ignoring it and its associated features.
09-07 15:08:25.729 E/VoiceSearchConfigUtils(22841): Unrecognized recognizer for [ja-JP, 3054]: 23. Ignoring it and its associated features.
09-07 15:08:25.729 E/VoiceSearchConfigUtils(22841): Unrecognized recognizer for [ja-JP, 3054]: 22. Ignoring it and its associated features.
09-07 15:08:25.729 E/VoiceSearchConfigUtils(22841): Unrecognized recognizer for [ja-JP, 3054]: 22. Ignoring it and its associated features.
09-07 15:08:25.729 E/VoiceSearchConfigUtils(22841): Unrecognized recognizer for [ja-JP, 3054]: 22. Ignoring it and its associated features.
09-07 15:08:25.729 E/VoiceSearchConfigUtils(22841): Unrecognized recognizer for [ja-JP, 3056]: 23. Ignoring it and its associated features.
09-07 15:08:25.731 E/VoiceSearchConfigUtils(22841): Unrecognized recognizer for [ja-JP, 3056]: 22. Ignoring it and its associated features.
09-07 15:08:25.731 E/VoiceSearchConfigUtils(22841): Unrecognized recognizer for [ja-JP, 3056]: 23. Ignoring it and its associated features.
09-07 15:08:25.731 E/VoiceSearchConfigUtils(22841): Unrecognized recognizer for [ja-JP, 3056]: 22. Ignoring it and its associated features.
09-07 15:08:25.731 E/VoiceSearchConfigUtils(22841): Unrecognized recognizer for [ja-JP, 3056]: 23. Ignoring it and its associated features.
09-07 15:08:25.731 E/VoiceSearchConfigUtils(22841): Unrecognized recognizer for [ja-JP, 3056]: 22. Ignoring it and its associated features.
09-07 15:08:25.731 E/VoiceSearchConfigUtils(22841): Unrecognized recognizer for [ja-JP, 3056]: 22. Ignoring it and its associated features.
09-07 15:08:25.731 E/VoiceSearchConfigUtils(22841): Unrecognized recognizer for [ja-JP, 3056]: 22. Ignoring it and its associated features.
09-07 15:08:25.750 E/android.hardware.audio@7.1-impl.ranchu(  488): updateSinkMetadata:387 failure: Result::NOT_SUPPORTED
09-07 15:08:25.790 E/TAG     (25936): GetLocationCount:>>> 0
09-07 15:08:25.790 E/SplashActivity(25936): moveToNextFlow: PrefManager.getLocationOn false GetLocationCount=== 0
09-07 15:08:25.790 E/TAG     (25936): isSpacialDay: currentTime> 1757257705790 fTime>1757254724454  daysDifference>0
09-07 15:08:25.790 E/TAG     (25936): isSpacialDay:daysDifference>> 0 isSpecialDay>>false
09-07 15:08:25.790 E/SplashActivity(25936): LAUNCH >>> MAIN_PAGE >>> IS_DESTROYED >>> false
09-07 15:08:26.186 E/AppOps  (  695): attributionTag  not declared in manifest of com.google.android.tts
09-07 15:08:26.192 E/AppOps  (  695): attributionTag  not declared in manifest of com.google.android.tts
09-07 15:08:26.222 E/android.hardware.audio@7.1-impl.ranchu(  488): pcmWrite:260 failure: -1
09-07 15:08:26.294 E/BaseActivity(25936): This activity is implemented by: MainActivity
09-07 15:08:26.304 E/LocationSDK(25936): Activity Started: MainActivity
09-07 15:08:26.325 E/LocationSDK(25936): LocationSDK >>> START_HANDLER
09-07 15:08:26.327 E/android.hardware.audio@7.1-impl.ranchu(  488): pcmWrite:260 failure: -1
09-07 15:08:26.430 E/android.hardware.audio@7.1-impl.ranchu(  488): pcmWrite:260 failure: -1
09-07 15:08:26.445 E/AppOps  (  695): attributionTag  not declared in manifest of com.google.android.tts
09-07 15:08:26.448 E/AppOps  (  695): attributionTag  not declared in manifest of com.google.android.tts
09-07 15:08:26.537 E/android.hardware.audio@7.1-impl.ranchu(  488): pcmWrite:260 failure: -1
09-07 15:08:26.644 E/android.hardware.audio@7.1-impl.ranchu(  488): pcmWrite:260 failure: -1
09-07 15:08:26.702 E/lowmemorykiller(  237): process_mrelease 22979 failed: No such process
09-07 15:08:26.750 E/android.hardware.audio@7.1-impl.ranchu(  488): pcmWrite:260 failure: -1
09-07 15:08:26.857 E/android.hardware.audio@7.1-impl.ranchu(  488): pcmWrite:260 failure: -1
09-07 15:08:26.874 E/LocationSDK(25936): LocationSDK >>> START_HANDLER >>> RUN >>> IS_CALL_INSTANT >>> true
09-07 15:08:26.874 E/LocationSDK(25936): LocationSDK >>> START_HANDLER >>> RUN
09-07 15:08:26.874 E/LocationSDK(25936): LocationSDK >>> START_HANDLER >>> NO >>> NETWORK >>> LOCATION_PERMISSION >>> NOT_GRANTED
09-07 15:08:26.962 E/android.hardware.audio@7.1-impl.ranchu(  488): pcmWrite:260 failure: -1
09-07 15:08:27.068 E/android.hardware.audio@7.1-impl.ranchu(  488): pcmWrite:260 failure: -1
09-07 15:08:27.170 E/android.hardware.audio@7.1-impl.ranchu(  488): pcmWrite:260 failure: -1
09-07 15:08:27.282 E/android.hardware.audio@7.1-impl.ranchu(  488): pcmWrite:260 failure: -1
09-07 15:08:27.396 E/android.hardware.audio@7.1-impl.ranchu(  488): pcmWrite:260 failure: -1
09-07 15:08:27.499 E/android.hardware.audio@7.1-impl.ranchu(  488): pcmWrite:260 failure: -1
09-07 15:08:27.507 E/TAG     (25936): NoteListItems:>>> NoteDetail(note=Note(id=1, type=0, title='Humans are fish', description=[], date='1757256208211', location=null, lat=null, lng=null, isDeleted=false, deletionTimestamp=null, isReminder=false, noteStyle=null, isLocationReminderOn=false))
09-07 15:08:27.515 E/TAG     (25936): NoteListItems: 
09-07 15:08:27.515 E/TAG     (25936): NoteListItems>>>> []
09-07 15:08:27.518 E/TAG     (25936): NoteListItems>>>>combinedDescription== 
09-07 15:08:27.519 E/TAG     (25936): NoteListItems>>>>tempNote== 
09-07 15:08:27.605 E/android.hardware.audio@7.1-impl.ranchu(  488): pcmWrite:260 failure: -1
09-07 15:08:27.712 E/android.hardware.audio@7.1-impl.ranchu(  488): pcmWrite:260 failure: -1
09-07 15:08:27.814 E/android.hardware.audio@7.1-impl.ranchu(  488): pcmWrite:260 failure: -1
09-07 15:08:27.908 E/TAG     (25936): NoteListItems:>>> NoteDetail(note=Note(id=1, type=0, title='Humans are fish', description=[], date='1757256208211', location=null, lat=null, lng=null, isDeleted=false, deletionTimestamp=null, isReminder=false, noteStyle=null, isLocationReminderOn=false))
09-07 15:08:27.915 E/TAG     (25936): NoteListItems: 
09-07 15:08:27.915 E/TAG     (25936): NoteListItems>>>> []
09-07 15:08:27.916 E/TAG     (25936): NoteListItems>>>>combinedDescription== 
09-07 15:08:27.917 E/TAG     (25936): NoteListItems>>>>tempNote== 
09-07 15:08:27.922 E/android.hardware.audio@7.1-impl.ranchu(  488): pcmWrite:260 failure: -1
09-07 15:08:28.030 E/android.hardware.audio@7.1-impl.ranchu(  488): pcmWrite:260 failure: -1
09-07 15:08:28.136 E/android.hardware.audio@7.1-impl.ranchu(  488): pcmWrite:260 failure: -1
09-07 15:08:28.239 E/android.hardware.audio@7.1-impl.ranchu(  488): pcmWrite:260 failure: -1
09-07 15:08:28.342 E/android.hardware.audio@7.1-impl.ranchu(  488): pcmWrite:260 failure: -1
09-07 15:08:28.446 E/android.hardware.audio@7.1-impl.ranchu(  488): pcmWrite:260 failure: -1
09-07 15:08:28.550 E/android.hardware.audio@7.1-impl.ranchu(  488): pcmWrite:260 failure: -1
09-07 15:08:28.658 E/android.hardware.audio@7.1-impl.ranchu(  488): pcmWrite:260 failure: -1
09-07 15:08:28.767 E/android.hardware.audio@7.1-impl.ranchu(  488): pcmWrite:260 failure: -1
09-07 15:08:28.847 E/LoadAds (25936): ON_INTER >>> onAdLoaded
09-07 15:08:28.871 E/android.hardware.audio@7.1-impl.ranchu(  488): pcmWrite:260 failure: -1
09-07 15:08:28.918 E/TAG     (25936): AD_LOADED >>> 
09-07 15:08:28.974 E/android.hardware.audio@7.1-impl.ranchu(  488): pcmWrite:260 failure: -1
09-07 15:08:29.082 E/android.hardware.audio@7.1-impl.ranchu(  488): pcmWrite:260 failure: -1
09-07 15:08:29.186 E/android.hardware.audio@7.1-impl.ranchu(  488): pcmWrite:260 failure: -1
09-07 15:08:29.292 E/android.hardware.audio@7.1-impl.ranchu(  488): pcmWrite:260 failure: -1
09-07 15:08:29.394 E/android.hardware.audio@7.1-impl.ranchu(  488): pcmWrite:260 failure: -1
09-07 15:08:29.499 E/android.hardware.audio@7.1-impl.ranchu(  488): pcmWrite:260 failure: -1
09-07 15:08:29.701 E/TaskPersister(  695): File error accessing recents directory (directory doesn't exist?).
09-07 15:08:29.716 E/android.hardware.audio@7.1-impl.ranchu(  488): pcmRead:222 failure: -1
09-07 15:08:29.863 E/android.hardware.audio@7.1-impl.ranchu(  488): pcmRead:222 failure: -1
09-07 15:08:29.966 E/android.hardware.audio@7.1-impl.ranchu(  488): pcmRead:222 failure: -1
09-07 15:08:30.072 E/android.hardware.audio@7.1-impl.ranchu(  488): pcmRead:222 failure: -1
09-07 15:08:30.174 E/android.hardware.audio@7.1-impl.ranchu(  488): pcmRead:222 failure: -1
09-07 15:08:30.279 E/android.hardware.audio@7.1-impl.ranchu(  488): pcmRead:222 failure: -1
09-07 15:08:30.382 E/android.hardware.audio@7.1-impl.ranchu(  488): pcmRead:222 failure: -1
09-07 15:08:30.487 E/android.hardware.audio@7.1-impl.ranchu(  488): pcmRead:222 failure: -1
09-07 15:08:30.589 E/android.hardware.audio@7.1-impl.ranchu(  488): pcmRead:222 failure: -1
09-07 15:08:30.701 E/android.hardware.audio@7.1-impl.ranchu(  488): pcmRead:222 failure: -1
09-07 15:08:30.805 E/android.hardware.audio@7.1-impl.ranchu(  488): pcmRead:222 failure: -1
09-07 15:08:30.914 E/android.hardware.audio@7.1-impl.ranchu(  488): pcmRead:222 failure: -1
09-07 15:08:30.957 E/#####   (25936): CreateNoteActivity kotlin>>>
09-07 15:08:30.986 E/DDD     (25936): onCreate:note>>>> Note(id=1, type=0, title='Humans are fish', description=[], date='1757256208211', location=null, lat=null, lng=null, isDeleted=false, deletionTimestamp=null, isReminder=false, noteStyle=, isLocationReminderOn=false)
09-07 15:08:30.986 E/DDD     (25936): onCreate:notedescription>>>> []
09-07 15:08:30.992 E/DDD     (25936): onCreate:11 === 
09-07 15:08:30.992 E/DDD     (25936): onCreate:22 === []
09-07 15:08:30.992 E/DDD     (25936): onCreate:3  combinedDescription === 
09-07 15:08:31.006 E/LocationSDK(25936): Activity Started: ui.CreateNoteActivity
09-07 15:08:31.008 E/LocationSDK(25936): LocationSDK >>> START_HANDLER
09-07 15:08:31.018 E/android.hardware.audio@7.1-impl.ranchu(  488): pcmRead:222 failure: -1
09-07 15:08:31.122 E/android.hardware.audio@7.1-impl.ranchu(  488): pcmRead:222 failure: -1
09-07 15:08:31.226 E/android.hardware.audio@7.1-impl.ranchu(  488): pcmRead:222 failure: -1
09-07 15:08:31.330 E/android.hardware.audio@7.1-impl.ranchu(  488): pcmRead:222 failure: -1
09-07 15:08:31.395 E/LocationSDK(25936): LocationSDK >>> START_HANDLER >>> RUN >>> IS_CALL_INSTANT >>> true
09-07 15:08:31.396 E/LocationSDK(25936): LocationSDK >>> START_HANDLER >>> RUN
09-07 15:08:31.399 E/LocationSDK(25936): LocationSDK >>> START_HANDLER >>> NO >>> NETWORK >>> LOCATION_PERMISSION >>> NOT_GRANTED
09-07 15:08:31.435 E/android.hardware.audio@7.1-impl.ranchu(  488): pcmRead:222 failure: -1
09-07 15:08:31.538 E/android.hardware.audio@7.1-impl.ranchu(  488): pcmRead:222 failure: -1
09-07 15:08:31.603 E/ImeVisibilityStateComputer(  695): SOFT_INPUT_STATE_VISIBLE is ignored because there is no focused view that also returns true from View#onCheckIsTextEditor()
09-07 15:08:31.642 E/android.hardware.audio@7.1-impl.ranchu(  488): pcmRead:222 failure: -1
09-07 15:08:31.745 E/android.hardware.audio@7.1-impl.ranchu(  488): pcmRead:222 failure: -1
09-07 15:08:31.850 E/android.hardware.audio@7.1-impl.ranchu(  488): pcmRead:222 failure: -1
09-07 15:08:31.954 E/android.hardware.audio@7.1-impl.ranchu(  488): pcmRead:222 failure: -1
09-07 15:08:32.058 E/android.hardware.audio@7.1-impl.ranchu(  488): pcmRead:222 failure: -1
09-07 15:08:32.162 E/android.hardware.audio@7.1-impl.ranchu(  488): pcmRead:222 failure: -1
09-07 15:08:32.266 E/android.hardware.audio@7.1-impl.ranchu(  488): pcmRead:222 failure: -1
09-07 15:08:32.370 E/android.hardware.audio@7.1-impl.ranchu(  488): pcmRead:222 failure: -1
09-07 15:08:32.477 E/android.hardware.audio@7.1-impl.ranchu(  488): pcmRead:222 failure: -1
09-07 15:08:32.582 E/android.hardware.audio@7.1-impl.ranchu(  488): pcmRead:222 failure: -1
09-07 15:08:32.686 E/android.hardware.audio@7.1-impl.ranchu(  488): pcmRead:222 failure: -1
09-07 15:08:32.790 E/android.hardware.audio@7.1-impl.ranchu(  488): pcmRead:222 failure: -1
09-07 15:08:32.893 E/android.hardware.audio@7.1-impl.ranchu(  488): pcmRead:222 failure: -1
09-07 15:08:32.997 E/android.hardware.audio@7.1-impl.ranchu(  488): pcmRead:222 failure: -1
09-07 15:08:33.102 E/android.hardware.audio@7.1-impl.ranchu(  488): pcmRead:222 failure: -1
09-07 15:08:33.206 E/android.hardware.audio@7.1-impl.ranchu(  488): pcmRead:222 failure: -1
09-07 15:08:33.265 E/android.hardware.audio@7.1-impl.ranchu(  488): updateSinkMetadata:387 failure: Result::NOT_SUPPORTED
09-07 15:08:33.311 E/android.hardware.audio@7.1-impl.ranchu(  488): pcmRead:222 failure: -1
09-07 15:08:33.394 E/AppOps  (  695): attributionTag  not declared in manifest of com.google.android.tts
09-07 15:08:33.395 E/AppOps  (  695): attributionTag  not declared in manifest of com.google.android.tts
09-07 15:08:33.668 E/TaskPersister(  695): File error accessing recents directory (directory doesn't exist?).
09-07 15:08:33.790 E/AppOps  (  695): attributionTag  not declared in manifest of com.google.android.tts
09-07 15:08:33.791 E/AppOps  (  695): attributionTag  not declared in manifest of com.google.android.tts
09-07 15:08:33.801 E/YouTube (25008): AudioFocus loss; Will pause
09-07 15:08:33.815 E/VoiceSearchConfigUtils(22841): Unrecognized recognizer for [ja-JP, 3053]: 23. Ignoring it and its associated features.
09-07 15:08:33.816 E/VoiceSearchConfigUtils(22841): Unrecognized recognizer for [ja-JP, 3053]: 22. Ignoring it and its associated features.
09-07 15:08:33.816 E/VoiceSearchConfigUtils(22841): Unrecognized recognizer for [ja-JP, 3053]: 23. Ignoring it and its associated features.
09-07 15:08:33.816 E/VoiceSearchConfigUtils(22841): Unrecognized recognizer for [ja-JP, 3053]: 22. Ignoring it and its associated features.
09-07 15:08:33.816 E/VoiceSearchConfigUtils(22841): Unrecognized recognizer for [ja-JP, 3053]: 23. Ignoring it and its associated features.
09-07 15:08:33.816 E/VoiceSearchConfigUtils(22841): Unrecognized recognizer for [ja-JP, 3053]: 22. Ignoring it and its associated features.
09-07 15:08:33.816 E/VoiceSearchConfigUtils(22841): Unrecognized recognizer for [ja-JP, 3053]: 22. Ignoring it and its associated features.
09-07 15:08:33.817 E/VoiceSearchConfigUtils(22841): Unrecognized recognizer for [ja-JP, 3053]: 22. Ignoring it and its associated features.
09-07 15:08:33.817 E/VoiceSearchConfigUtils(22841): Unrecognized recognizer for [ja-JP, 3054]: 23. Ignoring it and its associated features.
09-07 15:08:33.817 E/VoiceSearchConfigUtils(22841): Unrecognized recognizer for [ja-JP, 3054]: 22. Ignoring it and its associated features.
09-07 15:08:33.817 E/VoiceSearchConfigUtils(22841): Unrecognized recognizer for [ja-JP, 3054]: 23. Ignoring it and its associated features.
09-07 15:08:33.817 E/VoiceSearchConfigUtils(22841): Unrecognized recognizer for [ja-JP, 3054]: 22. Ignoring it and its associated features.
09-07 15:08:33.817 E/VoiceSearchConfigUtils(22841): Unrecognized recognizer for [ja-JP, 3054]: 23. Ignoring it and its associated features.
09-07 15:08:33.817 E/VoiceSearchConfigUtils(22841): Unrecognized recognizer for [ja-JP, 3054]: 22. Ignoring it and its associated features.
09-07 15:08:33.817 E/VoiceSearchConfigUtils(22841): Unrecognized recognizer for [ja-JP, 3054]: 22. Ignoring it and its associated features.
09-07 15:08:33.817 E/VoiceSearchConfigUtils(22841): Unrecognized recognizer for [ja-JP, 3054]: 22. Ignoring it and its associated features.
09-07 15:08:33.822 E/VoiceSearchConfigUtils(22841): Unrecognized recognizer for [ja-JP, 3056]: 23. Ignoring it and its associated features.
09-07 15:08:33.823 E/VoiceSearchConfigUtils(22841): Unrecognized recognizer for [ja-JP, 3056]: 22. Ignoring it and its associated features.
09-07 15:08:33.823 E/VoiceSearchConfigUtils(22841): Unrecognized recognizer for [ja-JP, 3056]: 23. Ignoring it and its associated features.
09-07 15:08:33.823 E/VoiceSearchConfigUtils(22841): Unrecognized recognizer for [ja-JP, 3056]: 22. Ignoring it and its associated features.
09-07 15:08:33.823 E/VoiceSearchConfigUtils(22841): Unrecognized recognizer for [ja-JP, 3056]: 23. Ignoring it and its associated features.
09-07 15:08:33.823 E/VoiceSearchConfigUtils(22841): Unrecognized recognizer for [ja-JP, 3056]: 22. Ignoring it and its associated features.
09-07 15:08:33.823 E/VoiceSearchConfigUtils(22841): Unrecognized recognizer for [ja-JP, 3056]: 22. Ignoring it and its associated features.
09-07 15:08:33.823 E/VoiceSearchConfigUtils(22841): Unrecognized recognizer for [ja-JP, 3056]: 22. Ignoring it and its associated features.
09-07 15:08:33.837 E/VoiceSearchConfigUtils(22841): Unrecognized recognizer for [ja-JP, 3053]: 23. Ignoring it and its associated features.
09-07 15:08:33.837 E/VoiceSearchConfigUtils(22841): Unrecognized recognizer for [ja-JP, 3053]: 22. Ignoring it and its associated features.
09-07 15:08:33.837 E/VoiceSearchConfigUtils(22841): Unrecognized recognizer for [ja-JP, 3053]: 23. Ignoring it and its associated features.
09-07 15:08:33.837 E/VoiceSearchConfigUtils(22841): Unrecognized recognizer for [ja-JP, 3053]: 22. Ignoring it and its associated features.
09-07 15:08:33.837 E/VoiceSearchConfigUtils(22841): Unrecognized recognizer for [ja-JP, 3053]: 23. Ignoring it and its associated features.
09-07 15:08:33.837 E/VoiceSearchConfigUtils(22841): Unrecognized recognizer for [ja-JP, 3053]: 22. Ignoring it and its associated features.
09-07 15:08:33.837 E/VoiceSearchConfigUtils(22841): Unrecognized recognizer for [ja-JP, 3053]: 22. Ignoring it and its associated features.
09-07 15:08:33.837 E/VoiceSearchConfigUtils(22841): Unrecognized recognizer for [ja-JP, 3053]: 22. Ignoring it and its associated features.
09-07 15:08:33.838 E/VoiceSearchConfigUtils(22841): Unrecognized recognizer for [ja-JP, 3054]: 23. Ignoring it and its associated features.
09-07 15:08:33.838 E/VoiceSearchConfigUtils(22841): Unrecognized recognizer for [ja-JP, 3054]: 22. Ignoring it and its associated features.
09-07 15:08:33.838 E/VoiceSearchConfigUtils(22841): Unrecognized recognizer for [ja-JP, 3054]: 23. Ignoring it and its associated features.
09-07 15:08:33.838 E/VoiceSearchConfigUtils(22841): Unrecognized recognizer for [ja-JP, 3054]: 22. Ignoring it and its associated features.
09-07 15:08:33.838 E/VoiceSearchConfigUtils(22841): Unrecognized recognizer for [ja-JP, 3054]: 23. Ignoring it and its associated features.
09-07 15:08:33.838 E/VoiceSearchConfigUtils(22841): Unrecognized recognizer for [ja-JP, 3054]: 22. Ignoring it and its associated features.
09-07 15:08:33.838 E/VoiceSearchConfigUtils(22841): Unrecognized recognizer for [ja-JP, 3054]: 22. Ignoring it and its associated features.
09-07 15:08:33.838 E/VoiceSearchConfigUtils(22841): Unrecognized recognizer for [ja-JP, 3054]: 22. Ignoring it and its associated features.
09-07 15:08:33.839 E/VoiceSearchConfigUtils(22841): Unrecognized recognizer for [ja-JP, 3056]: 23. Ignoring it and its associated features.
09-07 15:08:33.839 E/VoiceSearchConfigUtils(22841): Unrecognized recognizer for [ja-JP, 3056]: 22. Ignoring it and its associated features.
09-07 15:08:33.839 E/VoiceSearchConfigUtils(22841): Unrecognized recognizer for [ja-JP, 3056]: 23. Ignoring it and its associated features.
09-07 15:08:33.839 E/VoiceSearchConfigUtils(22841): Unrecognized recognizer for [ja-JP, 3056]: 22. Ignoring it and its associated features.
09-07 15:08:33.840 E/VoiceSearchConfigUtils(22841): Unrecognized recognizer for [ja-JP, 3056]: 23. Ignoring it and its associated features.
09-07 15:08:33.840 E/VoiceSearchConfigUtils(22841): Unrecognized recognizer for [ja-JP, 3056]: 22. Ignoring it and its associated features.
09-07 15:08:33.840 E/VoiceSearchConfigUtils(22841): Unrecognized recognizer for [ja-JP, 3056]: 22. Ignoring it and its associated features.
09-07 15:08:33.840 E/VoiceSearchConfigUtils(22841): Unrecognized recognizer for [ja-JP, 3056]: 22. Ignoring it and its associated features.
09-07 15:08:33.849 E/android.hardware.audio@7.1-impl.ranchu(  488): updateSinkMetadata:387 failure: Result::NOT_SUPPORTED
09-07 15:08:34.225 E/AppOps  (  695): attributionTag  not declared in manifest of com.google.android.tts
09-07 15:08:34.227 E/AppOps  (  695): attributionTag  not declared in manifest of com.google.android.tts
09-07 15:08:34.482 E/AppOps  (  695): attributionTag  not declared in manifest of com.google.android.tts
09-07 15:08:34.483 E/AppOps  (  695): attributionTag  not declared in manifest of com.google.android.tts
09-07 15:08:35.352 E/PagedView( 1057): validateNewPage: failed to find a page > mMinScrollX
09-07 15:08:35.352 E/PagedView( 1057): validateNewPage: failed to find a page > mMinScrollX
09-07 15:08:35.846 E/android.hardware.audio@7.1-impl.ranchu(  488): pcmRead:222 failure: -1
09-07 15:08:35.846 E/android.hardware.audio@7.1-impl.ranchu(  488): pcmWrite:260 failure: -1
09-07 15:08:35.879 E/android.hardware.audio@7.1-impl.ranchu(  488): updateSinkMetadata:387 failure: Result::NOT_SUPPORTED
09-07 15:08:35.953 E/android.hardware.audio@7.1-impl.ranchu(  488): pcmRead:222 failure: -1
09-07 15:08:36.038 E/android.hardware.audio@7.1-impl.ranchu(  488): pcmWrite:260 failure: -1
09-07 15:08:36.142 E/android.hardware.audio@7.1-impl.ranchu(  488): pcmWrite:260 failure: -1
09-07 15:08:36.169 E/AppOps  (  695): attributionTag  not declared in manifest of com.google.android.tts
09-07 15:08:36.169 E/AppOps  (  695): attributionTag  not declared in manifest of com.google.android.tts
09-07 15:08:36.251 E/android.hardware.audio@7.1-impl.ranchu(  488): pcmWrite:260 failure: -1
09-07 15:08:36.355 E/android.hardware.audio@7.1-impl.ranchu(  488): pcmWrite:260 failure: -1
09-07 15:08:36.458 E/android.hardware.audio@7.1-impl.ranchu(  488): pcmWrite:260 failure: -1
09-07 15:08:36.562 E/android.hardware.audio@7.1-impl.ranchu(  488): pcmWrite:260 failure: -1
09-07 15:08:36.598 E/AppOps  (  695): attributionTag  not declared in manifest of com.google.android.tts
09-07 15:08:36.599 E/AppOps  (  695): attributionTag  not declared in manifest of com.google.android.tts
09-07 15:08:36.667 E/VoiceSearchConfigUtils(22841): Unrecognized recognizer for [ja-JP, 3053]: 23. Ignoring it and its associated features.
09-07 15:08:36.667 E/VoiceSearchConfigUtils(22841): Unrecognized recognizer for [ja-JP, 3053]: 22. Ignoring it and its associated features.
09-07 15:08:36.667 E/VoiceSearchConfigUtils(22841): Unrecognized recognizer for [ja-JP, 3053]: 23. Ignoring it and its associated features.
09-07 15:08:36.667 E/VoiceSearchConfigUtils(22841): Unrecognized recognizer for [ja-JP, 3053]: 22. Ignoring it and its associated features.
09-07 15:08:36.667 E/VoiceSearchConfigUtils(22841): Unrecognized recognizer for [ja-JP, 3053]: 23. Ignoring it and its associated features.
09-07 15:08:36.667 E/VoiceSearchConfigUtils(22841): Unrecognized recognizer for [ja-JP, 3053]: 22. Ignoring it and its associated features.
09-07 15:08:36.667 E/VoiceSearchConfigUtils(22841): Unrecognized recognizer for [ja-JP, 3053]: 22. Ignoring it and its associated features.
09-07 15:08:36.667 E/VoiceSearchConfigUtils(22841): Unrecognized recognizer for [ja-JP, 3053]: 22. Ignoring it and its associated features.
09-07 15:08:36.668 E/VoiceSearchConfigUtils(22841): Unrecognized recognizer for [ja-JP, 3054]: 23. Ignoring it and its associated features.
09-07 15:08:36.668 E/VoiceSearchConfigUtils(22841): Unrecognized recognizer for [ja-JP, 3054]: 22. Ignoring it and its associated features.
09-07 15:08:36.668 E/VoiceSearchConfigUtils(22841): Unrecognized recognizer for [ja-JP, 3054]: 23. Ignoring it and its associated features.
09-07 15:08:36.668 E/VoiceSearchConfigUtils(22841): Unrecognized recognizer for [ja-JP, 3054]: 22. Ignoring it and its associated features.
09-07 15:08:36.668 E/VoiceSearchConfigUtils(22841): Unrecognized recognizer for [ja-JP, 3054]: 23. Ignoring it and its associated features.
09-07 15:08:36.668 E/VoiceSearchConfigUtils(22841): Unrecognized recognizer for [ja-JP, 3054]: 22. Ignoring it and its associated features.
09-07 15:08:36.668 E/VoiceSearchConfigUtils(22841): Unrecognized recognizer for [ja-JP, 3054]: 22. Ignoring it and its associated features.
09-07 15:08:36.668 E/VoiceSearchConfigUtils(22841): Unrecognized recognizer for [ja-JP, 3054]: 22. Ignoring it and its associated features.
09-07 15:08:36.668 E/VoiceSearchConfigUtils(22841): Unrecognized recognizer for [ja-JP, 3056]: 23. Ignoring it and its associated features.
09-07 15:08:36.668 E/VoiceSearchConfigUtils(22841): Unrecognized recognizer for [ja-JP, 3056]: 22. Ignoring it and its associated features.
09-07 15:08:36.668 E/VoiceSearchConfigUtils(22841): Unrecognized recognizer for [ja-JP, 3056]: 23. Ignoring it and its associated features.
09-07 15:08:36.668 E/VoiceSearchConfigUtils(22841): Unrecognized recognizer for [ja-JP, 3056]: 22. Ignoring it and its associated features.
09-07 15:08:36.668 E/VoiceSearchConfigUtils(22841): Unrecognized recognizer for [ja-JP, 3056]: 23. Ignoring it and its associated features.
09-07 15:08:36.668 E/VoiceSearchConfigUtils(22841): Unrecognized recognizer for [ja-JP, 3056]: 22. Ignoring it and its associated features.
09-07 15:08:36.668 E/VoiceSearchConfigUtils(22841): Unrecognized recognizer for [ja-JP, 3056]: 22. Ignoring it and its associated features.
