--------- beginning of main
09-07 14:44:24.944 E/Parcel  (23971): Reading a NULL string not supported here.
09-07 14:44:24.978 E/IPCThreadState(23971): Binder transaction failure. id: 2894788, BR_*: 29201, error: -1 (Operation not permitted)
09-07 14:44:24.983 E/IPCThreadState(23971): Binder transaction failure. id: 2894792, BR_*: 29201, error: -1 (Operation not permitted)
09-07 14:44:24.987 E/IPCThreadState(23971): Binder transaction failure. id: 2894796, BR_*: 29201, error: -1 (Operation not permitted)
09-07 14:44:24.992 E/IPCThreadState(23971): Binder transaction failure. id: 2894800, BR_*: 29201, error: -1 (Operation not permitted)
09-07 14:44:24.997 E/IPCThreadState(23971): Binder transaction failure. id: 2894805, BR_*: 29201, error: -1 (Operation not permitted)
09-07 14:44:24.999 E/IPCThreadState(23971): Binder transaction failure. id: 2894809, BR_*: 29201, error: -1 (Operation not permitted)
09-07 14:44:24.999 E/IPCThreadState(23971): Binder transaction failure. id: 2894813, BR_*: 29201, error: -1 (Operation not permitted)
09-07 14:44:25.003 E/IPCThreadState(23971): Binder transaction failure. id: 2894822, BR_*: 29201, error: -1 (Operation not permitted)
09-07 14:44:25.008 E/IPCThreadState(23971): Binder transaction failure. id: 2894831, BR_*: 29201, error: -1 (Operation not permitted)
09-07 14:44:25.009 E/IPCThreadState(23971): Binder transaction failure. id: 2894836, BR_*: 29201, error: -1 (Operation not permitted)
09-07 14:44:25.012 E/IPCThreadState(23971): Binder transaction failure. id: 2894845, BR_*: 29201, error: -1 (Operation not permitted)
09-07 14:44:25.013 E/IPCThreadState(23971): Binder transaction failure. id: 2894849, BR_*: 29201, error: -1 (Operation not permitted)
09-07 14:44:25.014 E/IPCThreadState(23971): Binder transaction failure. id: 2894853, BR_*: 29201, error: -1 (Operation not permitted)
09-07 14:44:25.016 E/IPCThreadState(23971): Binder transaction failure. id: 2894857, BR_*: 29201, error: -1 (Operation not permitted)
09-07 14:44:25.024 E/IPCThreadState(23971): Binder transaction failure. id: 2894881, BR_*: 29201, error: -1 (Operation not permitted)
09-07 14:44:25.024 E/IPCThreadState(23971): Binder transaction failure. id: 2894885, BR_*: 29201, error: -1 (Operation not permitted)
09-07 14:44:25.026 E/IPCThreadState(23971): Binder transaction failure. id: 2894890, BR_*: 29201, error: -1 (Operation not permitted)
09-07 14:44:25.027 E/IPCThreadState(23971): Binder transaction failure. id: 2894894, BR_*: 29201, error: -1 (Operation not permitted)
09-07 14:44:25.028 E/IPCThreadState(23971): Binder transaction failure. id: 2894898, BR_*: 29201, error: -1 (Operation not permitted)
09-07 14:44:25.028 E/IPCThreadState(23971): Binder transaction failure. id: 2894902, BR_*: 29201, error: -1 (Operation not permitted)
09-07 14:44:25.030 E/IPCThreadState(23971): Binder transaction failure. id: 2894906, BR_*: 29201, error: -1 (Operation not permitted)
09-07 14:44:25.032 E/IPCThreadState(23971): Binder transaction failure. id: 2894910, BR_*: 29201, error: -1 (Operation not permitted)
09-07 14:44:25.032 E/IPCThreadState(23971): Binder transaction failure. id: 2894914, BR_*: 29201, error: -1 (Operation not permitted)
09-07 14:44:25.032 E/IPCThreadState(23971): Binder transaction failure. id: 2894918, BR_*: 29201, error: -1 (Operation not permitted)
09-07 14:44:25.032 E/IPCThreadState(23971): Binder transaction failure. id: 2894922, BR_*: 29201, error: -1 (Operation not permitted)
09-07 14:44:25.032 E/IPCThreadState(23971): Binder transaction failure. id: 2894926, BR_*: 29201, error: -1 (Operation not permitted)
09-07 14:44:25.032 E/IPCThreadState(23971): Binder transaction failure. id: 2894930, BR_*: 29201, error: -1 (Operation not permitted)
09-07 14:44:25.044 E/IPCThreadState(23971): Binder transaction failure. id: 2894946, BR_*: 29201, error: -1 (Operation not permitted)
09-07 14:44:25.045 E/IPCThreadState(23971): Binder transaction failure. id: 2894950, BR_*: 29201, error: -1 (Operation not permitted)
09-07 14:44:25.047 E/IPCThreadState(23971): Binder transaction failure. id: 2894954, BR_*: 29201, error: -1 (Operation not permitted)
09-07 14:44:25.047 E/IPCThreadState(23971): Binder transaction failure. id: 2894958, BR_*: 29201, error: -1 (Operation not permitted)
09-07 14:44:25.048 E/IPCThreadState(23971): Binder transaction failure. id: 2894962, BR_*: 29201, error: -1 (Operation not permitted)
09-07 14:44:25.050 E/IPCThreadState(23971): Binder transaction failure. id: 2894966, BR_*: 29201, error: -1 (Operation not permitted)
09-07 14:44:25.051 E/IPCThreadState(23971): Binder transaction failure. id: 2894970, BR_*: 29201, error: -1 (Operation not permitted)
09-07 14:44:25.052 E/IPCThreadState(23971): Binder transaction failure. id: 2894974, BR_*: 29201, error: -1 (Operation not permitted)
09-07 14:44:25.053 E/IPCThreadState(23971): Binder transaction failure. id: 2894978, BR_*: 29201, error: -1 (Operation not permitted)
09-07 14:44:25.056 E/IPCThreadState(23971): Binder transaction failure. id: 2894982, BR_*: 29201, error: -1 (Operation not permitted)
09-07 14:44:25.083 E/IPCThreadState(23971): Binder transaction failure. id: 2895030, BR_*: 29201, error: -1 (Operation not permitted)
09-07 14:44:25.084 E/IPCThreadState(23971): Binder transaction failure. id: 2895034, BR_*: 29201, error: -1 (Operation not permitted)
09-07 14:44:25.090 E/IPCThreadState(23971): Binder transaction failure. id: 2895043, BR_*: 29201, error: -1 (Operation not permitted)
09-07 14:44:25.091 E/Parcel  (23971): Reading a NULL string not supported here.
09-07 14:44:25.130 E/Parcel  (23971): Reading a NULL string not supported here.
09-07 14:44:25.137 E/Parcel  (23971): Reading a NULL string not supported here.
09-07 14:44:25.151 E/Parcel  (23971): Reading a NULL string not supported here.
09-07 14:44:25.182 E/Parcel  (23971): Reading a NULL string not supported here.
09-07 14:44:25.188 E/Parcel  (23971): Reading a NULL string not supported here.
09-07 14:44:25.190 E/Parcel  (23971): Reading a NULL string not supported here.
09-07 14:44:25.202 E/Parcel  (23971): Reading a NULL string not supported here.
09-07 14:44:25.205 E/Parcel  (23971): Reading a NULL string not supported here.
09-07 14:44:25.227 E/Parcel  (23971): Reading a NULL string not supported here.
09-07 14:44:25.240 E/Parcel  (23971): Reading a NULL string not supported here.
09-07 14:44:25.293 E/Parcel  (23971): Reading a NULL string not supported here.
09-07 14:44:25.297 E/Parcel  (23971): Reading a NULL string not supported here.
09-07 14:44:25.337 E/Parcel  (23971): Reading a NULL string not supported here.
09-07 14:44:25.358 E/Parcel  (23971): Reading a NULL string not supported here.
09-07 14:44:25.376 E/IPCThreadState(23971): Binder transaction failure. id: 2895701, BR_*: 29201, error: -1 (Operation not permitted)
09-07 14:44:25.435 E/Parcel  (23971): Reading a NULL string not supported here.
09-07 14:44:25.459 E/Parcel  (23971): Reading a NULL string not supported here.
09-07 14:44:25.487 E/Parcel  (23971): Reading a NULL string not supported here.
09-07 14:44:25.498 E/Parcel  (23971): Reading a NULL string not supported here.
09-07 14:44:25.539 E/IPCThreadState(23971): Binder transaction failure. id: 2896205, BR_*: 29201, error: -1 (Operation not permitted)
09-07 14:44:25.584 E/Parcel  (23973): Reading a NULL string not supported here.
09-07 14:44:25.622 E/IPCThreadState(23973): Binder transaction failure. id: 2896324, BR_*: 29201, error: -1 (Operation not permitted)
09-07 14:44:25.623 E/IPCThreadState(23973): Binder transaction failure. id: 2896328, BR_*: 29201, error: -1 (Operation not permitted)
09-07 14:44:25.625 E/IPCThreadState(23973): Binder transaction failure. id: 2896332, BR_*: 29201, error: -1 (Operation not permitted)
09-07 14:44:25.627 E/IPCThreadState(23973): Binder transaction failure. id: 2896337, BR_*: 29201, error: -1 (Operation not permitted)
09-07 14:44:25.627 E/IPCThreadState(23973): Binder transaction failure. id: 2896341, BR_*: 29201, error: -1 (Operation not permitted)
09-07 14:44:25.629 E/IPCThreadState(23973): Binder transaction failure. id: 2896345, BR_*: 29201, error: -1 (Operation not permitted)
09-07 14:44:25.630 E/IPCThreadState(23973): Binder transaction failure. id: 2896349, BR_*: 29201, error: -1 (Operation not permitted)
09-07 14:44:25.633 E/IPCThreadState(23973): Binder transaction failure. id: 2896358, BR_*: 29201, error: -1 (Operation not permitted)
09-07 14:44:25.636 E/IPCThreadState(23973): Binder transaction failure. id: 2896367, BR_*: 29201, error: -1 (Operation not permitted)
09-07 14:44:25.637 E/IPCThreadState(23973): Binder transaction failure. id: 2896371, BR_*: 29201, error: -1 (Operation not permitted)
09-07 14:44:25.639 E/IPCThreadState(23973): Binder transaction failure. id: 2896380, BR_*: 29201, error: -1 (Operation not permitted)
09-07 14:44:25.639 E/IPCThreadState(23973): Binder transaction failure. id: 2896384, BR_*: 29201, error: -1 (Operation not permitted)
09-07 14:44:25.640 E/IPCThreadState(23973): Binder transaction failure. id: 2896388, BR_*: 29201, error: -1 (Operation not permitted)
09-07 14:44:25.642 E/IPCThreadState(23973): Binder transaction failure. id: 2896393, BR_*: 29201, error: -1 (Operation not permitted)
09-07 14:44:25.649 E/IPCThreadState(23973): Binder transaction failure. id: 2896417, BR_*: 29201, error: -1 (Operation not permitted)
09-07 14:44:25.651 E/IPCThreadState(23973): Binder transaction failure. id: 2896421, BR_*: 29201, error: -1 (Operation not permitted)
09-07 14:44:25.651 E/IPCThreadState(23973): Binder transaction failure. id: 2896425, BR_*: 29201, error: -1 (Operation not permitted)
09-07 14:44:25.653 E/IPCThreadState(23973): Binder transaction failure. id: 2896429, BR_*: 29201, error: -1 (Operation not permitted)
09-07 14:44:25.654 E/IPCThreadState(23973): Binder transaction failure. id: 2896433, BR_*: 29201, error: -1 (Operation not permitted)
09-07 14:44:25.655 E/IPCThreadState(23973): Binder transaction failure. id: 2896437, BR_*: 29201, error: -1 (Operation not permitted)
09-07 14:44:25.656 E/IPCThreadState(23973): Binder transaction failure. id: 2896441, BR_*: 29201, error: -1 (Operation not permitted)
09-07 14:44:25.657 E/IPCThreadState(23973): Binder transaction failure. id: 2896445, BR_*: 29201, error: -1 (Operation not permitted)
09-07 14:44:25.659 E/IPCThreadState(23973): Binder transaction failure. id: 2896450, BR_*: 29201, error: -1 (Operation not permitted)
09-07 14:44:25.660 E/IPCThreadState(23973): Binder transaction failure. id: 2896454, BR_*: 29201, error: -1 (Operation not permitted)
09-07 14:44:25.662 E/IPCThreadState(23973): Binder transaction failure. id: 2896458, BR_*: 29201, error: -1 (Operation not permitted)
09-07 14:44:25.662 E/IPCThreadState(23973): Binder transaction failure. id: 2896462, BR_*: 29201, error: -1 (Operation not permitted)
09-07 14:44:25.663 E/IPCThreadState(23973): Binder transaction failure. id: 2896466, BR_*: 29201, error: -1 (Operation not permitted)
09-07 14:44:25.679 E/IPCThreadState(23973): Binder transaction failure. id: 2896482, BR_*: 29201, error: -1 (Operation not permitted)
09-07 14:44:25.680 E/IPCThreadState(23973): Binder transaction failure. id: 2896486, BR_*: 29201, error: -1 (Operation not permitted)
09-07 14:44:25.681 E/IPCThreadState(23973): Binder transaction failure. id: 2896490, BR_*: 29201, error: -1 (Operation not permitted)
09-07 14:44:25.683 E/IPCThreadState(23973): Binder transaction failure. id: 2896494, BR_*: 29201, error: -1 (Operation not permitted)
09-07 14:44:25.684 E/IPCThreadState(23973): Binder transaction failure. id: 2896498, BR_*: 29201, error: -1 (Operation not permitted)
09-07 14:44:25.686 E/IPCThreadState(23973): Binder transaction failure. id: 2896502, BR_*: 29201, error: -1 (Operation not permitted)
09-07 14:44:25.687 E/IPCThreadState(23973): Binder transaction failure. id: 2896506, BR_*: 29201, error: -1 (Operation not permitted)
09-07 14:44:25.688 E/IPCThreadState(23973): Binder transaction failure. id: 2896510, BR_*: 29201, error: -1 (Operation not permitted)
09-07 14:44:25.689 E/IPCThreadState(23973): Binder transaction failure. id: 2896514, BR_*: 29201, error: -1 (Operation not permitted)
09-07 14:44:25.691 E/IPCThreadState(23973): Binder transaction failure. id: 2896518, BR_*: 29201, error: -1 (Operation not permitted)
09-07 14:44:25.711 E/IPCThreadState(23973): Binder transaction failure. id: 2896566, BR_*: 29201, error: -1 (Operation not permitted)
09-07 14:44:25.711 E/IPCThreadState(23973): Binder transaction failure. id: 2896570, BR_*: 29201, error: -1 (Operation not permitted)
09-07 14:44:25.713 E/IPCThreadState(23973): Binder transaction failure. id: 2896579, BR_*: 29201, error: -1 (Operation not permitted)
09-07 14:44:25.713 E/Parcel  (23973): Reading a NULL string not supported here.
09-07 14:44:25.714 E/Parcel  (23973): Reading a NULL string not supported here.
09-07 14:44:25.715 E/Parcel  (23973): Reading a NULL string not supported here.
09-07 14:44:25.715 E/Parcel  (23973): Reading a NULL string not supported here.
09-07 14:44:25.716 E/Parcel  (23973): Reading a NULL string not supported here.
09-07 14:44:25.716 E/Parcel  (23973): Reading a NULL string not supported here.
09-07 14:44:25.716 E/Parcel  (23973): Reading a NULL string not supported here.
09-07 14:44:25.717 E/Parcel  (23973): Reading a NULL string not supported here.
09-07 14:44:25.717 E/Parcel  (23973): Reading a NULL string not supported here.
09-07 14:44:25.720 E/Parcel  (23973): Reading a NULL string not supported here.
09-07 14:44:25.720 E/Parcel  (23973): Reading a NULL string not supported here.
09-07 14:44:25.745 E/Parcel  (23973): Reading a NULL string not supported here.
09-07 14:44:25.751 E/Parcel  (23973): Reading a NULL string not supported here.
09-07 14:44:25.787 E/Parcel  (23973): Reading a NULL string not supported here.
09-07 14:44:25.816 E/Parcel  (23973): Reading a NULL string not supported here.
09-07 14:44:25.825 E/IPCThreadState(23973): Binder transaction failure. id: 2897226, BR_*: 29201, error: -1 (Operation not permitted)
09-07 14:44:25.885 E/Parcel  (23973): Reading a NULL string not supported here.
09-07 14:44:25.912 E/Parcel  (23973): Reading a NULL string not supported here.
09-07 14:44:25.953 E/Parcel  (23973): Reading a NULL string not supported here.
09-07 14:44:25.963 E/Parcel  (23973): Reading a NULL string not supported here.
09-07 14:44:26.029 E/IPCThreadState(23973): Binder transaction failure. id: 2897733, BR_*: 29201, error: -1 (Operation not permitted)
09-07 14:44:28.240 E/SystemServiceRegistry(  695): No service published for: persistent_data_block
09-07 14:44:28.240 E/SystemServiceRegistry(  695): android.os.ServiceManager$ServiceNotFoundException: No service published for: persistent_data_block
09-07 14:44:28.240 E/SystemServiceRegistry(  695): 	at android.os.ServiceManager.getServiceOrThrow(ServiceManager.java:203)
09-07 14:44:28.240 E/SystemServiceRegistry(  695): 	at android.app.SystemServiceRegistry$82.createService(SystemServiceRegistry.java:1110)
09-07 14:44:28.240 E/SystemServiceRegistry(  695): 	at android.app.SystemServiceRegistry$82.createService(SystemServiceRegistry.java:1107)
09-07 14:44:28.240 E/SystemServiceRegistry(  695): 	at android.app.SystemServiceRegistry$StaticServiceFetcher.getService(SystemServiceRegistry.java:2405)
09-07 14:44:28.240 E/SystemServiceRegistry(  695): 	at android.app.SystemServiceRegistry.getSystemService(SystemServiceRegistry.java:1918)
09-07 14:44:28.240 E/SystemServiceRegistry(  695): 	at android.app.ContextImpl.getSystemService(ContextImpl.java:2315)
09-07 14:44:28.240 E/SystemServiceRegistry(  695): 	at android.content.Context.getSystemService(Context.java:4630)
09-07 14:44:28.240 E/SystemServiceRegistry(  695): 	at com.android.server.pm.PackageInstallerSession.markAsSealed(PackageInstallerSession.java:2449)
09-07 14:44:28.240 E/SystemServiceRegistry(  695): 	at com.android.server.pm.PackageInstallerSession.commit(PackageInstallerSession.java:2198)
09-07 14:44:28.240 E/SystemServiceRegistry(  695): 	at android.content.pm.PackageInstaller$Session.commit(PackageInstaller.java:1988)
09-07 14:44:28.240 E/SystemServiceRegistry(  695): 	at com.android.server.pm.PackageManagerShellCommand.doCommitSession(PackageManagerShellCommand.java:4316)
09-07 14:44:28.240 E/SystemServiceRegistry(  695): 	at com.android.server.pm.PackageManagerShellCommand.doRunInstall(PackageManagerShellCommand.java:1641)
09-07 14:44:28.240 E/SystemServiceRegistry(  695): 	at com.android.server.pm.PackageManagerShellCommand.runInstall(PackageManagerShellCommand.java:1562)
09-07 14:44:28.240 E/SystemServiceRegistry(  695): 	at com.android.server.pm.PackageManagerShellCommand.onCommand(PackageManagerShellCommand.java:246)
09-07 14:44:28.240 E/SystemServiceRegistry(  695): 	at com.android.modules.utils.BasicShellCommandHandler.exec(BasicShellCommandHandler.java:97)
09-07 14:44:28.240 E/SystemServiceRegistry(  695): 	at android.os.ShellCommand.exec(ShellCommand.java:38)
09-07 14:44:28.240 E/SystemServiceRegistry(  695): 	at com.android.server.pm.PackageManagerService$IPackageManagerImpl.onShellCommand(PackageManagerService.java:6684)
09-07 14:44:28.240 E/SystemServiceRegistry(  695): 	at android.os.Binder.shellCommand(Binder.java:1151)
09-07 14:44:28.240 E/SystemServiceRegistry(  695): 	at android.os.Binder.onTransact(Binder.java:953)
09-07 14:44:28.240 E/SystemServiceRegistry(  695): 	at android.content.pm.IPackageManager$Stub.onTransact(IPackageManager.java:4729)
09-07 14:44:28.240 E/SystemServiceRegistry(  695): 	at com.android.server.pm.PackageManagerService$IPackageManagerImpl.onTransact(PackageManagerService.java:6668)
09-07 14:44:28.240 E/SystemServiceRegistry(  695): 	at android.os.Binder.execTransactInternal(Binder.java:1426)
09-07 14:44:28.240 E/SystemServiceRegistry(  695): 	at android.os.Binder.execTransact(Binder.java:1365)
--------- beginning of system
09-07 14:44:28.240 E/SystemServiceRegistry(  695): Manager wrapper not available: persistent_data_block
09-07 14:44:28.731 E/AppOps  (  695): attributionTag VCN not declared in manifest of android
09-07 14:44:28.736 E/SmsApplication( 1046): com.google.android.apps.messaging lost android:read_cell_broadcasts:  (fixing)
09-07 14:44:28.832 E/SmsApplication( 1046): com.google.android.apps.messaging lost android:read_cell_broadcasts:  (fixing)
09-07 14:44:28.888 E/SmsApplication( 1046): com.google.android.apps.messaging lost android:read_cell_broadcasts:  (fixing)
09-07 14:44:28.906 E/AtomicFile(  695): Failed to rename /data/system/install_sessions.xml.new to /data/system/install_sessions.xml
09-07 14:44:29.064 E/ssioncontroller( 1494): Failed to open APK '/data/app/~~6UgLXZ1P2l5SRxAnGNb0TQ==/com.checkmate.app.debug-1BCVSjcWD_GVsQkuUU4KQA==/base.apk': I/O error
09-07 14:44:29.071 E/ssioncontroller( 1494): Failed to open APK '/data/app/~~6UgLXZ1P2l5SRxAnGNb0TQ==/com.checkmate.app.debug-1BCVSjcWD_GVsQkuUU4KQA==/base.apk': I/O error
09-07 14:44:29.072 E/ResourcesManager( 1494): failed to add asset path '/data/app/~~6UgLXZ1P2l5SRxAnGNb0TQ==/com.checkmate.app.debug-1BCVSjcWD_GVsQkuUU4KQA==/base.apk'
09-07 14:44:29.072 E/ResourcesManager( 1494): java.io.IOException: Failed to load asset path /data/app/~~6UgLXZ1P2l5SRxAnGNb0TQ==/com.checkmate.app.debug-1BCVSjcWD_GVsQkuUU4KQA==/base.apk
09-07 14:44:29.072 E/ResourcesManager( 1494): 	at android.content.res.ApkAssets.nativeLoad(Native Method)
09-07 14:44:29.072 E/ResourcesManager( 1494): 	at android.content.res.ApkAssets.<init>(ApkAssets.java:322)
09-07 14:44:29.072 E/ResourcesManager( 1494): 	at android.content.res.ApkAssets.loadFromPath(ApkAssets.java:171)
09-07 14:44:29.072 E/ResourcesManager( 1494): 	at android.app.ResourcesManager.loadApkAssets(ResourcesManager.java:618)
09-07 14:44:29.072 E/ResourcesManager( 1494): 	at android.app.ResourcesManager$ApkAssetsSupplier.load(ResourcesManager.java:287)
09-07 14:44:29.072 E/ResourcesManager( 1494): 	at android.app.ResourcesManager.createAssetManager(ResourcesManager.java:714)
09-07 14:44:29.072 E/ResourcesManager( 1494): 	at android.app.ResourcesManager.createResourcesImpl(ResourcesManager.java:801)
09-07 14:44:29.072 E/ResourcesManager( 1494): 	at android.app.ResourcesManager.findOrCreateResourcesImplForKeyLocked(ResourcesManager.java:854)
09-07 14:44:29.072 E/ResourcesManager( 1494): 	at android.app.ResourcesManager.createResources(ResourcesManager.java:1199)
09-07 14:44:29.072 E/ResourcesManager( 1494): 	at android.app.ResourcesManager.getResources(ResourcesManager.java:1301)
09-07 14:44:29.072 E/ResourcesManager( 1494): 	at android.app.ActivityThread.getTopLevelResources(ActivityThread.java:2979)
09-07 14:44:29.072 E/ResourcesManager( 1494): 	at android.app.ApplicationPackageManager.getResourcesForApplication(ApplicationPackageManager.java:2154)
09-07 14:44:29.072 E/ResourcesManager( 1494): 	at android.app.ApplicationPackageManager.getResourcesForApplication(ApplicationPackageManager.java:2140)
09-07 14:44:29.072 E/ResourcesManager( 1494): 	at android.app.ApplicationPackageManager.getText(ApplicationPackageManager.java:2481)
09-07 14:44:29.072 E/ResourcesManager( 1494): 	at android.content.pm.ComponentInfo.loadUnsafeLabel(ComponentInfo.java:140)
09-07 14:44:29.072 E/ResourcesManager( 1494): 	at android.content.pm.PackageItemInfo.loadSafeLabel(PackageItemInfo.java:273)
09-07 14:44:29.072 E/ResourcesManager( 1494): 	at android.content.pm.PackageItemInfo.loadLabel(PackageItemInfo.java:221)
09-07 14:44:29.072 E/ResourcesManager( 1494): 	at android.content.pm.ResolveInfo.loadLabel(ResolveInfo.java:258)
09-07 14:44:29.072 E/ResourcesManager( 1494): 	at com.android.permissioncontroller.privacysources.AccessibilitySourceService.createSafetySourceIssue(AccessibilitySourceService.kt:281)
09-07 14:44:29.072 E/ResourcesManager( 1494): 	at com.android.permissioncontroller.privacysources.AccessibilitySourceService.sendIssuesToSafetyCenter(AccessibilitySourceService.kt:437)
09-07 14:44:29.072 E/ResourcesManager( 1494): 	at com.android.permissioncontroller.privacysources.AccessibilitySourceService.sendIssuesToSafetyCenter(AccessibilitySourceService.kt:457)
09-07 14:44:29.072 E/ResourcesManager( 1494): 	at com.android.permissioncontroller.privacysources.AccessibilitySourceService.sendIssuesToSafetyCenter$default(AccessibilitySourceService.kt:449)
09-07 14:44:29.072 E/ResourcesManager( 1494): 	at com.android.permissioncontroller.privacysources.SafetyCenterAccessibilityListener$onAccessibilityServicesStateChanged$1.invokeSuspend(AccessibilitySourceService.kt:966)
09-07 14:44:29.072 E/ResourcesManager( 1494): 	at kotlin.coroutines.jvm.internal.BaseContinuationImpl.resumeWith(ContinuationImpl.kt:33)
09-07 14:44:29.072 E/ResourcesManager( 1494): 	at kotlinx.coroutines.DispatchedTask.run(DispatchedTask.kt:100)
09-07 14:44:29.072 E/ResourcesManager( 1494): 	at kotlinx.coroutines.scheduling.CoroutineScheduler.runSafely(CoroutineScheduler.kt:586)
09-07 14:44:29.072 E/ResourcesManager( 1494): 	at kotlinx.coroutines.scheduling.CoroutineScheduler$Worker.executeTask(CoroutineScheduler.kt:829)
09-07 14:44:29.072 E/ResourcesManager( 1494): 	at kotlinx.coroutines.scheduling.CoroutineScheduler$Worker.runWorker(CoroutineScheduler.kt:717)
09-07 14:44:29.072 E/ResourcesManager( 1494): 	at kotlinx.coroutines.scheduling.CoroutineScheduler$Worker.run(CoroutineScheduler.kt:704)
09-07 14:44:29.085 E/RoleControllerServiceImpl(  695): Default/fallback role holder package doesn't qualify for the role, package: com.google.android.gms.supervision, role: android.app.role.SYSTEM_SUPERVISION
09-07 14:44:29.189 E/RoleControllerServiceImpl(  695): Default/fallback role holder package doesn't qualify for the role, package: com.google.android.gms, role: android.app.role.WALLET
09-07 14:44:29.298 E/Finsky  (21875): [113] [Counters] attempted to use a non-positive increment for: 4752
09-07 14:44:29.302 E/Finsky  (21875): [108] [Counters] attempted to use a non-positive increment for: 4753
09-07 14:44:29.303 E/Finsky  (21875): [118] [Counters] attempted to use a non-positive increment for: 4752
09-07 14:44:29.309 E/Finsky  (21875): [108] [Counters] attempted to use a non-positive increment for: 4753
09-07 14:44:29.469 E/Finsky  (21875): [121] [Counters] attempted to use a non-positive increment for: 4752
09-07 14:44:29.488 E/Finsky  (21875): [113] [Counters] attempted to use a non-positive increment for: 4752
09-07 14:44:29.488 E/Finsky  (21875): [113] [Counters] attempted to use a non-positive increment for: 4753
09-07 14:44:29.488 E/Finsky  (21875): [113] [Counters] attempted to use a non-positive increment for: 4753
09-07 14:44:29.740 E/AppOps  (  695): attributionTag VCN not declared in manifest of android
09-07 14:44:30.222 E/lowmemorykiller(  237): process_mrelease 20351 failed: No such process
09-07 14:44:31.678 E/ashmem  (24025): Pinning is deprecated since Android Q. Please use trim or other methods.
09-07 14:44:32.706 E/TaskPersister(  695): File error accessing recents directory (directory doesn't exist?).
09-07 14:44:36.069 E/OneSignal(21876): Operation execution failed, retrying: [{"name":"track-session-end","appId":"f578e15d-90a7-4733-97d1-c49addfce797","onesignalId":"b8883afc-c7b5-468c-9961-3c3b4f797aea","sessionTime":29,"id":"7bb7384b-7b30-4ea4-ad93-76e5ac9df555"}]
09-07 14:44:36.069 E/OneSignal(21876): Operations being delay for: 15000 ms
09-07 14:44:41.228 W/System.err(24025): SLF4J: No SLF4J providers were found.
09-07 14:44:41.228 W/System.err(24025): SLF4J: Defaulting to no-operation (NOP) logger implementation
09-07 14:44:41.228 W/System.err(24025): SLF4J: See https://www.slf4j.org/codes.html#noProviders for further details.
09-07 14:44:41.655 E/VoiceSearchConfigUtils(22841): Unrecognized recognizer for [ja-JP, 3053]: 23. Ignoring it and its associated features.
09-07 14:44:41.655 E/VoiceSearchConfigUtils(22841): Unrecognized recognizer for [ja-JP, 3053]: 22. Ignoring it and its associated features.
09-07 14:44:41.655 E/VoiceSearchConfigUtils(22841): Unrecognized recognizer for [ja-JP, 3053]: 23. Ignoring it and its associated features.
09-07 14:44:41.655 E/VoiceSearchConfigUtils(22841): Unrecognized recognizer for [ja-JP, 3053]: 22. Ignoring it and its associated features.
09-07 14:44:41.655 E/VoiceSearchConfigUtils(22841): Unrecognized recognizer for [ja-JP, 3053]: 23. Ignoring it and its associated features.
09-07 14:44:41.655 E/VoiceSearchConfigUtils(22841): Unrecognized recognizer for [ja-JP, 3053]: 22. Ignoring it and its associated features.
09-07 14:44:41.655 E/VoiceSearchConfigUtils(22841): Unrecognized recognizer for [ja-JP, 3053]: 22. Ignoring it and its associated features.
09-07 14:44:41.655 E/VoiceSearchConfigUtils(22841): Unrecognized recognizer for [ja-JP, 3053]: 22. Ignoring it and its associated features.
09-07 14:44:41.655 E/VoiceSearchConfigUtils(22841): Unrecognized recognizer for [ja-JP, 3054]: 23. Ignoring it and its associated features.
09-07 14:44:41.656 E/VoiceSearchConfigUtils(22841): Unrecognized recognizer for [ja-JP, 3054]: 22. Ignoring it and its associated features.
09-07 14:44:41.656 E/VoiceSearchConfigUtils(22841): Unrecognized recognizer for [ja-JP, 3054]: 23. Ignoring it and its associated features.
09-07 14:44:41.656 E/VoiceSearchConfigUtils(22841): Unrecognized recognizer for [ja-JP, 3054]: 22. Ignoring it and its associated features.
09-07 14:44:41.656 E/VoiceSearchConfigUtils(22841): Unrecognized recognizer for [ja-JP, 3054]: 23. Ignoring it and its associated features.
09-07 14:44:41.656 E/VoiceSearchConfigUtils(22841): Unrecognized recognizer for [ja-JP, 3054]: 22. Ignoring it and its associated features.
09-07 14:44:41.656 E/VoiceSearchConfigUtils(22841): Unrecognized recognizer for [ja-JP, 3054]: 22. Ignoring it and its associated features.
09-07 14:44:41.656 E/VoiceSearchConfigUtils(22841): Unrecognized recognizer for [ja-JP, 3054]: 22. Ignoring it and its associated features.
09-07 14:44:41.661 E/VoiceSearchConfigUtils(22841): Unrecognized recognizer for [ja-JP, 3056]: 23. Ignoring it and its associated features.
09-07 14:44:41.661 E/VoiceSearchConfigUtils(22841): Unrecognized recognizer for [ja-JP, 3056]: 22. Ignoring it and its associated features.
09-07 14:44:41.661 E/VoiceSearchConfigUtils(22841): Unrecognized recognizer for [ja-JP, 3056]: 23. Ignoring it and its associated features.
09-07 14:44:41.661 E/VoiceSearchConfigUtils(22841): Unrecognized recognizer for [ja-JP, 3056]: 22. Ignoring it and its associated features.
09-07 14:44:41.661 E/VoiceSearchConfigUtils(22841): Unrecognized recognizer for [ja-JP, 3056]: 23. Ignoring it and its associated features.
09-07 14:44:41.661 E/VoiceSearchConfigUtils(22841): Unrecognized recognizer for [ja-JP, 3056]: 22. Ignoring it and its associated features.
09-07 14:44:41.661 E/VoiceSearchConfigUtils(22841): Unrecognized recognizer for [ja-JP, 3056]: 22. Ignoring it and its associated features.
09-07 14:44:41.661 E/VoiceSearchConfigUtils(22841): Unrecognized recognizer for [ja-JP, 3056]: 22. Ignoring it and its associated features.
09-07 14:44:41.684 E/VoiceSearchConfigUtils(22841): Unrecognized recognizer for [ja-JP, 3053]: 23. Ignoring it and its associated features.
09-07 14:44:41.684 E/VoiceSearchConfigUtils(22841): Unrecognized recognizer for [ja-JP, 3053]: 22. Ignoring it and its associated features.
09-07 14:44:41.684 E/VoiceSearchConfigUtils(22841): Unrecognized recognizer for [ja-JP, 3053]: 23. Ignoring it and its associated features.
09-07 14:44:41.684 E/VoiceSearchConfigUtils(22841): Unrecognized recognizer for [ja-JP, 3053]: 22. Ignoring it and its associated features.
09-07 14:44:41.684 E/VoiceSearchConfigUtils(22841): Unrecognized recognizer for [ja-JP, 3053]: 23. Ignoring it and its associated features.
09-07 14:44:41.684 E/VoiceSearchConfigUtils(22841): Unrecognized recognizer for [ja-JP, 3053]: 22. Ignoring it and its associated features.
09-07 14:44:41.684 E/VoiceSearchConfigUtils(22841): Unrecognized recognizer for [ja-JP, 3053]: 22. Ignoring it and its associated features.
09-07 14:44:41.684 E/VoiceSearchConfigUtils(22841): Unrecognized recognizer for [ja-JP, 3053]: 22. Ignoring it and its associated features.
09-07 14:44:41.690 E/VoiceSearchConfigUtils(22841): Unrecognized recognizer for [ja-JP, 3054]: 23. Ignoring it and its associated features.
09-07 14:44:41.690 E/VoiceSearchConfigUtils(22841): Unrecognized recognizer for [ja-JP, 3054]: 22. Ignoring it and its associated features.
09-07 14:44:41.690 E/VoiceSearchConfigUtils(22841): Unrecognized recognizer for [ja-JP, 3054]: 23. Ignoring it and its associated features.
09-07 14:44:41.690 E/VoiceSearchConfigUtils(22841): Unrecognized recognizer for [ja-JP, 3054]: 22. Ignoring it and its associated features.
09-07 14:44:41.690 E/VoiceSearchConfigUtils(22841): Unrecognized recognizer for [ja-JP, 3054]: 23. Ignoring it and its associated features.
09-07 14:44:41.690 E/VoiceSearchConfigUtils(22841): Unrecognized recognizer for [ja-JP, 3054]: 22. Ignoring it and its associated features.
09-07 14:44:41.690 E/VoiceSearchConfigUtils(22841): Unrecognized recognizer for [ja-JP, 3054]: 22. Ignoring it and its associated features.
09-07 14:44:41.690 E/VoiceSearchConfigUtils(22841): Unrecognized recognizer for [ja-JP, 3054]: 22. Ignoring it and its associated features.
09-07 14:44:41.691 E/VoiceSearchConfigUtils(22841): Unrecognized recognizer for [ja-JP, 3056]: 23. Ignoring it and its associated features.
09-07 14:44:41.692 E/VoiceSearchConfigUtils(22841): Unrecognized recognizer for [ja-JP, 3056]: 22. Ignoring it and its associated features.
09-07 14:44:41.693 E/VoiceSearchConfigUtils(22841): Unrecognized recognizer for [ja-JP, 3056]: 23. Ignoring it and its associated features.
09-07 14:44:41.694 E/VoiceSearchConfigUtils(22841): Unrecognized recognizer for [ja-JP, 3056]: 22. Ignoring it and its associated features.
09-07 14:44:41.694 E/VoiceSearchConfigUtils(22841): Unrecognized recognizer for [ja-JP, 3056]: 23. Ignoring it and its associated features.
09-07 14:44:41.694 E/VoiceSearchConfigUtils(22841): Unrecognized recognizer for [ja-JP, 3056]: 22. Ignoring it and its associated features.
09-07 14:44:41.694 E/VoiceSearchConfigUtils(22841): Unrecognized recognizer for [ja-JP, 3056]: 22. Ignoring it and its associated features.
09-07 14:44:41.694 E/VoiceSearchConfigUtils(22841): Unrecognized recognizer for [ja-JP, 3056]: 22. Ignoring it and its associated features.
09-07 14:44:41.742 E/android.hardware.audio@7.1-impl.ranchu(  488): updateSinkMetadata:387 failure: Result::NOT_SUPPORTED
09-07 14:44:42.113 E/AppOps  (  695): attributionTag  not declared in manifest of com.google.android.tts
09-07 14:44:42.113 E/AppOps  (  695): attributionTag  not declared in manifest of com.google.android.tts
09-07 14:44:42.508 E/AppOps  (  695): attributionTag  not declared in manifest of com.google.android.tts
09-07 14:44:42.510 E/AppOps  (  695): attributionTag  not declared in manifest of com.google.android.tts
09-07 14:44:43.776 E/android.hardware.audio@7.1-impl.ranchu(  488): updateSinkMetadata:387 failure: Result::NOT_SUPPORTED
09-07 14:44:43.918 E/AppOps  (  695): attributionTag  not declared in manifest of com.google.android.tts
09-07 14:44:43.920 E/AppOps  (  695): attributionTag  not declared in manifest of com.google.android.tts
09-07 14:44:44.393 E/AppOps  (  695): attributionTag  not declared in manifest of com.google.android.tts
09-07 14:44:44.393 E/AppOps  (  695): attributionTag  not declared in manifest of com.google.android.tts
09-07 14:44:44.511 E/android.hardware.audio@7.1-impl.ranchu(  488): updateSinkMetadata:387 failure: Result::NOT_SUPPORTED
09-07 14:44:44.524 E/VoiceSearchConfigUtils(22841): Unrecognized recognizer for [ja-JP, 3053]: 23. Ignoring it and its associated features.
09-07 14:44:44.524 E/VoiceSearchConfigUtils(22841): Unrecognized recognizer for [ja-JP, 3053]: 22. Ignoring it and its associated features.
09-07 14:44:44.524 E/VoiceSearchConfigUtils(22841): Unrecognized recognizer for [ja-JP, 3053]: 23. Ignoring it and its associated features.
09-07 14:44:44.524 E/VoiceSearchConfigUtils(22841): Unrecognized recognizer for [ja-JP, 3053]: 22. Ignoring it and its associated features.
09-07 14:44:44.524 E/VoiceSearchConfigUtils(22841): Unrecognized recognizer for [ja-JP, 3053]: 23. Ignoring it and its associated features.
09-07 14:44:44.524 E/VoiceSearchConfigUtils(22841): Unrecognized recognizer for [ja-JP, 3053]: 22. Ignoring it and its associated features.
09-07 14:44:44.524 E/VoiceSearchConfigUtils(22841): Unrecognized recognizer for [ja-JP, 3053]: 22. Ignoring it and its associated features.
09-07 14:44:44.524 E/VoiceSearchConfigUtils(22841): Unrecognized recognizer for [ja-JP, 3053]: 22. Ignoring it and its associated features.
09-07 14:44:44.526 E/VoiceSearchConfigUtils(22841): Unrecognized recognizer for [ja-JP, 3054]: 23. Ignoring it and its associated features.
09-07 14:44:44.526 E/VoiceSearchConfigUtils(22841): Unrecognized recognizer for [ja-JP, 3054]: 22. Ignoring it and its associated features.
09-07 14:44:44.526 E/VoiceSearchConfigUtils(22841): Unrecognized recognizer for [ja-JP, 3054]: 23. Ignoring it and its associated features.
09-07 14:44:44.526 E/VoiceSearchConfigUtils(22841): Unrecognized recognizer for [ja-JP, 3054]: 22. Ignoring it and its associated features.
09-07 14:44:44.526 E/VoiceSearchConfigUtils(22841): Unrecognized recognizer for [ja-JP, 3054]: 23. Ignoring it and its associated features.
09-07 14:44:44.526 E/VoiceSearchConfigUtils(22841): Unrecognized recognizer for [ja-JP, 3054]: 22. Ignoring it and its associated features.
09-07 14:44:44.526 E/VoiceSearchConfigUtils(22841): Unrecognized recognizer for [ja-JP, 3054]: 22. Ignoring it and its associated features.
09-07 14:44:44.526 E/VoiceSearchConfigUtils(22841): Unrecognized recognizer for [ja-JP, 3054]: 22. Ignoring it and its associated features.
09-07 14:44:44.527 E/VoiceSearchConfigUtils(22841): Unrecognized recognizer for [ja-JP, 3056]: 23. Ignoring it and its associated features.
09-07 14:44:44.527 E/VoiceSearchConfigUtils(22841): Unrecognized recognizer for [ja-JP, 3056]: 22. Ignoring it and its associated features.
09-07 14:44:44.527 E/VoiceSearchConfigUtils(22841): Unrecognized recognizer for [ja-JP, 3056]: 23. Ignoring it and its associated features.
09-07 14:44:44.527 E/VoiceSearchConfigUtils(22841): Unrecognized recognizer for [ja-JP, 3056]: 22. Ignoring it and its associated features.
09-07 14:44:44.527 E/VoiceSearchConfigUtils(22841): Unrecognized recognizer for [ja-JP, 3056]: 23. Ignoring it and its associated features.
09-07 14:44:44.527 E/VoiceSearchConfigUtils(22841): Unrecognized recognizer for [ja-JP, 3056]: 22. Ignoring it and its associated features.
09-07 14:44:44.527 E/VoiceSearchConfigUtils(22841): Unrecognized recognizer for [ja-JP, 3056]: 22. Ignoring it and its associated features.
09-07 14:44:44.527 E/VoiceSearchConfigUtils(22841): Unrecognized recognizer for [ja-JP, 3056]: 22. Ignoring it and its associated features.
09-07 14:44:44.533 E/VoiceSearchConfigUtils(22841): Unrecognized recognizer for [ja-JP, 3053]: 23. Ignoring it and its associated features.
09-07 14:44:44.533 E/VoiceSearchConfigUtils(22841): Unrecognized recognizer for [ja-JP, 3053]: 22. Ignoring it and its associated features.
09-07 14:44:44.533 E/VoiceSearchConfigUtils(22841): Unrecognized recognizer for [ja-JP, 3053]: 23. Ignoring it and its associated features.
09-07 14:44:44.533 E/VoiceSearchConfigUtils(22841): Unrecognized recognizer for [ja-JP, 3053]: 22. Ignoring it and its associated features.
09-07 14:44:44.533 E/VoiceSearchConfigUtils(22841): Unrecognized recognizer for [ja-JP, 3053]: 23. Ignoring it and its associated features.
09-07 14:44:44.533 E/VoiceSearchConfigUtils(22841): Unrecognized recognizer for [ja-JP, 3053]: 22. Ignoring it and its associated features.
09-07 14:44:44.533 E/VoiceSearchConfigUtils(22841): Unrecognized recognizer for [ja-JP, 3053]: 22. Ignoring it and its associated features.
09-07 14:44:44.533 E/VoiceSearchConfigUtils(22841): Unrecognized recognizer for [ja-JP, 3053]: 22. Ignoring it and its associated features.
09-07 14:44:44.535 E/VoiceSearchConfigUtils(22841): Unrecognized recognizer for [ja-JP, 3054]: 23. Ignoring it and its associated features.
09-07 14:44:44.535 E/VoiceSearchConfigUtils(22841): Unrecognized recognizer for [ja-JP, 3054]: 22. Ignoring it and its associated features.
09-07 14:44:44.535 E/VoiceSearchConfigUtils(22841): Unrecognized recognizer for [ja-JP, 3054]: 23. Ignoring it and its associated features.
09-07 14:44:44.535 E/VoiceSearchConfigUtils(22841): Unrecognized recognizer for [ja-JP, 3054]: 22. Ignoring it and its associated features.
09-07 14:44:44.535 E/VoiceSearchConfigUtils(22841): Unrecognized recognizer for [ja-JP, 3054]: 23. Ignoring it and its associated features.
09-07 14:44:44.535 E/VoiceSearchConfigUtils(22841): Unrecognized recognizer for [ja-JP, 3054]: 22. Ignoring it and its associated features.
09-07 14:44:44.535 E/VoiceSearchConfigUtils(22841): Unrecognized recognizer for [ja-JP, 3054]: 22. Ignoring it and its associated features.
09-07 14:44:44.535 E/VoiceSearchConfigUtils(22841): Unrecognized recognizer for [ja-JP, 3054]: 22. Ignoring it and its associated features.
09-07 14:44:44.538 E/VoiceSearchConfigUtils(22841): Unrecognized recognizer for [ja-JP, 3056]: 23. Ignoring it and its associated features.
09-07 14:44:44.538 E/VoiceSearchConfigUtils(22841): Unrecognized recognizer for [ja-JP, 3056]: 22. Ignoring it and its associated features.
09-07 14:44:44.538 E/VoiceSearchConfigUtils(22841): Unrecognized recognizer for [ja-JP, 3056]: 23. Ignoring it and its associated features.
09-07 14:44:44.538 E/VoiceSearchConfigUtils(22841): Unrecognized recognizer for [ja-JP, 3056]: 22. Ignoring it and its associated features.
09-07 14:44:44.538 E/VoiceSearchConfigUtils(22841): Unrecognized recognizer for [ja-JP, 3056]: 23. Ignoring it and its associated features.
09-07 14:44:44.538 E/VoiceSearchConfigUtils(22841): Unrecognized recognizer for [ja-JP, 3056]: 22. Ignoring it and its associated features.
09-07 14:44:44.538 E/VoiceSearchConfigUtils(22841): Unrecognized recognizer for [ja-JP, 3056]: 22. Ignoring it and its associated features.
09-07 14:44:44.538 E/VoiceSearchConfigUtils(22841): Unrecognized recognizer for [ja-JP, 3056]: 22. Ignoring it and its associated features.
09-07 14:44:44.871 E/AppOps  (  695): attributionTag  not declared in manifest of com.google.android.tts
09-07 14:44:44.874 E/AppOps  (  695): attributionTag  not declared in manifest of com.google.android.tts
09-07 14:44:45.073 E/AppOps  (  695): attributionTag  not declared in manifest of com.google.android.tts
09-07 14:44:45.073 E/AppOps  (  695): attributionTag  not declared in manifest of com.google.android.tts
09-07 14:44:45.187 E/PagedView( 1057): validateNewPage: failed to find a page > mMinScrollX
09-07 14:44:45.187 E/PagedView( 1057): validateNewPage: failed to find a page > mMinScrollX
09-07 14:44:46.106 E/android.hardware.audio@7.1-impl.ranchu(  488): pcmRead:222 failure: -1
09-07 14:44:46.210 E/android.hardware.audio@7.1-impl.ranchu(  488): pcmRead:222 failure: -1
09-07 14:44:46.314 E/android.hardware.audio@7.1-impl.ranchu(  488): pcmRead:222 failure: -1
09-07 14:44:46.422 E/android.hardware.audio@7.1-impl.ranchu(  488): pcmRead:222 failure: -1
09-07 14:44:46.532 E/android.hardware.audio@7.1-impl.ranchu(  488): pcmRead:222 failure: -1
09-07 14:44:46.634 E/android.hardware.audio@7.1-impl.ranchu(  488): pcmRead:222 failure: -1
09-07 14:44:46.737 E/android.hardware.audio@7.1-impl.ranchu(  488): pcmRead:222 failure: -1
09-07 14:44:46.842 E/android.hardware.audio@7.1-impl.ranchu(  488): pcmRead:222 failure: -1
09-07 14:44:46.950 E/android.hardware.audio@7.1-impl.ranchu(  488): pcmRead:222 failure: -1
09-07 14:44:47.001 E/LocationSDK(21876): Activity Started: ui.CreateNoteActivity
09-07 14:44:47.032 E/LocationSDK(21876): LocationSDK >>> START_HANDLER
09-07 14:44:47.058 E/android.hardware.audio@7.1-impl.ranchu(  488): pcmRead:222 failure: -1
09-07 14:44:47.170 E/android.hardware.audio@7.1-impl.ranchu(  488): pcmRead:222 failure: -1
09-07 14:44:47.219 E/AppOpenManagerNew(21876): Req
09-07 14:44:47.275 E/android.hardware.audio@7.1-impl.ranchu(  488): pcmRead:222 failure: -1
09-07 14:44:47.381 E/android.hardware.audio@7.1-impl.ranchu(  488): pcmRead:222 failure: -1
09-07 14:44:47.411 E/TransitionChain(  695): Can't collect into a chain with no transition
09-07 14:44:47.482 E/android.hardware.audio@7.1-impl.ranchu(  488): pcmRead:222 failure: -1
09-07 14:44:47.599 E/android.hardware.audio@7.1-impl.ranchu(  488): pcmRead:222 failure: -1
09-07 14:44:47.702 E/android.hardware.audio@7.1-impl.ranchu(  488): pcmRead:222 failure: -1
09-07 14:44:47.806 E/android.hardware.audio@7.1-impl.ranchu(  488): pcmRead:222 failure: -1
09-07 14:44:47.910 E/android.hardware.audio@7.1-impl.ranchu(  488): pcmRead:222 failure: -1
09-07 14:44:48.013 E/android.hardware.audio@7.1-impl.ranchu(  488): pcmRead:222 failure: -1
09-07 14:44:48.017 E/LocationSDK(21876): LocationSDK >>> START_HANDLER >>> RUN >>> IS_CALL_INSTANT >>> true
09-07 14:44:48.017 E/LocationSDK(21876): LocationSDK >>> START_HANDLER >>> RUN
09-07 14:44:48.020 E/LocationSDK(21876): LocationSDK >>> START_HANDLER >>> NO >>> NETWORK >>> LOCATION_PERMISSION >>> NOT_GRANTED
09-07 14:44:48.118 E/android.hardware.audio@7.1-impl.ranchu(  488): pcmRead:222 failure: -1
09-07 14:44:48.136 E/ImeVisibilityStateComputer(  695): SOFT_INPUT_STATE_VISIBLE is ignored because there is no focused view that also returns true from View#onCheckIsTextEditor()
09-07 14:44:48.222 E/android.hardware.audio@7.1-impl.ranchu(  488): pcmRead:222 failure: -1
09-07 14:44:48.326 E/android.hardware.audio@7.1-impl.ranchu(  488): pcmRead:222 failure: -1
09-07 14:44:48.430 E/android.hardware.audio@7.1-impl.ranchu(  488): pcmRead:222 failure: -1
09-07 14:44:48.536 E/android.hardware.audio@7.1-impl.ranchu(  488): pcmRead:222 failure: -1
09-07 14:44:48.576 E/ABD     (21876): focus: 
09-07 14:44:48.641 E/android.hardware.audio@7.1-impl.ranchu(  488): pcmRead:222 failure: -1
09-07 14:44:48.746 E/android.hardware.audio@7.1-impl.ranchu(  488): pcmRead:222 failure: -1
09-07 14:44:48.843 E/GmsCoreLogger( 1252): Missing account for FACET_USAGE_GAIA_UNSAMPLED [CONTEXT service_id=299 ]
09-07 14:44:48.860 E/android.hardware.audio@7.1-impl.ranchu(  488): pcmRead:222 failure: -1
09-07 14:44:48.963 E/android.hardware.audio@7.1-impl.ranchu(  488): pcmRead:222 failure: -1
09-07 14:44:49.045 E/android.hardware.audio@7.1-impl.ranchu(  488): updateSinkMetadata:387 failure: Result::NOT_SUPPORTED
09-07 14:44:49.070 E/android.hardware.audio@7.1-impl.ranchu(  488): pcmRead:222 failure: -1
09-07 14:44:49.870 E/TaskPersister(  695): File error accessing recents directory (directory doesn't exist?).
09-07 14:44:50.159 E/VoiceSearchConfigUtils(22841): Unrecognized recognizer for [ja-JP, 3053]: 23. Ignoring it and its associated features.
09-07 14:44:50.164 E/VoiceSearchConfigUtils(22841): Unrecognized recognizer for [ja-JP, 3053]: 22. Ignoring it and its associated features.
09-07 14:44:50.165 E/VoiceSearchConfigUtils(22841): Unrecognized recognizer for [ja-JP, 3053]: 23. Ignoring it and its associated features.
09-07 14:44:50.165 E/VoiceSearchConfigUtils(22841): Unrecognized recognizer for [ja-JP, 3053]: 22. Ignoring it and its associated features.
09-07 14:44:50.165 E/VoiceSearchConfigUtils(22841): Unrecognized recognizer for [ja-JP, 3053]: 23. Ignoring it and its associated features.
09-07 14:44:50.165 E/VoiceSearchConfigUtils(22841): Unrecognized recognizer for [ja-JP, 3053]: 22. Ignoring it and its associated features.
09-07 14:44:50.165 E/VoiceSearchConfigUtils(22841): Unrecognized recognizer for [ja-JP, 3053]: 22. Ignoring it and its associated features.
09-07 14:44:50.165 E/VoiceSearchConfigUtils(22841): Unrecognized recognizer for [ja-JP, 3053]: 22. Ignoring it and its associated features.
09-07 14:44:50.165 E/VoiceSearchConfigUtils(22841): Unrecognized recognizer for [ja-JP, 3054]: 23. Ignoring it and its associated features.
09-07 14:44:50.167 E/VoiceSearchConfigUtils(22841): Unrecognized recognizer for [ja-JP, 3054]: 22. Ignoring it and its associated features.
09-07 14:44:50.167 E/VoiceSearchConfigUtils(22841): Unrecognized recognizer for [ja-JP, 3054]: 23. Ignoring it and its associated features.
09-07 14:44:50.167 E/VoiceSearchConfigUtils(22841): Unrecognized recognizer for [ja-JP, 3054]: 22. Ignoring it and its associated features.
09-07 14:44:50.167 E/VoiceSearchConfigUtils(22841): Unrecognized recognizer for [ja-JP, 3054]: 23. Ignoring it and its associated features.
09-07 14:44:50.167 E/VoiceSearchConfigUtils(22841): Unrecognized recognizer for [ja-JP, 3054]: 22. Ignoring it and its associated features.
09-07 14:44:50.167 E/VoiceSearchConfigUtils(22841): Unrecognized recognizer for [ja-JP, 3054]: 22. Ignoring it and its associated features.
09-07 14:44:50.167 E/VoiceSearchConfigUtils(22841): Unrecognized recognizer for [ja-JP, 3054]: 22. Ignoring it and its associated features.
09-07 14:44:50.169 E/VoiceSearchConfigUtils(22841): Unrecognized recognizer for [ja-JP, 3056]: 23. Ignoring it and its associated features.
09-07 14:44:50.171 E/VoiceSearchConfigUtils(22841): Unrecognized recognizer for [ja-JP, 3056]: 22. Ignoring it and its associated features.
09-07 14:44:50.171 E/VoiceSearchConfigUtils(22841): Unrecognized recognizer for [ja-JP, 3056]: 23. Ignoring it and its associated features.
09-07 14:44:50.171 E/VoiceSearchConfigUtils(22841): Unrecognized recognizer for [ja-JP, 3056]: 22. Ignoring it and its associated features.
09-07 14:44:50.171 E/VoiceSearchConfigUtils(22841): Unrecognized recognizer for [ja-JP, 3056]: 23. Ignoring it and its associated features.
09-07 14:44:50.171 E/VoiceSearchConfigUtils(22841): Unrecognized recognizer for [ja-JP, 3056]: 22. Ignoring it and its associated features.
09-07 14:44:50.171 E/VoiceSearchConfigUtils(22841): Unrecognized recognizer for [ja-JP, 3056]: 22. Ignoring it and its associated features.
09-07 14:44:50.171 E/VoiceSearchConfigUtils(22841): Unrecognized recognizer for [ja-JP, 3056]: 22. Ignoring it and its associated features.
09-07 14:44:50.190 E/VoiceSearchConfigUtils(22841): Unrecognized recognizer for [ja-JP, 3053]: 23. Ignoring it and its associated features.
09-07 14:44:50.195 E/VoiceSearchConfigUtils(22841): Unrecognized recognizer for [ja-JP, 3053]: 22. Ignoring it and its associated features.
09-07 14:44:50.196 E/VoiceSearchConfigUtils(22841): Unrecognized recognizer for [ja-JP, 3053]: 23. Ignoring it and its associated features.
09-07 14:44:50.196 E/VoiceSearchConfigUtils(22841): Unrecognized recognizer for [ja-JP, 3053]: 22. Ignoring it and its associated features.
09-07 14:44:50.198 E/VoiceSearchConfigUtils(22841): Unrecognized recognizer for [ja-JP, 3053]: 23. Ignoring it and its associated features.
09-07 14:44:50.198 E/VoiceSearchConfigUtils(22841): Unrecognized recognizer for [ja-JP, 3053]: 22. Ignoring it and its associated features.
09-07 14:44:50.198 E/VoiceSearchConfigUtils(22841): Unrecognized recognizer for [ja-JP, 3053]: 22. Ignoring it and its associated features.
09-07 14:44:50.198 E/VoiceSearchConfigUtils(22841): Unrecognized recognizer for [ja-JP, 3053]: 22. Ignoring it and its associated features.
09-07 14:44:50.202 E/VoiceSearchConfigUtils(22841): Unrecognized recognizer for [ja-JP, 3054]: 23. Ignoring it and its associated features.
09-07 14:44:50.202 E/VoiceSearchConfigUtils(22841): Unrecognized recognizer for [ja-JP, 3054]: 22. Ignoring it and its associated features.
09-07 14:44:50.202 E/VoiceSearchConfigUtils(22841): Unrecognized recognizer for [ja-JP, 3054]: 23. Ignoring it and its associated features.
09-07 14:44:50.202 E/VoiceSearchConfigUtils(22841): Unrecognized recognizer for [ja-JP, 3054]: 22. Ignoring it and its associated features.
09-07 14:44:50.202 E/VoiceSearchConfigUtils(22841): Unrecognized recognizer for [ja-JP, 3054]: 23. Ignoring it and its associated features.
