--------- beginning of main
09-06 20:06:57.780 E/Parcel  ( 4319): Reading a NULL string not supported here.
09-06 20:06:57.821 E/IPCThreadState( 4319): Binder transaction failure. id: 216372, BR_*: 29201, error: -1 (Operation not permitted)
09-06 20:06:57.829 E/IPCThreadState( 4319): Binder transaction failure. id: 216396, BR_*: 29201, error: -1 (Operation not permitted)
09-06 20:06:57.832 E/IPCThreadState( 4319): Binder transaction failure. id: 216401, BR_*: 29201, error: -1 (Operation not permitted)
09-06 20:06:57.832 E/IPCThreadState( 4319): Binder transaction failure. id: 216405, BR_*: 29201, error: -1 (Operation not permitted)
09-06 20:06:57.839 E/IPCThreadState( 4319): Binder transaction failure. id: 216409, BR_*: 29201, error: -1 (Operation not permitted)
09-06 20:06:57.840 E/IPCThreadState( 4319): Binder transaction failure. id: 216414, BR_*: 29201, error: -1 (Operation not permitted)
09-06 20:06:57.840 E/IPCThreadState( 4319): Binder transaction failure. id: 216418, BR_*: 29201, error: -1 (Operation not permitted)
09-06 20:06:57.841 E/IPCThreadState( 4319): Binder transaction failure. id: 216427, BR_*: 29201, error: -1 (Operation not permitted)
09-06 20:06:57.843 E/IPCThreadState( 4319): Binder transaction failure. id: 216437, BR_*: 29201, error: -1 (Operation not permitted)
09-06 20:06:57.843 E/IPCThreadState( 4319): Binder transaction failure. id: 216441, BR_*: 29201, error: -1 (Operation not permitted)
09-06 20:06:57.850 E/IPCThreadState( 4319): Binder transaction failure. id: 216453, BR_*: 29201, error: -1 (Operation not permitted)
09-06 20:06:57.850 E/IPCThreadState( 4319): Binder transaction failure. id: 216457, BR_*: 29201, error: -1 (Operation not permitted)
09-06 20:06:57.850 E/IPCThreadState( 4319): Binder transaction failure. id: 216461, BR_*: 29201, error: -1 (Operation not permitted)
09-06 20:06:57.851 E/IPCThreadState( 4319): Binder transaction failure. id: 216465, BR_*: 29201, error: -1 (Operation not permitted)
09-06 20:06:57.852 E/IPCThreadState( 4319): Binder transaction failure. id: 216490, BR_*: 29201, error: -1 (Operation not permitted)
09-06 20:06:57.852 E/IPCThreadState( 4319): Binder transaction failure. id: 216494, BR_*: 29201, error: -1 (Operation not permitted)
09-06 20:06:57.852 E/IPCThreadState( 4319): Binder transaction failure. id: 216498, BR_*: 29201, error: -1 (Operation not permitted)
09-06 20:06:57.852 E/IPCThreadState( 4319): Binder transaction failure. id: 216502, BR_*: 29201, error: -1 (Operation not permitted)
09-06 20:06:57.852 E/IPCThreadState( 4319): Binder transaction failure. id: 216506, BR_*: 29201, error: -1 (Operation not permitted)
09-06 20:06:57.853 E/IPCThreadState( 4319): Binder transaction failure. id: 216510, BR_*: 29201, error: -1 (Operation not permitted)
09-06 20:06:57.853 E/IPCThreadState( 4319): Binder transaction failure. id: 216514, BR_*: 29201, error: -1 (Operation not permitted)
09-06 20:06:57.853 E/IPCThreadState( 4319): Binder transaction failure. id: 216518, BR_*: 29201, error: -1 (Operation not permitted)
09-06 20:06:57.853 E/IPCThreadState( 4319): Binder transaction failure. id: 216522, BR_*: 29201, error: -1 (Operation not permitted)
09-06 20:06:57.853 E/IPCThreadState( 4319): Binder transaction failure. id: 216526, BR_*: 29201, error: -1 (Operation not permitted)
09-06 20:06:57.853 E/IPCThreadState( 4319): Binder transaction failure. id: 216531, BR_*: 29201, error: -1 (Operation not permitted)
09-06 20:06:57.853 E/IPCThreadState( 4319): Binder transaction failure. id: 216535, BR_*: 29201, error: -1 (Operation not permitted)
09-06 20:06:57.853 E/IPCThreadState( 4319): Binder transaction failure. id: 216539, BR_*: 29201, error: -1 (Operation not permitted)
09-06 20:06:57.906 E/IPCThreadState( 4319): Binder transaction failure. id: 216609, BR_*: 29201, error: -1 (Operation not permitted)
09-06 20:06:57.906 E/IPCThreadState( 4319): Binder transaction failure. id: 216613, BR_*: 29201, error: -1 (Operation not permitted)
09-06 20:06:57.907 E/IPCThreadState( 4319): Binder transaction failure. id: 216617, BR_*: 29201, error: -1 (Operation not permitted)
09-06 20:06:57.907 E/IPCThreadState( 4319): Binder transaction failure. id: 216621, BR_*: 29201, error: -1 (Operation not permitted)
09-06 20:06:57.907 E/IPCThreadState( 4319): Binder transaction failure. id: 216625, BR_*: 29201, error: -1 (Operation not permitted)
09-06 20:06:57.907 E/IPCThreadState( 4319): Binder transaction failure. id: 216629, BR_*: 29201, error: -1 (Operation not permitted)
09-06 20:06:57.907 E/IPCThreadState( 4319): Binder transaction failure. id: 216633, BR_*: 29201, error: -1 (Operation not permitted)
09-06 20:06:57.907 E/IPCThreadState( 4319): Binder transaction failure. id: 216637, BR_*: 29201, error: -1 (Operation not permitted)
09-06 20:06:57.907 E/IPCThreadState( 4319): Binder transaction failure. id: 216641, BR_*: 29201, error: -1 (Operation not permitted)
09-06 20:06:57.907 E/IPCThreadState( 4319): Binder transaction failure. id: 216645, BR_*: 29201, error: -1 (Operation not permitted)
09-06 20:06:57.934 E/IPCThreadState( 4319): Binder transaction failure. id: 216713, BR_*: 29201, error: -1 (Operation not permitted)
09-06 20:06:57.934 E/IPCThreadState( 4319): Binder transaction failure. id: 216717, BR_*: 29201, error: -1 (Operation not permitted)
09-06 20:06:57.939 E/IPCThreadState( 4319): Binder transaction failure. id: 216728, BR_*: 29201, error: -1 (Operation not permitted)
09-06 20:06:57.940 E/Parcel  ( 4319): Reading a NULL string not supported here.
09-06 20:06:57.944 E/IPCThreadState( 4319): Binder transaction failure. id: 216772, BR_*: 29201, error: -1 (Operation not permitted)
09-06 20:06:57.950 E/Parcel  ( 4319): Reading a NULL string not supported here.
09-06 20:06:57.956 E/Parcel  ( 4319): Reading a NULL string not supported here.
09-06 20:06:57.974 E/Parcel  ( 4319): Reading a NULL string not supported here.
09-06 20:06:58.000 E/Parcel  ( 4319): Reading a NULL string not supported here.
09-06 20:06:58.005 E/Parcel  ( 4319): Reading a NULL string not supported here.
09-06 20:06:58.006 E/Parcel  ( 4319): Reading a NULL string not supported here.
09-06 20:06:58.014 E/Parcel  ( 4319): Reading a NULL string not supported here.
09-06 20:06:58.015 E/Parcel  ( 4319): Reading a NULL string not supported here.
09-06 20:06:58.031 E/Parcel  ( 4319): Reading a NULL string not supported here.
09-06 20:06:58.038 E/Parcel  ( 4319): Reading a NULL string not supported here.
09-06 20:06:58.065 E/Parcel  ( 4319): Reading a NULL string not supported here.
09-06 20:06:58.066 E/Parcel  ( 4319): Reading a NULL string not supported here.
09-06 20:06:58.089 E/Parcel  ( 4319): Reading a NULL string not supported here.
09-06 20:06:58.102 E/Parcel  ( 4319): Reading a NULL string not supported here.
09-06 20:06:58.107 E/IPCThreadState( 4319): Binder transaction failure. id: 217556, BR_*: 29201, error: -1 (Operation not permitted)
09-06 20:06:58.134 E/Parcel  ( 4319): Reading a NULL string not supported here.
09-06 20:06:58.145 E/Parcel  ( 4319): Reading a NULL string not supported here.
09-06 20:06:58.167 E/Parcel  ( 4319): Reading a NULL string not supported here.
09-06 20:06:58.172 E/Parcel  ( 4319): Reading a NULL string not supported here.
09-06 20:06:58.185 E/IPCThreadState( 4319): Binder transaction failure. id: 218136, BR_*: 29201, error: -1 (Operation not permitted)
09-06 20:06:58.224 E/Parcel  ( 4322): Reading a NULL string not supported here.
09-06 20:06:58.245 E/IPCThreadState( 4322): Binder transaction failure. id: 218323, BR_*: 29201, error: -1 (Operation not permitted)
09-06 20:06:58.246 E/IPCThreadState( 4322): Binder transaction failure. id: 218327, BR_*: 29201, error: -1 (Operation not permitted)
09-06 20:06:58.246 E/IPCThreadState( 4322): Binder transaction failure. id: 218331, BR_*: 29201, error: -1 (Operation not permitted)
09-06 20:06:58.247 E/IPCThreadState( 4322): Binder transaction failure. id: 218335, BR_*: 29201, error: -1 (Operation not permitted)
09-06 20:06:58.248 E/IPCThreadState( 4322): Binder transaction failure. id: 218339, BR_*: 29201, error: -1 (Operation not permitted)
09-06 20:06:58.248 E/IPCThreadState( 4322): Binder transaction failure. id: 218343, BR_*: 29201, error: -1 (Operation not permitted)
09-06 20:06:58.249 E/IPCThreadState( 4322): Binder transaction failure. id: 218347, BR_*: 29201, error: -1 (Operation not permitted)
09-06 20:06:58.250 E/IPCThreadState( 4322): Binder transaction failure. id: 218356, BR_*: 29201, error: -1 (Operation not permitted)
09-06 20:06:58.252 E/IPCThreadState( 4322): Binder transaction failure. id: 218366, BR_*: 29201, error: -1 (Operation not permitted)
09-06 20:06:58.253 E/IPCThreadState( 4322): Binder transaction failure. id: 218370, BR_*: 29201, error: -1 (Operation not permitted)
09-06 20:06:58.255 E/IPCThreadState( 4322): Binder transaction failure. id: 218384, BR_*: 29201, error: -1 (Operation not permitted)
09-06 20:06:58.257 E/IPCThreadState( 4322): Binder transaction failure. id: 218392, BR_*: 29201, error: -1 (Operation not permitted)
09-06 20:06:58.258 E/IPCThreadState( 4322): Binder transaction failure. id: 218397, BR_*: 29201, error: -1 (Operation not permitted)
09-06 20:06:58.259 E/IPCThreadState( 4322): Binder transaction failure. id: 218408, BR_*: 29201, error: -1 (Operation not permitted)
09-06 20:06:58.264 E/IPCThreadState( 4322): Binder transaction failure. id: 218432, BR_*: 29201, error: -1 (Operation not permitted)
09-06 20:06:58.264 E/IPCThreadState( 4322): Binder transaction failure. id: 218436, BR_*: 29201, error: -1 (Operation not permitted)
09-06 20:06:58.265 E/IPCThreadState( 4322): Binder transaction failure. id: 218440, BR_*: 29201, error: -1 (Operation not permitted)
09-06 20:06:58.265 E/IPCThreadState( 4322): Binder transaction failure. id: 218444, BR_*: 29201, error: -1 (Operation not permitted)
09-06 20:06:58.266 E/IPCThreadState( 4322): Binder transaction failure. id: 218448, BR_*: 29201, error: -1 (Operation not permitted)
09-06 20:06:58.266 E/IPCThreadState( 4322): Binder transaction failure. id: 218452, BR_*: 29201, error: -1 (Operation not permitted)
09-06 20:06:58.267 E/IPCThreadState( 4322): Binder transaction failure. id: 218456, BR_*: 29201, error: -1 (Operation not permitted)
09-06 20:06:58.267 E/IPCThreadState( 4322): Binder transaction failure. id: 218460, BR_*: 29201, error: -1 (Operation not permitted)
09-06 20:06:58.268 E/IPCThreadState( 4322): Binder transaction failure. id: 218465, BR_*: 29201, error: -1 (Operation not permitted)
09-06 20:06:58.269 E/IPCThreadState( 4322): Binder transaction failure. id: 218469, BR_*: 29201, error: -1 (Operation not permitted)
09-06 20:06:58.270 E/IPCThreadState( 4322): Binder transaction failure. id: 218474, BR_*: 29201, error: -1 (Operation not permitted)
09-06 20:06:58.272 E/IPCThreadState( 4322): Binder transaction failure. id: 218488, BR_*: 29201, error: -1 (Operation not permitted)
09-06 20:06:58.273 E/IPCThreadState( 4322): Binder transaction failure. id: 218492, BR_*: 29201, error: -1 (Operation not permitted)
09-06 20:06:58.282 E/IPCThreadState( 4322): Binder transaction failure. id: 218513, BR_*: 29201, error: -1 (Operation not permitted)
09-06 20:06:58.282 E/IPCThreadState( 4322): Binder transaction failure. id: 218517, BR_*: 29201, error: -1 (Operation not permitted)
09-06 20:06:58.283 E/IPCThreadState( 4322): Binder transaction failure. id: 218521, BR_*: 29201, error: -1 (Operation not permitted)
09-06 20:06:58.283 E/IPCThreadState( 4322): Binder transaction failure. id: 218525, BR_*: 29201, error: -1 (Operation not permitted)
09-06 20:06:58.284 E/IPCThreadState( 4322): Binder transaction failure. id: 218529, BR_*: 29201, error: -1 (Operation not permitted)
09-06 20:06:58.285 E/IPCThreadState( 4322): Binder transaction failure. id: 218534, BR_*: 29201, error: -1 (Operation not permitted)
09-06 20:06:58.286 E/IPCThreadState( 4322): Binder transaction failure. id: 218538, BR_*: 29201, error: -1 (Operation not permitted)
09-06 20:06:58.287 E/IPCThreadState( 4322): Binder transaction failure. id: 218545, BR_*: 29201, error: -1 (Operation not permitted)
09-06 20:06:58.288 E/IPCThreadState( 4322): Binder transaction failure. id: 218551, BR_*: 29201, error: -1 (Operation not permitted)
09-06 20:06:58.289 E/IPCThreadState( 4322): Binder transaction failure. id: 218558, BR_*: 29201, error: -1 (Operation not permitted)
09-06 20:06:58.300 E/IPCThreadState( 4322): Binder transaction failure. id: 218613, BR_*: 29201, error: -1 (Operation not permitted)
09-06 20:06:58.300 E/IPCThreadState( 4322): Binder transaction failure. id: 218617, BR_*: 29201, error: -1 (Operation not permitted)
09-06 20:06:58.302 E/IPCThreadState( 4322): Binder transaction failure. id: 218627, BR_*: 29201, error: -1 (Operation not permitted)
09-06 20:06:58.304 E/Parcel  ( 4322): Reading a NULL string not supported here.
09-06 20:06:58.309 E/IPCThreadState( 4322): Binder transaction failure. id: 218683, BR_*: 29201, error: -1 (Operation not permitted)
09-06 20:06:58.311 E/Parcel  ( 4322): Reading a NULL string not supported here.
09-06 20:06:58.311 E/Parcel  ( 4322): Reading a NULL string not supported here.
09-06 20:06:58.311 E/Parcel  ( 4322): Reading a NULL string not supported here.
09-06 20:06:58.317 E/Parcel  ( 4322): Reading a NULL string not supported here.
09-06 20:06:58.319 E/Parcel  ( 4322): Reading a NULL string not supported here.
09-06 20:06:58.322 E/Parcel  ( 4322): Reading a NULL string not supported here.
09-06 20:06:58.328 E/Parcel  ( 4322): Reading a NULL string not supported here.
09-06 20:06:58.329 E/Parcel  ( 4322): Reading a NULL string not supported here.
09-06 20:06:58.336 E/Parcel  ( 4322): Reading a NULL string not supported here.
09-06 20:06:58.343 E/Parcel  ( 4322): Reading a NULL string not supported here.
09-06 20:06:58.367 E/Parcel  ( 4322): Reading a NULL string not supported here.
09-06 20:06:58.372 E/Parcel  ( 4322): Reading a NULL string not supported here.
09-06 20:06:58.387 E/Parcel  ( 4322): Reading a NULL string not supported here.
09-06 20:06:58.399 E/Parcel  ( 4322): Reading a NULL string not supported here.
09-06 20:06:58.403 E/IPCThreadState( 4322): Binder transaction failure. id: 219369, BR_*: 29201, error: -1 (Operation not permitted)
09-06 20:06:58.420 E/Parcel  ( 4322): Reading a NULL string not supported here.
09-06 20:06:58.426 E/Parcel  ( 4322): Reading a NULL string not supported here.
09-06 20:06:58.445 E/Parcel  ( 4322): Reading a NULL string not supported here.
09-06 20:06:58.447 E/Parcel  ( 4322): Reading a NULL string not supported here.
09-06 20:06:58.591 E/IPCThreadState( 4322): Binder transaction failure. id: 220048, BR_*: 29201, error: -1 (Operation not permitted)
--------- beginning of system
09-06 20:06:58.943 E/TransitionChain(  695): Can't collect into a chain with no transition
09-06 20:06:58.966 E/TaskPersister(  695): File error accessing recents directory (directory doesn't exist?).
09-06 20:06:58.995 E/ActivityTaskManager(  695): Could not find activity for task 28
09-06 20:06:59.588 E/TaskPersister(  695): File error accessing recents directory (directory doesn't exist?).
09-06 20:07:00.899 E/SystemServiceRegistry(  695): No service published for: persistent_data_block
09-06 20:07:00.899 E/SystemServiceRegistry(  695): android.os.ServiceManager$ServiceNotFoundException: No service published for: persistent_data_block
09-06 20:07:00.899 E/SystemServiceRegistry(  695): 	at android.os.ServiceManager.getServiceOrThrow(ServiceManager.java:203)
09-06 20:07:00.899 E/SystemServiceRegistry(  695): 	at android.app.SystemServiceRegistry$82.createService(SystemServiceRegistry.java:1110)
09-06 20:07:00.899 E/SystemServiceRegistry(  695): 	at android.app.SystemServiceRegistry$82.createService(SystemServiceRegistry.java:1107)
09-06 20:07:00.899 E/SystemServiceRegistry(  695): 	at android.app.SystemServiceRegistry$StaticServiceFetcher.getService(SystemServiceRegistry.java:2405)
09-06 20:07:00.899 E/SystemServiceRegistry(  695): 	at android.app.SystemServiceRegistry.getSystemService(SystemServiceRegistry.java:1918)
09-06 20:07:00.899 E/SystemServiceRegistry(  695): 	at android.app.ContextImpl.getSystemService(ContextImpl.java:2315)
09-06 20:07:00.899 E/SystemServiceRegistry(  695): 	at android.content.Context.getSystemService(Context.java:4630)
09-06 20:07:00.899 E/SystemServiceRegistry(  695): 	at com.android.server.pm.PackageInstallerSession.markAsSealed(PackageInstallerSession.java:2449)
09-06 20:07:00.899 E/SystemServiceRegistry(  695): 	at com.android.server.pm.PackageInstallerSession.commit(PackageInstallerSession.java:2198)
09-06 20:07:00.899 E/SystemServiceRegistry(  695): 	at android.content.pm.PackageInstaller$Session.commit(PackageInstaller.java:1988)
09-06 20:07:00.899 E/SystemServiceRegistry(  695): 	at com.android.server.pm.PackageManagerShellCommand.doCommitSession(PackageManagerShellCommand.java:4316)
09-06 20:07:00.899 E/SystemServiceRegistry(  695): 	at com.android.server.pm.PackageManagerShellCommand.doRunInstall(PackageManagerShellCommand.java:1641)
09-06 20:07:00.899 E/SystemServiceRegistry(  695): 	at com.android.server.pm.PackageManagerShellCommand.runInstall(PackageManagerShellCommand.java:1562)
09-06 20:07:00.899 E/SystemServiceRegistry(  695): 	at com.android.server.pm.PackageManagerShellCommand.onCommand(PackageManagerShellCommand.java:246)
09-06 20:07:00.899 E/SystemServiceRegistry(  695): 	at com.android.modules.utils.BasicShellCommandHandler.exec(BasicShellCommandHandler.java:97)
09-06 20:07:00.899 E/SystemServiceRegistry(  695): 	at android.os.ShellCommand.exec(ShellCommand.java:38)
09-06 20:07:00.899 E/SystemServiceRegistry(  695): 	at com.android.server.pm.PackageManagerService$IPackageManagerImpl.onShellCommand(PackageManagerService.java:6684)
09-06 20:07:00.899 E/SystemServiceRegistry(  695): 	at android.os.Binder.shellCommand(Binder.java:1151)
09-06 20:07:00.899 E/SystemServiceRegistry(  695): 	at android.os.Binder.onTransact(Binder.java:953)
09-06 20:07:00.899 E/SystemServiceRegistry(  695): 	at android.content.pm.IPackageManager$Stub.onTransact(IPackageManager.java:4729)
09-06 20:07:00.899 E/SystemServiceRegistry(  695): 	at com.android.server.pm.PackageManagerService$IPackageManagerImpl.onTransact(PackageManagerService.java:6668)
09-06 20:07:00.899 E/SystemServiceRegistry(  695): 	at android.os.Binder.execTransactInternal(Binder.java:1426)
09-06 20:07:00.899 E/SystemServiceRegistry(  695): 	at android.os.Binder.execTransact(Binder.java:1365)
09-06 20:07:00.899 E/SystemServiceRegistry(  695): Manager wrapper not available: persistent_data_block
09-06 20:07:01.108 E/IPCThreadState(  695): Binder transaction failure. id: 221883, BR_*: 29189, error: -22 (Invalid argument)
09-06 20:07:01.153 E/AppOps  (  695): attributionTag VCN not declared in manifest of android
09-06 20:07:01.178 E/SmsApplication( 1046): com.google.android.apps.messaging lost android:read_cell_broadcasts:  (fixing)
09-06 20:07:01.219 E/RoleControllerServiceImpl(  695): Default/fallback role holder package doesn't qualify for the role, package: com.google.android.gms.supervision, role: android.app.role.SYSTEM_SUPERVISION
09-06 20:07:01.265 E/SmsApplication( 1046): com.google.android.apps.messaging lost android:read_cell_broadcasts:  (fixing)
09-06 20:07:01.280 E/RoleControllerServiceImpl(  695): Default/fallback role holder package doesn't qualify for the role, package: com.google.android.gms, role: android.app.role.WALLET
09-06 20:07:01.284 E/AtomicFile(  695): Failed to rename /data/system/install_sessions.xml.new to /data/system/install_sessions.xml
09-06 20:07:01.436 E/SmsApplication( 1046): com.google.android.apps.messaging lost android:read_cell_broadcasts:  (fixing)
09-06 20:07:02.154 E/AppOps  (  695): attributionTag VCN not declared in manifest of android
09-06 20:07:02.471 E/ashmem  ( 4369): Pinning is deprecated since Android Q. Please use trim or other methods.
09-06 20:07:04.499 E/android.hardware.audio@7.1-impl.ranchu(  488): pcmWrite:260 failure: -1
09-06 20:07:04.602 E/android.hardware.audio@7.1-impl.ranchu(  488): pcmWrite:260 failure: -1
09-06 20:07:04.707 E/android.hardware.audio@7.1-impl.ranchu(  488): pcmWrite:260 failure: -1
09-06 20:07:04.810 E/android.hardware.audio@7.1-impl.ranchu(  488): pcmWrite:260 failure: -1
09-06 20:07:04.914 E/android.hardware.audio@7.1-impl.ranchu(  488): pcmWrite:260 failure: -1
09-06 20:07:05.018 E/android.hardware.audio@7.1-impl.ranchu(  488): pcmWrite:260 failure: -1
09-06 20:07:05.126 E/android.hardware.audio@7.1-impl.ranchu(  488): pcmWrite:260 failure: -1
09-06 20:07:05.234 E/android.hardware.audio@7.1-impl.ranchu(  488): pcmWrite:260 failure: -1
09-06 20:07:05.343 E/android.hardware.audio@7.1-impl.ranchu(  488): pcmWrite:260 failure: -1
09-06 20:07:05.450 E/android.hardware.audio@7.1-impl.ranchu(  488): pcmWrite:260 failure: -1
09-06 20:07:05.554 E/android.hardware.audio@7.1-impl.ranchu(  488): pcmWrite:260 failure: -1
09-06 20:07:05.658 E/android.hardware.audio@7.1-impl.ranchu(  488): pcmWrite:260 failure: -1
09-06 20:07:05.763 E/android.hardware.audio@7.1-impl.ranchu(  488): pcmWrite:260 failure: -1
09-06 20:07:05.866 E/android.hardware.audio@7.1-impl.ranchu(  488): pcmWrite:260 failure: -1
09-06 20:07:05.972 E/android.hardware.audio@7.1-impl.ranchu(  488): pcmWrite:260 failure: -1
09-06 20:07:06.074 E/android.hardware.audio@7.1-impl.ranchu(  488): pcmWrite:260 failure: -1
09-06 20:07:06.179 E/android.hardware.audio@7.1-impl.ranchu(  488): pcmWrite:260 failure: -1
09-06 20:07:06.282 E/android.hardware.audio@7.1-impl.ranchu(  488): pcmWrite:260 failure: -1
09-06 20:07:06.387 E/android.hardware.audio@7.1-impl.ranchu(  488): pcmWrite:260 failure: -1
09-06 20:07:06.491 E/android.hardware.audio@7.1-impl.ranchu(  488): pcmWrite:260 failure: -1
09-06 20:07:06.594 E/android.hardware.audio@7.1-impl.ranchu(  488): pcmWrite:260 failure: -1
09-06 20:07:06.698 E/android.hardware.audio@7.1-impl.ranchu(  488): pcmWrite:260 failure: -1
09-06 20:07:06.803 E/android.hardware.audio@7.1-impl.ranchu(  488): pcmWrite:260 failure: -1
09-06 20:07:06.908 E/android.hardware.audio@7.1-impl.ranchu(  488): pcmWrite:260 failure: -1
09-06 20:07:07.012 E/android.hardware.audio@7.1-impl.ranchu(  488): pcmWrite:260 failure: -1
09-06 20:07:07.115 E/android.hardware.audio@7.1-impl.ranchu(  488): pcmWrite:260 failure: -1
09-06 20:07:07.219 E/android.hardware.audio@7.1-impl.ranchu(  488): pcmWrite:260 failure: -1
09-06 20:07:07.299 E/TaskPersister(  695): File error accessing recents directory (directory doesn't exist?).
09-06 20:07:07.323 E/android.hardware.audio@7.1-impl.ranchu(  488): pcmWrite:260 failure: -1
09-06 20:07:16.237 E/.android.chrome( 4449): Not starting debugger since process cannot load the jdwp agent.
09-06 20:07:16.445 E/ashmem  ( 4449): Pinning is deprecated since Android Q. Please use trim or other methods.
09-06 20:07:16.996 E/ocessService0:0( 4500): Not starting debugger since process cannot load the jdwp agent.
09-06 20:07:17.475 E/ileged_process0( 4525): Not starting debugger since process cannot load the jdwp agent.
09-06 20:07:17.616 E/MESA    ( 4525): Failed to open rendernode: No such file or directory
09-06 20:07:18.049 E/adservices.measurement( 3939): AttributionFallbackJobService is disabled, skip scheduling
09-06 20:07:18.070 E/adservices( 3939): Encryption key fetch job is disabled, skip scheduling.
09-06 20:07:18.080 E/adservices( 3939): Report to ignore '' skipped, contains too few parts
09-06 20:07:19.075 E/UsageReportingOptionsSt( 1252): INTERNAL_ERROR: setOptInOption should not be called while user is locked. [CONTEXT service_id=41 ]
09-06 20:07:19.177 E/TaskPersister(  695): File error accessing recents directory (directory doesn't exist?).
09-06 20:07:19.178 E/cr_PackageMetrics( 4449): Could not parse UUID 0000-0000
09-06 20:07:19.178 E/cr_PackageMetrics( 4449): java.lang.IllegalArgumentException: Invalid UUID string: 0000-0000
09-06 20:07:19.178 E/cr_PackageMetrics( 4449): 	at java.util.UUID.fromString1(UUID.java:315)
09-06 20:07:19.178 E/cr_PackageMetrics( 4449): 	at java.util.UUID.fromStringCurrentJava(UUID.java:293)
09-06 20:07:19.178 E/cr_PackageMetrics( 4449): 	at java.util.UUID.fromString(UUID.java:262)
09-06 20:07:19.178 E/cr_PackageMetrics( 4449): 	at zP2.a(chromium-TrichromeChromeGoogle6432.aab-stable-694313738:80)
09-06 20:07:19.178 E/cr_PackageMetrics( 4449): 	at af3.b(chromium-TrichromeChromeGoogle6432.aab-stable-694313738:47)
09-06 20:07:19.178 E/cr_PackageMetrics( 4449): 	at vo.call(chromium-TrichromeChromeGoogle6432.aab-stable-694313738:9)
09-06 20:07:19.178 E/cr_PackageMetrics( 4449): 	at java.util.concurrent.FutureTask.run(FutureTask.java:317)
09-06 20:07:19.178 E/cr_PackageMetrics( 4449): 	at yo.run(chromium-TrichromeChromeGoogle6432.aab-stable-694313738:26)
09-06 20:07:19.200 E/cr_CompositorSurfaceMgr( 4449): surfaceDestroyed format : 4
09-06 20:07:21.686 E/PagedView( 1057): validateNewPage: failed to find a page > mMinScrollX
09-06 20:07:21.686 E/PagedView( 1057): validateNewPage: failed to find a page > mMinScrollX
09-06 20:07:23.127 E/cr_CompositorSurfaceMgr( 4449): surfaceDestroyed format : -3
