09-07 14:44:50.202 E/VoiceSearchConfigUtils(22841): Unrecognized recognizer for [ja-JP, 3054]: 22. Ignoring it and its associated features.
09-07 14:44:50.202 E/VoiceSearchConfigUtils(22841): Unrecognized recognizer for [ja-JP, 3054]: 22. Ignoring it and its associated features.
09-07 14:44:50.202 E/VoiceSearchConfigUtils(22841): Unrecognized recognizer for [ja-JP, 3054]: 22. Ignoring it and its associated features.
09-07 14:44:50.203 E/VoiceSearchConfigUtils(22841): Unrecognized recognizer for [ja-JP, 3056]: 23. Ignoring it and its associated features.
09-07 14:44:50.205 E/VoiceSearchConfigUtils(22841): Unrecognized recognizer for [ja-JP, 3056]: 22. Ignoring it and its associated features.
09-07 14:44:50.205 E/VoiceSearchConfigUtils(22841): Unrecognized recognizer for [ja-JP, 3056]: 23. Ignoring it and its associated features.
09-07 14:44:50.205 E/VoiceSearchConfigUtils(22841): Unrecognized recognizer for [ja-JP, 3056]: 22. Ignoring it and its associated features.
09-07 14:44:50.205 E/VoiceSearchConfigUtils(22841): Unrecognized recognizer for [ja-JP, 3056]: 23. Ignoring it and its associated features.
09-07 14:44:50.205 E/VoiceSearchConfigUtils(22841): Unrecognized recognizer for [ja-JP, 3056]: 22. Ignoring it and its associated features.
09-07 14:44:50.205 E/VoiceSearchConfigUtils(22841): Unrecognized recognizer for [ja-JP, 3056]: 22. Ignoring it and its associated features.
09-07 14:44:50.205 E/VoiceSearchConfigUtils(22841): Unrecognized recognizer for [ja-JP, 3056]: 22. Ignoring it and its associated features.
09-07 14:44:50.217 E/android.hardware.audio@7.1-impl.ranchu(  488): updateSinkMetadata:387 failure: Result::NOT_SUPPORTED
09-07 14:44:50.562 E/InputConnectionWrapper(11860): InputConnectionWrapper.waitForInputConnectionFutureInternal():1688 Failed to get the input connection call's result.
09-07 14:44:50.562 E/InputConnectionWrapper(11860): java.util.concurrent.TimeoutException: Waited 500 milliseconds (plus 81 milliseconds, 621805 nanoseconds delay) for qfs@f61ef90[status=PENDING, info=[task=[running=[RUNNING ON ICWrapper-1], kcg@d111089]]]
09-07 14:44:50.562 E/InputConnectionWrapper(11860): 	at qcq.get(PG:52)
09-07 14:44:50.562 E/InputConnectionWrapper(11860): 	at kcs.e(PG:10)
09-07 14:44:50.562 E/InputConnectionWrapper(11860): 	at kcs.t(PG:85)
09-07 14:44:50.562 E/InputConnectionWrapper(11860): 	at kdb.a(PG:87)
09-07 14:44:50.562 E/InputConnectionWrapper(11860): 	at kde.i(PG:186)
09-07 14:44:50.562 E/InputConnectionWrapper(11860): 	at kca.f(PG:5)
09-07 14:44:50.562 E/InputConnectionWrapper(11860): 	at kbe.dT(PG:7)
09-07 14:44:50.562 E/InputConnectionWrapper(11860): 	at kcg.call(PG:17)
09-07 14:44:50.562 E/InputConnectionWrapper(11860): 	at jyj.n(PG:8)
09-07 14:44:50.562 E/InputConnectionWrapper(11860): 	at jyj.dT(PG:11)
09-07 14:44:50.562 E/InputConnectionWrapper(11860): 	at jya.dT(PG:3)
09-07 14:44:50.562 E/InputConnectionWrapper(11860): 	at hld.x(PG:8)
09-07 14:44:50.562 E/InputConnectionWrapper(11860): 	at hld.w(PG:3)
09-07 14:44:50.562 E/InputConnectionWrapper(11860): 	at hld.n(PG:5)
09-07 14:44:50.562 E/InputConnectionWrapper(11860): 	at git.k(PG:3)
09-07 14:44:50.562 E/InputConnectionWrapper(11860): 	at git.d(PG:65)
09-07 14:44:50.562 E/InputConnectionWrapper(11860): 	at com.google.android.apps.inputmethod.libs.latin5.LatinIme.n(PG:42)
09-07 14:44:50.562 E/InputConnectionWrapper(11860): 	at com.google.android.libraries.inputmethod.ime.ImeWrapperImpl.n(PG:8)
09-07 14:44:50.562 E/InputConnectionWrapper(11860): 	at okr.a(PG:129)
09-07 14:44:50.562 E/InputConnectionWrapper(11860): 	at kde.l(PG:357)
09-07 14:44:50.562 E/InputConnectionWrapper(11860): 	at kcs.a(PG:265)
09-07 14:44:50.562 E/InputConnectionWrapper(11860): 	at kgn.onUpdateSelection(PG:23)
09-07 14:44:50.562 E/InputConnectionWrapper(11860): 	at android.inputmethodservice.InputMethodService$InputMethodSessionImpl.updateSelection(InputMethodService.java:1480)
09-07 14:44:50.562 E/InputConnectionWrapper(11860): 	at android.inputmethodservice.IInputMethodSessionWrapper.executeMessage(IInputMethodSessionWrapper.java:115)
09-07 14:44:50.562 E/InputConnectionWrapper(11860): 	at com.android.internal.os.HandlerCaller$MyHandler.handleMessage(HandlerCaller.java:44)
09-07 14:44:50.562 E/InputConnectionWrapper(11860): 	at android.os.Handler.dispatchMessage(Handler.java:110)
09-07 14:44:50.562 E/InputConnectionWrapper(11860): 	at android.os.Looper.loopOnce(Looper.java:248)
09-07 14:44:50.562 E/InputConnectionWrapper(11860): 	at android.os.Looper.loop(Looper.java:338)
09-07 14:44:50.562 E/InputConnectionWrapper(11860): 	at android.app.ActivityThread.main(ActivityThread.java:9067)
09-07 14:44:50.562 E/InputConnectionWrapper(11860): 	at java.lang.reflect.Method.invoke(Native Method)
09-07 14:44:50.562 E/InputConnectionWrapper(11860): 	at com.android.internal.os.RuntimeInit$MethodAndArgsCaller.run(RuntimeInit.java:593)
09-07 14:44:50.562 E/InputConnectionWrapper(11860): 	at com.android.internal.os.ZygoteInit.main(ZygoteInit.java:932)
09-07 14:44:50.586 E/AppOps  (  695): attributionTag  not declared in manifest of com.google.android.tts
09-07 14:44:50.590 E/AppOps  (  695): attributionTag  not declared in manifest of com.google.android.tts
09-07 14:44:50.814 E/AppOps  (  695): attributionTag  not declared in manifest of com.google.android.tts
09-07 14:44:50.816 E/AppOps  (  695): attributionTag  not declared in manifest of com.google.android.tts
09-07 14:44:52.129 E/InputConnectionWrapper(11860): InputConnectionWrapper.waitForInputConnectionFutureInternal():1688 Failed to get the input connection call's result.
09-07 14:44:52.129 E/InputConnectionWrapper(11860): java.util.concurrent.TimeoutException: Waited 500 milliseconds (plus 1 milliseconds, 13485 nanoseconds delay) for qfs@5fa8b66[status=PENDING, info=[task=[running=[RUNNING ON ICWrapper-1], kcg@90a9ea7]]]
09-07 14:44:52.129 E/InputConnectionWrapper(11860): 	at qcq.get(PG:52)
09-07 14:44:52.129 E/InputConnectionWrapper(11860): 	at kcs.e(PG:10)
09-07 14:44:52.129 E/InputConnectionWrapper(11860): 	at kcs.t(PG:85)
09-07 14:44:52.129 E/InputConnectionWrapper(11860): 	at kdb.a(PG:87)
09-07 14:44:52.129 E/InputConnectionWrapper(11860): 	at kde.j(PG:9)
09-07 14:44:52.129 E/InputConnectionWrapper(11860): 	at kde.l(PG:77)
09-07 14:44:52.129 E/InputConnectionWrapper(11860): 	at kcs.a(PG:265)
09-07 14:44:52.129 E/InputConnectionWrapper(11860): 	at kgn.onUpdateSelection(PG:23)
09-07 14:44:52.129 E/InputConnectionWrapper(11860): 	at android.inputmethodservice.InputMethodService$InputMethodSessionImpl.updateSelection(InputMethodService.java:1480)
09-07 14:44:52.129 E/InputConnectionWrapper(11860): 	at android.inputmethodservice.IInputMethodSessionWrapper.executeMessage(IInputMethodSessionWrapper.java:115)
09-07 14:44:52.129 E/InputConnectionWrapper(11860): 	at com.android.internal.os.HandlerCaller$MyHandler.handleMessage(HandlerCaller.java:44)
09-07 14:44:52.129 E/InputConnectionWrapper(11860): 	at android.os.Handler.dispatchMessage(Handler.java:110)
09-07 14:44:52.129 E/InputConnectionWrapper(11860): 	at android.os.Looper.loopOnce(Looper.java:248)
09-07 14:44:52.129 E/InputConnectionWrapper(11860): 	at android.os.Looper.loop(Looper.java:338)
09-07 14:44:52.129 E/InputConnectionWrapper(11860): 	at android.app.ActivityThread.main(ActivityThread.java:9067)
09-07 14:44:52.129 E/InputConnectionWrapper(11860): 	at java.lang.reflect.Method.invoke(Native Method)
09-07 14:44:52.129 E/InputConnectionWrapper(11860): 	at com.android.internal.os.RuntimeInit$MethodAndArgsCaller.run(RuntimeInit.java:593)
09-07 14:44:52.129 E/InputConnectionWrapper(11860): 	at com.android.internal.os.ZygoteInit.main(ZygoteInit.java:932)
09-07 14:44:52.203 E/ABD     (21876): Unfocus: 
09-07 14:44:52.572 E/InputContextChangeTracker(11860): InputContextChangeTracker.getSubSurroundText():1436 Invalid sub surrounding text: contentLength=0, subStringInContent=[0, 0], selectionInContent=[0, 3]
09-07 14:44:52.806 E/GmsCoreLogger( 1252): Missing account for FACET_USAGE_GAIA_UNSAMPLED [CONTEXT service_id=299 ]
09-07 14:44:53.090 E/android.hardware.audio@7.1-impl.ranchu(  488): pcmRead:222 failure: -1
09-07 14:44:53.198 E/android.hardware.audio@7.1-impl.ranchu(  488): pcmRead:222 failure: -1
09-07 14:44:53.302 E/android.hardware.audio@7.1-impl.ranchu(  488): pcmRead:222 failure: -1
09-07 14:44:53.405 E/android.hardware.audio@7.1-impl.ranchu(  488): pcmRead:222 failure: -1
09-07 14:44:53.510 E/android.hardware.audio@7.1-impl.ranchu(  488): pcmRead:222 failure: -1
09-07 14:44:53.613 E/android.hardware.audio@7.1-impl.ranchu(  488): pcmRead:222 failure: -1
09-07 14:44:53.718 E/android.hardware.audio@7.1-impl.ranchu(  488): pcmRead:222 failure: -1
09-07 14:44:53.823 E/android.hardware.audio@7.1-impl.ranchu(  488): pcmRead:222 failure: -1
09-07 14:44:53.926 E/android.hardware.audio@7.1-impl.ranchu(  488): pcmRead:222 failure: -1
09-07 14:44:54.029 E/android.hardware.audio@7.1-impl.ranchu(  488): pcmRead:222 failure: -1
09-07 14:44:54.134 E/android.hardware.audio@7.1-impl.ranchu(  488): pcmRead:222 failure: -1
09-07 14:44:54.240 E/android.hardware.audio@7.1-impl.ranchu(  488): pcmRead:222 failure: -1
09-07 14:44:54.343 E/android.hardware.audio@7.1-impl.ranchu(  488): pcmRead:222 failure: -1
09-07 14:44:54.446 E/android.hardware.audio@7.1-impl.ranchu(  488): pcmRead:222 failure: -1
09-07 14:44:54.550 E/android.hardware.audio@7.1-impl.ranchu(  488): pcmRead:222 failure: -1
09-07 14:44:54.655 E/android.hardware.audio@7.1-impl.ranchu(  488): pcmRead:222 failure: -1
09-07 14:44:54.763 E/android.hardware.audio@7.1-impl.ranchu(  488): pcmRead:222 failure: -1
09-07 14:44:54.867 E/android.hardware.audio@7.1-impl.ranchu(  488): pcmRead:222 failure: -1
09-07 14:44:54.976 E/android.hardware.audio@7.1-impl.ranchu(  488): pcmRead:222 failure: -1
09-07 14:44:55.001 E/android.hardware.audio@7.1-impl.ranchu(  488): updateSinkMetadata:387 failure: Result::NOT_SUPPORTED
09-07 14:44:55.079 E/android.hardware.audio@7.1-impl.ranchu(  488): pcmRead:222 failure: -1
09-07 14:44:55.163 E/AppOps  (  695): attributionTag  not declared in manifest of com.google.android.tts
09-07 14:44:55.166 E/AppOps  (  695): attributionTag  not declared in manifest of com.google.android.tts
09-07 14:44:55.574 E/AppOps  (  695): attributionTag  not declared in manifest of com.google.android.tts
09-07 14:44:55.576 E/AppOps  (  695): attributionTag  not declared in manifest of com.google.android.tts
09-07 14:44:55.602 E/VoiceSearchConfigUtils(22841): Unrecognized recognizer for [ja-JP, 3053]: 23. Ignoring it and its associated features.
09-07 14:44:55.603 E/VoiceSearchConfigUtils(22841): Unrecognized recognizer for [ja-JP, 3053]: 22. Ignoring it and its associated features.
09-07 14:44:55.603 E/VoiceSearchConfigUtils(22841): Unrecognized recognizer for [ja-JP, 3053]: 23. Ignoring it and its associated features.
09-07 14:44:55.603 E/VoiceSearchConfigUtils(22841): Unrecognized recognizer for [ja-JP, 3053]: 22. Ignoring it and its associated features.
09-07 14:44:55.603 E/VoiceSearchConfigUtils(22841): Unrecognized recognizer for [ja-JP, 3053]: 23. Ignoring it and its associated features.
09-07 14:44:55.603 E/VoiceSearchConfigUtils(22841): Unrecognized recognizer for [ja-JP, 3053]: 22. Ignoring it and its associated features.
09-07 14:44:55.603 E/VoiceSearchConfigUtils(22841): Unrecognized recognizer for [ja-JP, 3053]: 22. Ignoring it and its associated features.
09-07 14:44:55.603 E/VoiceSearchConfigUtils(22841): Unrecognized recognizer for [ja-JP, 3053]: 22. Ignoring it and its associated features.
09-07 14:44:55.604 E/VoiceSearchConfigUtils(22841): Unrecognized recognizer for [ja-JP, 3054]: 23. Ignoring it and its associated features.
09-07 14:44:55.604 E/VoiceSearchConfigUtils(22841): Unrecognized recognizer for [ja-JP, 3054]: 22. Ignoring it and its associated features.
09-07 14:44:55.604 E/VoiceSearchConfigUtils(22841): Unrecognized recognizer for [ja-JP, 3054]: 23. Ignoring it and its associated features.
09-07 14:44:55.604 E/VoiceSearchConfigUtils(22841): Unrecognized recognizer for [ja-JP, 3054]: 22. Ignoring it and its associated features.
09-07 14:44:55.604 E/VoiceSearchConfigUtils(22841): Unrecognized recognizer for [ja-JP, 3054]: 23. Ignoring it and its associated features.
09-07 14:44:55.604 E/VoiceSearchConfigUtils(22841): Unrecognized recognizer for [ja-JP, 3054]: 22. Ignoring it and its associated features.
09-07 14:44:55.604 E/VoiceSearchConfigUtils(22841): Unrecognized recognizer for [ja-JP, 3054]: 22. Ignoring it and its associated features.
09-07 14:44:55.604 E/VoiceSearchConfigUtils(22841): Unrecognized recognizer for [ja-JP, 3054]: 22. Ignoring it and its associated features.
09-07 14:44:55.604 E/VoiceSearchConfigUtils(22841): Unrecognized recognizer for [ja-JP, 3056]: 23. Ignoring it and its associated features.
09-07 14:44:55.605 E/VoiceSearchConfigUtils(22841): Unrecognized recognizer for [ja-JP, 3056]: 22. Ignoring it and its associated features.
09-07 14:44:55.605 E/VoiceSearchConfigUtils(22841): Unrecognized recognizer for [ja-JP, 3056]: 23. Ignoring it and its associated features.
09-07 14:44:55.605 E/VoiceSearchConfigUtils(22841): Unrecognized recognizer for [ja-JP, 3056]: 22. Ignoring it and its associated features.
09-07 14:44:55.605 E/VoiceSearchConfigUtils(22841): Unrecognized recognizer for [ja-JP, 3056]: 23. Ignoring it and its associated features.
09-07 14:44:55.605 E/VoiceSearchConfigUtils(22841): Unrecognized recognizer for [ja-JP, 3056]: 22. Ignoring it and its associated features.
09-07 14:44:55.605 E/VoiceSearchConfigUtils(22841): Unrecognized recognizer for [ja-JP, 3056]: 22. Ignoring it and its associated features.
09-07 14:44:55.605 E/VoiceSearchConfigUtils(22841): Unrecognized recognizer for [ja-JP, 3056]: 22. Ignoring it and its associated features.
09-07 14:44:55.655 E/VoiceSearchConfigUtils(22841): Unrecognized recognizer for [ja-JP, 3053]: 23. Ignoring it and its associated features.
09-07 14:44:55.656 E/VoiceSearchConfigUtils(22841): Unrecognized recognizer for [ja-JP, 3053]: 22. Ignoring it and its associated features.
09-07 14:44:55.656 E/VoiceSearchConfigUtils(22841): Unrecognized recognizer for [ja-JP, 3053]: 23. Ignoring it and its associated features.
09-07 14:44:55.656 E/VoiceSearchConfigUtils(22841): Unrecognized recognizer for [ja-JP, 3053]: 22. Ignoring it and its associated features.
09-07 14:44:55.656 E/VoiceSearchConfigUtils(22841): Unrecognized recognizer for [ja-JP, 3053]: 23. Ignoring it and its associated features.
09-07 14:44:55.656 E/VoiceSearchConfigUtils(22841): Unrecognized recognizer for [ja-JP, 3053]: 22. Ignoring it and its associated features.
09-07 14:44:55.656 E/VoiceSearchConfigUtils(22841): Unrecognized recognizer for [ja-JP, 3053]: 22. Ignoring it and its associated features.
09-07 14:44:55.656 E/VoiceSearchConfigUtils(22841): Unrecognized recognizer for [ja-JP, 3053]: 22. Ignoring it and its associated features.
09-07 14:44:55.661 E/VoiceSearchConfigUtils(22841): Unrecognized recognizer for [ja-JP, 3054]: 23. Ignoring it and its associated features.
09-07 14:44:55.662 E/VoiceSearchConfigUtils(22841): Unrecognized recognizer for [ja-JP, 3054]: 22. Ignoring it and its associated features.
09-07 14:44:55.662 E/VoiceSearchConfigUtils(22841): Unrecognized recognizer for [ja-JP, 3054]: 23. Ignoring it and its associated features.
09-07 14:44:55.662 E/VoiceSearchConfigUtils(22841): Unrecognized recognizer for [ja-JP, 3054]: 22. Ignoring it and its associated features.
09-07 14:44:55.662 E/VoiceSearchConfigUtils(22841): Unrecognized recognizer for [ja-JP, 3054]: 23. Ignoring it and its associated features.
09-07 14:44:55.662 E/VoiceSearchConfigUtils(22841): Unrecognized recognizer for [ja-JP, 3054]: 22. Ignoring it and its associated features.
09-07 14:44:55.662 E/VoiceSearchConfigUtils(22841): Unrecognized recognizer for [ja-JP, 3054]: 22. Ignoring it and its associated features.
09-07 14:44:55.662 E/VoiceSearchConfigUtils(22841): Unrecognized recognizer for [ja-JP, 3054]: 22. Ignoring it and its associated features.
09-07 14:44:55.663 E/VoiceSearchConfigUtils(22841): Unrecognized recognizer for [ja-JP, 3056]: 23. Ignoring it and its associated features.
09-07 14:44:55.663 E/VoiceSearchConfigUtils(22841): Unrecognized recognizer for [ja-JP, 3056]: 22. Ignoring it and its associated features.
09-07 14:44:55.663 E/VoiceSearchConfigUtils(22841): Unrecognized recognizer for [ja-JP, 3056]: 23. Ignoring it and its associated features.
09-07 14:44:55.663 E/VoiceSearchConfigUtils(22841): Unrecognized recognizer for [ja-JP, 3056]: 22. Ignoring it and its associated features.
09-07 14:44:55.663 E/VoiceSearchConfigUtils(22841): Unrecognized recognizer for [ja-JP, 3056]: 23. Ignoring it and its associated features.
09-07 14:44:55.663 E/VoiceSearchConfigUtils(22841): Unrecognized recognizer for [ja-JP, 3056]: 22. Ignoring it and its associated features.
09-07 14:44:55.663 E/VoiceSearchConfigUtils(22841): Unrecognized recognizer for [ja-JP, 3056]: 22. Ignoring it and its associated features.
09-07 14:44:55.663 E/VoiceSearchConfigUtils(22841): Unrecognized recognizer for [ja-JP, 3056]: 22. Ignoring it and its associated features.
09-07 14:44:55.679 E/android.hardware.audio@7.1-impl.ranchu(  488): updateSinkMetadata:387 failure: Result::NOT_SUPPORTED
09-07 14:44:56.046 E/AppOps  (  695): attributionTag  not declared in manifest of com.google.android.tts
09-07 14:44:56.050 E/AppOps  (  695): attributionTag  not declared in manifest of com.google.android.tts
09-07 14:44:56.148 E/android.hardware.audio@7.1-impl.ranchu(  488): pcmWrite:260 failure: -1
09-07 14:44:56.258 E/android.hardware.audio@7.1-impl.ranchu(  488): pcmWrite:260 failure: -1
09-07 14:44:56.258 E/android.hardware.audio@7.1-impl.ranchu(  488): pcmRead:222 failure: -1
09-07 14:44:56.357 E/AppOps  (  695): attributionTag  not declared in manifest of com.google.android.tts
09-07 14:44:56.359 E/AppOps  (  695): attributionTag  not declared in manifest of com.google.android.tts
09-07 14:44:56.364 E/android.hardware.audio@7.1-impl.ranchu(  488): pcmRead:222 failure: -1
09-07 14:44:56.366 E/android.hardware.audio@7.1-impl.ranchu(  488): pcmWrite:260 failure: -1
09-07 14:44:56.466 E/android.hardware.audio@7.1-impl.ranchu(  488): pcmRead:222 failure: -1
09-07 14:44:56.474 E/android.hardware.audio@7.1-impl.ranchu(  488): pcmWrite:260 failure: -1
09-07 14:44:56.572 E/android.hardware.audio@7.1-impl.ranchu(  488): pcmRead:222 failure: -1
09-07 14:44:56.578 E/android.hardware.audio@7.1-impl.ranchu(  488): pcmWrite:260 failure: -1
09-07 14:44:56.674 E/android.hardware.audio@7.1-impl.ranchu(  488): pcmRead:222 failure: -1
09-07 14:44:56.682 E/android.hardware.audio@7.1-impl.ranchu(  488): pcmWrite:260 failure: -1
09-07 14:44:56.778 E/android.hardware.audio@7.1-impl.ranchu(  488): pcmRead:222 failure: -1
09-07 14:44:56.791 E/android.hardware.audio@7.1-impl.ranchu(  488): pcmWrite:260 failure: -1
09-07 14:44:56.883 E/android.hardware.audio@7.1-impl.ranchu(  488): pcmRead:222 failure: -1
09-07 14:44:56.898 E/android.hardware.audio@7.1-impl.ranchu(  488): pcmWrite:260 failure: -1
09-07 14:44:57.003 E/android.hardware.audio@7.1-impl.ranchu(  488): pcmRead:222 failure: -1
09-07 14:44:57.015 E/android.hardware.audio@7.1-impl.ranchu(  488): pcmWrite:260 failure: -1
09-07 14:44:57.107 E/android.hardware.audio@7.1-impl.ranchu(  488): pcmRead:222 failure: -1
09-07 14:44:57.107 E/TransitionChain(  695): Can't collect into a chain with no transition
09-07 14:44:57.122 E/android.hardware.audio@7.1-impl.ranchu(  488): pcmWrite:260 failure: -1
09-07 14:44:57.210 E/android.hardware.audio@7.1-impl.ranchu(  488): pcmRead:222 failure: -1
09-07 14:44:57.227 E/android.hardware.audio@7.1-impl.ranchu(  488): pcmWrite:260 failure: -1
09-07 14:44:57.281 E/ImeBackDispatcher(24025): Ime callback not found. Ignoring unregisterReceivedCallback. callbackId: 21511613
09-07 14:44:57.315 E/android.hardware.audio@7.1-impl.ranchu(  488): pcmRead:222 failure: -1
09-07 14:44:57.336 E/android.hardware.audio@7.1-impl.ranchu(  488): pcmWrite:260 failure: -1
09-07 14:44:57.418 E/android.hardware.audio@7.1-impl.ranchu(  488): pcmRead:222 failure: -1
09-07 14:44:57.442 E/android.hardware.audio@7.1-impl.ranchu(  488): pcmWrite:260 failure: -1
09-07 14:44:57.523 E/android.hardware.audio@7.1-impl.ranchu(  488): pcmRead:222 failure: -1
09-07 14:44:57.550 E/android.hardware.audio@7.1-impl.ranchu(  488): pcmWrite:260 failure: -1
09-07 14:44:57.626 E/android.hardware.audio@7.1-impl.ranchu(  488): pcmRead:222 failure: -1
09-07 14:44:57.654 E/android.hardware.audio@7.1-impl.ranchu(  488): pcmWrite:260 failure: -1
09-07 14:44:57.730 E/android.hardware.audio@7.1-impl.ranchu(  488): pcmRead:222 failure: -1
09-07 14:44:57.757 E/android.hardware.audio@7.1-impl.ranchu(  488): pcmWrite:260 failure: -1
09-07 14:44:57.839 E/android.hardware.audio@7.1-impl.ranchu(  488): pcmRead:222 failure: -1
09-07 14:44:57.862 E/android.hardware.audio@7.1-impl.ranchu(  488): pcmWrite:260 failure: -1
09-07 14:44:57.942 E/android.hardware.audio@7.1-impl.ranchu(  488): pcmRead:222 failure: -1
09-07 14:44:57.966 E/android.hardware.audio@7.1-impl.ranchu(  488): pcmWrite:260 failure: -1
09-07 14:44:58.036 E/android.hardware.audio@7.1-impl.ranchu(  488): updateSinkMetadata:387 failure: Result::NOT_SUPPORTED
09-07 14:44:58.069 E/android.hardware.audio@7.1-impl.ranchu(  488): pcmRead:222 failure: -1
09-07 14:44:58.146 E/android.hardware.audio@7.1-impl.ranchu(  488): pcmWrite:260 failure: -1
09-07 14:44:58.173 E/AppOps  (  695): attributionTag  not declared in manifest of com.google.android.tts
09-07 14:44:58.174 E/AppOps  (  695): attributionTag  not declared in manifest of com.google.android.tts
09-07 14:44:58.251 E/android.hardware.audio@7.1-impl.ranchu(  488): pcmWrite:260 failure: -1
09-07 14:44:58.355 E/android.hardware.audio@7.1-impl.ranchu(  488): pcmWrite:260 failure: -1
09-07 14:44:58.458 E/android.hardware.audio@7.1-impl.ranchu(  488): pcmWrite:260 failure: -1
09-07 14:44:58.561 E/android.hardware.audio@7.1-impl.ranchu(  488): pcmWrite:260 failure: -1
09-07 14:44:58.606 E/AppOps  (  695): attributionTag  not declared in manifest of com.google.android.tts
09-07 14:44:58.607 E/AppOps  (  695): attributionTag  not declared in manifest of com.google.android.tts
09-07 14:44:58.667 E/android.hardware.audio@7.1-impl.ranchu(  488): pcmWrite:260 failure: -1
09-07 14:44:58.680 E/VoiceSearchConfigUtils(22841): Unrecognized recognizer for [ja-JP, 3053]: 23. Ignoring it and its associated features.
09-07 14:44:58.680 E/VoiceSearchConfigUtils(22841): Unrecognized recognizer for [ja-JP, 3053]: 22. Ignoring it and its associated features.
09-07 14:44:58.680 E/VoiceSearchConfigUtils(22841): Unrecognized recognizer for [ja-JP, 3053]: 23. Ignoring it and its associated features.
09-07 14:44:58.680 E/VoiceSearchConfigUtils(22841): Unrecognized recognizer for [ja-JP, 3053]: 22. Ignoring it and its associated features.
09-07 14:44:58.680 E/VoiceSearchConfigUtils(22841): Unrecognized recognizer for [ja-JP, 3053]: 23. Ignoring it and its associated features.
09-07 14:44:58.681 E/VoiceSearchConfigUtils(22841): Unrecognized recognizer for [ja-JP, 3053]: 22. Ignoring it and its associated features.
09-07 14:44:58.681 E/VoiceSearchConfigUtils(22841): Unrecognized recognizer for [ja-JP, 3053]: 22. Ignoring it and its associated features.
09-07 14:44:58.681 E/VoiceSearchConfigUtils(22841): Unrecognized recognizer for [ja-JP, 3053]: 22. Ignoring it and its associated features.
09-07 14:44:58.698 E/VoiceSearchConfigUtils(22841): Unrecognized recognizer for [ja-JP, 3054]: 23. Ignoring it and its associated features.
09-07 14:44:58.698 E/VoiceSearchConfigUtils(22841): Unrecognized recognizer for [ja-JP, 3054]: 22. Ignoring it and its associated features.
09-07 14:44:58.698 E/VoiceSearchConfigUtils(22841): Unrecognized recognizer for [ja-JP, 3054]: 23. Ignoring it and its associated features.
09-07 14:44:58.698 E/VoiceSearchConfigUtils(22841): Unrecognized recognizer for [ja-JP, 3054]: 22. Ignoring it and its associated features.
09-07 14:44:58.698 E/VoiceSearchConfigUtils(22841): Unrecognized recognizer for [ja-JP, 3054]: 23. Ignoring it and its associated features.
09-07 14:44:58.698 E/VoiceSearchConfigUtils(22841): Unrecognized recognizer for [ja-JP, 3054]: 22. Ignoring it and its associated features.
09-07 14:44:58.698 E/VoiceSearchConfigUtils(22841): Unrecognized recognizer for [ja-JP, 3054]: 22. Ignoring it and its associated features.
09-07 14:44:58.698 E/VoiceSearchConfigUtils(22841): Unrecognized recognizer for [ja-JP, 3054]: 22. Ignoring it and its associated features.
09-07 14:44:58.701 E/VoiceSearchConfigUtils(22841): Unrecognized recognizer for [ja-JP, 3056]: 23. Ignoring it and its associated features.
09-07 14:44:58.701 E/VoiceSearchConfigUtils(22841): Unrecognized recognizer for [ja-JP, 3056]: 22. Ignoring it and its associated features.
09-07 14:44:58.701 E/VoiceSearchConfigUtils(22841): Unrecognized recognizer for [ja-JP, 3056]: 23. Ignoring it and its associated features.
09-07 14:44:58.701 E/VoiceSearchConfigUtils(22841): Unrecognized recognizer for [ja-JP, 3056]: 22. Ignoring it and its associated features.
09-07 14:44:58.701 E/VoiceSearchConfigUtils(22841): Unrecognized recognizer for [ja-JP, 3056]: 23. Ignoring it and its associated features.
09-07 14:44:58.701 E/VoiceSearchConfigUtils(22841): Unrecognized recognizer for [ja-JP, 3056]: 22. Ignoring it and its associated features.
09-07 14:44:58.701 E/VoiceSearchConfigUtils(22841): Unrecognized recognizer for [ja-JP, 3056]: 22. Ignoring it and its associated features.
09-07 14:44:58.701 E/VoiceSearchConfigUtils(22841): Unrecognized recognizer for [ja-JP, 3056]: 22. Ignoring it and its associated features.
09-07 14:44:58.746 E/VoiceSearchConfigUtils(22841): Unrecognized recognizer for [ja-JP, 3053]: 23. Ignoring it and its associated features.
09-07 14:44:58.746 E/VoiceSearchConfigUtils(22841): Unrecognized recognizer for [ja-JP, 3053]: 22. Ignoring it and its associated features.
09-07 14:44:58.746 E/VoiceSearchConfigUtils(22841): Unrecognized recognizer for [ja-JP, 3053]: 23. Ignoring it and its associated features.
09-07 14:44:58.746 E/VoiceSearchConfigUtils(22841): Unrecognized recognizer for [ja-JP, 3053]: 22. Ignoring it and its associated features.
09-07 14:44:58.746 E/VoiceSearchConfigUtils(22841): Unrecognized recognizer for [ja-JP, 3053]: 23. Ignoring it and its associated features.
09-07 14:44:58.746 E/VoiceSearchConfigUtils(22841): Unrecognized recognizer for [ja-JP, 3053]: 22. Ignoring it and its associated features.
09-07 14:44:58.746 E/VoiceSearchConfigUtils(22841): Unrecognized recognizer for [ja-JP, 3053]: 22. Ignoring it and its associated features.
09-07 14:44:58.746 E/VoiceSearchConfigUtils(22841): Unrecognized recognizer for [ja-JP, 3053]: 22. Ignoring it and its associated features.
09-07 14:44:58.746 E/VoiceSearchConfigUtils(22841): Unrecognized recognizer for [ja-JP, 3054]: 23. Ignoring it and its associated features.
09-07 14:44:58.746 E/VoiceSearchConfigUtils(22841): Unrecognized recognizer for [ja-JP, 3054]: 22. Ignoring it and its associated features.
09-07 14:44:58.746 E/VoiceSearchConfigUtils(22841): Unrecognized recognizer for [ja-JP, 3054]: 23. Ignoring it and its associated features.
09-07 14:44:58.746 E/VoiceSearchConfigUtils(22841): Unrecognized recognizer for [ja-JP, 3054]: 22. Ignoring it and its associated features.
09-07 14:44:58.746 E/VoiceSearchConfigUtils(22841): Unrecognized recognizer for [ja-JP, 3054]: 23. Ignoring it and its associated features.
09-07 14:44:58.746 E/VoiceSearchConfigUtils(22841): Unrecognized recognizer for [ja-JP, 3054]: 22. Ignoring it and its associated features.
09-07 14:44:58.746 E/VoiceSearchConfigUtils(22841): Unrecognized recognizer for [ja-JP, 3054]: 22. Ignoring it and its associated features.
09-07 14:44:58.746 E/VoiceSearchConfigUtils(22841): Unrecognized recognizer for [ja-JP, 3054]: 22. Ignoring it and its associated features.
09-07 14:44:58.746 E/VoiceSearchConfigUtils(22841): Unrecognized recognizer for [ja-JP, 3056]: 23. Ignoring it and its associated features.
09-07 14:44:58.747 E/VoiceSearchConfigUtils(22841): Unrecognized recognizer for [ja-JP, 3056]: 22. Ignoring it and its associated features.
09-07 14:44:58.747 E/VoiceSearchConfigUtils(22841): Unrecognized recognizer for [ja-JP, 3056]: 23. Ignoring it and its associated features.
09-07 14:44:58.747 E/VoiceSearchConfigUtils(22841): Unrecognized recognizer for [ja-JP, 3056]: 22. Ignoring it and its associated features.
09-07 14:44:58.747 E/VoiceSearchConfigUtils(22841): Unrecognized recognizer for [ja-JP, 3056]: 23. Ignoring it and its associated features.
09-07 14:44:58.747 E/VoiceSearchConfigUtils(22841): Unrecognized recognizer for [ja-JP, 3056]: 22. Ignoring it and its associated features.
09-07 14:44:58.747 E/VoiceSearchConfigUtils(22841): Unrecognized recognizer for [ja-JP, 3056]: 22. Ignoring it and its associated features.
09-07 14:44:58.747 E/VoiceSearchConfigUtils(22841): Unrecognized recognizer for [ja-JP, 3056]: 22. Ignoring it and its associated features.
09-07 14:44:58.767 E/android.hardware.audio@7.1-impl.ranchu(  488): updateSinkMetadata:387 failure: Result::NOT_SUPPORTED
09-07 14:44:58.777 E/android.hardware.audio@7.1-impl.ranchu(  488): pcmWrite:260 failure: -1
09-07 14:44:58.783 E/AppOps  (  695): attributionTag  not declared in manifest of com.google.android.tts
09-07 14:44:58.785 E/AppOps  (  695): attributionTag  not declared in manifest of com.google.android.tts
09-07 14:44:59.103 E/android.hardware.audio@7.1-impl.ranchu(  488): pcmWrite:260 failure: -1
09-07 14:44:59.205 E/android.hardware.audio@7.1-impl.ranchu(  488): pcmWrite:260 failure: -1
09-07 14:44:59.309 E/AppOps  (  695): attributionTag  not declared in manifest of com.google.android.tts
09-07 14:44:59.310 E/android.hardware.audio@7.1-impl.ranchu(  488): pcmWrite:260 failure: -1
09-07 14:44:59.310 E/AppOps  (  695): attributionTag  not declared in manifest of com.google.android.tts
09-07 14:44:59.411 E/TaskPersister(  695): File error accessing recents directory (directory doesn't exist?).
09-07 14:44:59.415 E/android.hardware.audio@7.1-impl.ranchu(  488): pcmWrite:260 failure: -1
09-07 14:44:59.519 E/android.hardware.audio@7.1-impl.ranchu(  488): pcmWrite:260 failure: -1
09-07 14:44:59.622 E/android.hardware.audio@7.1-impl.ranchu(  488): pcmWrite:260 failure: -1
09-07 14:44:59.730 E/android.hardware.audio@7.1-impl.ranchu(  488): pcmWrite:260 failure: -1
09-07 14:44:59.834 E/android.hardware.audio@7.1-impl.ranchu(  488): pcmWrite:260 failure: -1
09-07 14:44:59.938 E/android.hardware.audio@7.1-impl.ranchu(  488): pcmWrite:260 failure: -1
09-07 14:45:00.046 E/android.hardware.audio@7.1-impl.ranchu(  488): pcmWrite:260 failure: -1
09-07 14:45:00.150 E/android.hardware.audio@7.1-impl.ranchu(  488): pcmWrite:260 failure: -1
09-07 14:45:00.226 E/android.hardware.audio@7.1-impl.ranchu(  488): pcmRead:222 failure: -1
09-07 14:45:00.253 E/android.hardware.audio@7.1-impl.ranchu(  488): pcmWrite:260 failure: -1
09-07 14:45:00.329 E/android.hardware.audio@7.1-impl.ranchu(  488): pcmRead:222 failure: -1
09-07 14:45:00.357 E/android.hardware.audio@7.1-impl.ranchu(  488): pcmWrite:260 failure: -1
09-07 14:45:00.433 E/android.hardware.audio@7.1-impl.ranchu(  488): pcmRead:222 failure: -1
09-07 14:45:00.461 E/android.hardware.audio@7.1-impl.ranchu(  488): pcmWrite:260 failure: -1
09-07 14:45:00.537 E/android.hardware.audio@7.1-impl.ranchu(  488): pcmRead:222 failure: -1
09-07 14:45:00.566 E/android.hardware.audio@7.1-impl.ranchu(  488): pcmWrite:260 failure: -1
09-07 14:45:00.643 E/android.hardware.audio@7.1-impl.ranchu(  488): pcmRead:222 failure: -1
09-07 14:45:00.670 E/android.hardware.audio@7.1-impl.ranchu(  488): pcmWrite:260 failure: -1
09-07 14:45:00.746 E/android.hardware.audio@7.1-impl.ranchu(  488): pcmRead:222 failure: -1
09-07 14:45:00.775 E/android.hardware.audio@7.1-impl.ranchu(  488): pcmWrite:260 failure: -1
09-07 14:45:00.783 E/android.hardware.audio@7.1-impl.ranchu(  488): updateSinkMetadata:387 failure: Result::NOT_SUPPORTED
09-07 14:45:00.849 E/android.hardware.audio@7.1-impl.ranchu(  488): pcmRead:222 failure: -1
09-07 14:45:00.906 E/android.hardware.audio@7.1-impl.ranchu(  488): pcmWrite:260 failure: -1
09-07 14:45:00.930 E/AppOps  (  695): attributionTag  not declared in manifest of com.google.android.tts
09-07 14:45:00.934 E/AppOps  (  695): attributionTag  not declared in manifest of com.google.android.tts
09-07 14:45:01.010 E/android.hardware.audio@7.1-impl.ranchu(  488): pcmWrite:260 failure: -1
09-07 14:45:01.118 E/android.hardware.audio@7.1-impl.ranchu(  488): pcmWrite:260 failure: -1
09-07 14:45:01.221 E/android.hardware.audio@7.1-impl.ranchu(  488): pcmWrite:260 failure: -1
09-07 14:45:01.325 E/android.hardware.audio@7.1-impl.ranchu(  488): pcmWrite:260 failure: -1
09-07 14:45:01.363 E/AppOps  (  695): attributionTag  not declared in manifest of com.google.android.tts
09-07 14:45:01.364 E/AppOps  (  695): attributionTag  not declared in manifest of com.google.android.tts
09-07 14:45:01.435 E/android.hardware.audio@7.1-impl.ranchu(  488): pcmWrite:260 failure: -1
09-07 14:45:01.538 E/android.hardware.audio@7.1-impl.ranchu(  488): pcmWrite:260 failure: -1
09-07 14:45:01.549 E/VoiceSearchConfigUtils(22841): Unrecognized recognizer for [ja-JP, 3053]: 23. Ignoring it and its associated features.
09-07 14:45:01.549 E/VoiceSearchConfigUtils(22841): Unrecognized recognizer for [ja-JP, 3053]: 22. Ignoring it and its associated features.
09-07 14:45:01.549 E/VoiceSearchConfigUtils(22841): Unrecognized recognizer for [ja-JP, 3053]: 23. Ignoring it and its associated features.
09-07 14:45:01.549 E/VoiceSearchConfigUtils(22841): Unrecognized recognizer for [ja-JP, 3053]: 22. Ignoring it and its associated features.
09-07 14:45:01.549 E/VoiceSearchConfigUtils(22841): Unrecognized recognizer for [ja-JP, 3053]: 23. Ignoring it and its associated features.
09-07 14:45:01.549 E/VoiceSearchConfigUtils(22841): Unrecognized recognizer for [ja-JP, 3053]: 22. Ignoring it and its associated features.
09-07 14:45:01.549 E/VoiceSearchConfigUtils(22841): Unrecognized recognizer for [ja-JP, 3053]: 22. Ignoring it and its associated features.
09-07 14:45:01.549 E/VoiceSearchConfigUtils(22841): Unrecognized recognizer for [ja-JP, 3053]: 22. Ignoring it and its associated features.
09-07 14:45:01.550 E/android.hardware.audio@7.1-impl.ranchu(  488): updateSinkMetadata:387 failure: Result::NOT_SUPPORTED
09-07 14:45:01.550 E/VoiceSearchConfigUtils(22841): Unrecognized recognizer for [ja-JP, 3054]: 23. Ignoring it and its associated features.
09-07 14:45:01.551 E/VoiceSearchConfigUtils(22841): Unrecognized recognizer for [ja-JP, 3054]: 22. Ignoring it and its associated features.
09-07 14:45:01.551 E/VoiceSearchConfigUtils(22841): Unrecognized recognizer for [ja-JP, 3054]: 23. Ignoring it and its associated features.
09-07 14:45:01.551 E/VoiceSearchConfigUtils(22841): Unrecognized recognizer for [ja-JP, 3054]: 22. Ignoring it and its associated features.
09-07 14:45:01.551 E/VoiceSearchConfigUtils(22841): Unrecognized recognizer for [ja-JP, 3054]: 23. Ignoring it and its associated features.
09-07 14:45:01.551 E/VoiceSearchConfigUtils(22841): Unrecognized recognizer for [ja-JP, 3054]: 22. Ignoring it and its associated features.
09-07 14:45:01.551 E/VoiceSearchConfigUtils(22841): Unrecognized recognizer for [ja-JP, 3054]: 22. Ignoring it and its associated features.
09-07 14:45:01.551 E/VoiceSearchConfigUtils(22841): Unrecognized recognizer for [ja-JP, 3054]: 22. Ignoring it and its associated features.
09-07 14:45:01.551 E/VoiceSearchConfigUtils(22841): Unrecognized recognizer for [ja-JP, 3056]: 23. Ignoring it and its associated features.
09-07 14:45:01.554 E/VoiceSearchConfigUtils(22841): Unrecognized recognizer for [ja-JP, 3056]: 22. Ignoring it and its associated features.
09-07 14:45:01.554 E/VoiceSearchConfigUtils(22841): Unrecognized recognizer for [ja-JP, 3056]: 23. Ignoring it and its associated features.
09-07 14:45:01.554 E/VoiceSearchConfigUtils(22841): Unrecognized recognizer for [ja-JP, 3056]: 22. Ignoring it and its associated features.
09-07 14:45:01.554 E/VoiceSearchConfigUtils(22841): Unrecognized recognizer for [ja-JP, 3056]: 23. Ignoring it and its associated features.
09-07 14:45:01.554 E/VoiceSearchConfigUtils(22841): Unrecognized recognizer for [ja-JP, 3056]: 22. Ignoring it and its associated features.
09-07 14:45:01.554 E/VoiceSearchConfigUtils(22841): Unrecognized recognizer for [ja-JP, 3056]: 22. Ignoring it and its associated features.
09-07 14:45:01.554 E/VoiceSearchConfigUtils(22841): Unrecognized recognizer for [ja-JP, 3056]: 22. Ignoring it and its associated features.
09-07 14:45:01.573 E/VoiceSearchConfigUtils(22841): Unrecognized recognizer for [ja-JP, 3053]: 23. Ignoring it and its associated features.
09-07 14:45:01.573 E/VoiceSearchConfigUtils(22841): Unrecognized recognizer for [ja-JP, 3053]: 22. Ignoring it and its associated features.
09-07 14:45:01.573 E/VoiceSearchConfigUtils(22841): Unrecognized recognizer for [ja-JP, 3053]: 23. Ignoring it and its associated features.
09-07 14:45:01.573 E/VoiceSearchConfigUtils(22841): Unrecognized recognizer for [ja-JP, 3053]: 22. Ignoring it and its associated features.
09-07 14:45:01.573 E/VoiceSearchConfigUtils(22841): Unrecognized recognizer for [ja-JP, 3053]: 23. Ignoring it and its associated features.
09-07 14:45:01.573 E/VoiceSearchConfigUtils(22841): Unrecognized recognizer for [ja-JP, 3053]: 22. Ignoring it and its associated features.
09-07 14:45:01.573 E/VoiceSearchConfigUtils(22841): Unrecognized recognizer for [ja-JP, 3053]: 22. Ignoring it and its associated features.
09-07 14:45:01.573 E/VoiceSearchConfigUtils(22841): Unrecognized recognizer for [ja-JP, 3053]: 22. Ignoring it and its associated features.
09-07 14:45:01.576 E/VoiceSearchConfigUtils(22841): Unrecognized recognizer for [ja-JP, 3054]: 23. Ignoring it and its associated features.
09-07 14:45:01.578 E/VoiceSearchConfigUtils(22841): Unrecognized recognizer for [ja-JP, 3054]: 22. Ignoring it and its associated features.
09-07 14:45:01.578 E/VoiceSearchConfigUtils(22841): Unrecognized recognizer for [ja-JP, 3054]: 23. Ignoring it and its associated features.
09-07 14:45:01.578 E/VoiceSearchConfigUtils(22841): Unrecognized recognizer for [ja-JP, 3054]: 22. Ignoring it and its associated features.
09-07 14:45:01.578 E/VoiceSearchConfigUtils(22841): Unrecognized recognizer for [ja-JP, 3054]: 23. Ignoring it and its associated features.
09-07 14:45:01.579 E/VoiceSearchConfigUtils(22841): Unrecognized recognizer for [ja-JP, 3054]: 22. Ignoring it and its associated features.
09-07 14:45:01.579 E/VoiceSearchConfigUtils(22841): Unrecognized recognizer for [ja-JP, 3054]: 22. Ignoring it and its associated features.
09-07 14:45:01.579 E/VoiceSearchConfigUtils(22841): Unrecognized recognizer for [ja-JP, 3054]: 22. Ignoring it and its associated features.
09-07 14:45:01.579 E/VoiceSearchConfigUtils(22841): Unrecognized recognizer for [ja-JP, 3056]: 23. Ignoring it and its associated features.
09-07 14:45:01.579 E/VoiceSearchConfigUtils(22841): Unrecognized recognizer for [ja-JP, 3056]: 22. Ignoring it and its associated features.
09-07 14:45:01.579 E/VoiceSearchConfigUtils(22841): Unrecognized recognizer for [ja-JP, 3056]: 23. Ignoring it and its associated features.
09-07 14:45:01.579 E/VoiceSearchConfigUtils(22841): Unrecognized recognizer for [ja-JP, 3056]: 22. Ignoring it and its associated features.
09-07 14:45:01.579 E/VoiceSearchConfigUtils(22841): Unrecognized recognizer for [ja-JP, 3056]: 23. Ignoring it and its associated features.
09-07 14:45:01.579 E/VoiceSearchConfigUtils(22841): Unrecognized recognizer for [ja-JP, 3056]: 22. Ignoring it and its associated features.
09-07 14:45:01.579 E/VoiceSearchConfigUtils(22841): Unrecognized recognizer for [ja-JP, 3056]: 22. Ignoring it and its associated features.
09-07 14:45:01.579 E/VoiceSearchConfigUtils(22841): Unrecognized recognizer for [ja-JP, 3056]: 22. Ignoring it and its associated features.
09-07 14:45:01.913 E/android.hardware.audio@7.1-impl.ranchu(  488): pcmWrite:260 failure: -1
09-07 14:45:01.982 E/AppOps  (  695): attributionTag  not declared in manifest of com.google.android.tts
09-07 14:45:01.984 E/AppOps  (  695): attributionTag  not declared in manifest of com.google.android.tts
09-07 14:45:02.018 E/android.hardware.audio@7.1-impl.ranchu(  488): pcmWrite:260 failure: -1
09-07 14:45:02.122 E/android.hardware.audio@7.1-impl.ranchu(  488): pcmWrite:260 failure: -1
09-07 14:45:02.226 E/android.hardware.audio@7.1-impl.ranchu(  488): pcmWrite:260 failure: -1
09-07 14:45:02.239 E/AppOps  (  695): attributionTag  not declared in manifest of com.google.android.tts
09-07 14:45:02.240 E/AppOps  (  695): attributionTag  not declared in manifest of com.google.android.tts
09-07 14:45:02.330 E/android.hardware.audio@7.1-impl.ranchu(  488): pcmWrite:260 failure: -1
09-07 14:45:02.434 E/android.hardware.audio@7.1-impl.ranchu(  488): pcmWrite:260 failure: -1
09-07 14:45:02.496 E/ApiService(24025): Error deleting session
09-07 14:45:02.496 E/ApiService(24025): kotlinx.coroutines.JobCancellationException: Job was cancelled; job=SupervisorJobImpl{Cancelling}@c510116
09-07 14:45:02.497 E/SessionManager(24025): Failed to stop session on backend
09-07 14:45:02.542 E/android.hardware.audio@7.1-impl.ranchu(  488): pcmWrite:260 failure: -1
09-07 14:45:02.627 E/android.hardware.audio@7.1-impl.ranchu(  488): updateSinkMetadata:387 failure: Result::NOT_SUPPORTED
09-07 14:45:02.687 E/android.hardware.audio@7.1-impl.ranchu(  488): pcmWrite:260 failure: -1
09-07 14:45:02.800 E/android.hardware.audio@7.1-impl.ranchu(  488): pcmWrite:260 failure: -1
09-07 14:45:02.902 E/android.hardware.audio@7.1-impl.ranchu(  488): pcmWrite:260 failure: -1
09-07 14:45:03.006 E/android.hardware.audio@7.1-impl.ranchu(  488): pcmWrite:260 failure: -1
09-07 14:45:03.110 E/android.hardware.audio@7.1-impl.ranchu(  488): pcmWrite:260 failure: -1
09-07 14:45:03.214 E/android.hardware.audio@7.1-impl.ranchu(  488): pcmWrite:260 failure: -1
09-07 14:45:03.318 E/android.hardware.audio@7.1-impl.ranchu(  488): pcmWrite:260 failure: -1
09-07 14:45:03.423 E/android.hardware.audio@7.1-impl.ranchu(  488): pcmWrite:260 failure: -1
09-07 14:45:03.525 E/android.hardware.audio@7.1-impl.ranchu(  488): pcmWrite:260 failure: -1
09-07 14:45:03.630 E/android.hardware.audio@7.1-impl.ranchu(  488): pcmWrite:260 failure: -1
09-07 14:45:03.733 E/android.hardware.audio@7.1-impl.ranchu(  488): pcmWrite:260 failure: -1
09-07 14:45:03.838 E/android.hardware.audio@7.1-impl.ranchu(  488): pcmWrite:260 failure: -1
09-07 14:45:03.942 E/android.hardware.audio@7.1-impl.ranchu(  488): pcmWrite:260 failure: -1
09-07 14:45:04.045 E/android.hardware.audio@7.1-impl.ranchu(  488): pcmWrite:260 failure: -1
09-07 14:45:04.150 E/android.hardware.audio@7.1-impl.ranchu(  488): pcmWrite:260 failure: -1
09-07 14:45:04.254 E/android.hardware.audio@7.1-impl.ranchu(  488): pcmWrite:260 failure: -1
09-07 14:45:04.362 E/android.hardware.audio@7.1-impl.ranchu(  488): pcmWrite:260 failure: -1
09-07 14:45:04.467 E/android.hardware.audio@7.1-impl.ranchu(  488): pcmWrite:260 failure: -1
09-07 14:45:04.571 E/android.hardware.audio@7.1-impl.ranchu(  488): pcmWrite:260 failure: -1
09-07 14:45:04.675 E/android.hardware.audio@7.1-impl.ranchu(  488): pcmWrite:260 failure: -1
09-07 14:45:04.779 E/android.hardware.audio@7.1-impl.ranchu(  488): pcmWrite:260 failure: -1
09-07 14:45:04.883 E/android.hardware.audio@7.1-impl.ranchu(  488): pcmWrite:260 failure: -1
09-07 14:45:04.986 E/android.hardware.audio@7.1-impl.ranchu(  488): pcmWrite:260 failure: -1
09-07 14:45:05.090 E/android.hardware.audio@7.1-impl.ranchu(  488): pcmWrite:260 failure: -1
09-07 14:45:05.194 E/android.hardware.audio@7.1-impl.ranchu(  488): pcmWrite:260 failure: -1
09-07 14:45:05.298 E/android.hardware.audio@7.1-impl.ranchu(  488): pcmWrite:260 failure: -1
