--------- beginning of main
09-07 15:07:51.416 E/Parcel  (25610): Reading a NULL string not supported here.
09-07 15:07:51.472 E/IPCThreadState(25610): Binder transaction failure. id: 3061635, BR_*: 29201, error: -1 (Operation not permitted)
09-07 15:07:51.476 E/IPCThreadState(25610): Binder transaction failure. id: 3061639, BR_*: 29201, error: -1 (Operation not permitted)
09-07 15:07:51.483 E/IPCThreadState(25610): Binder transaction failure. id: 3061644, BR_*: 29201, error: -1 (Operation not permitted)
09-07 15:07:51.485 E/IPCThreadState(25610): Binder transaction failure. id: 3061648, BR_*: 29201, error: -1 (Operation not permitted)
09-07 15:07:51.490 E/IPCThreadState(25610): Binder transaction failure. id: 3061652, BR_*: 29201, error: -1 (Operation not permitted)
09-07 15:07:51.490 E/IPCThreadState(25610): Binder transaction failure. id: 3061656, BR_*: 29201, error: -1 (Operation not permitted)
09-07 15:07:51.492 E/IPCThreadState(25610): Binder transaction failure. id: 3061661, BR_*: 29201, error: -1 (Operation not permitted)
09-07 15:07:51.493 E/IPCThreadState(25610): Binder transaction failure. id: 3061670, BR_*: 29201, error: -1 (Operation not permitted)
09-07 15:07:51.499 E/IPCThreadState(25610): Binder transaction failure. id: 3061679, BR_*: 29201, error: -1 (Operation not permitted)
09-07 15:07:51.499 E/IPCThreadState(25610): Binder transaction failure. id: 3061683, BR_*: 29201, error: -1 (Operation not permitted)
09-07 15:07:51.501 E/IPCThreadState(25610): Binder transaction failure. id: 3061692, BR_*: 29201, error: -1 (Operation not permitted)
09-07 15:07:51.501 E/IPCThreadState(25610): Binder transaction failure. id: 3061696, BR_*: 29201, error: -1 (Operation not permitted)
09-07 15:07:51.503 E/IPCThreadState(25610): Binder transaction failure. id: 3061700, BR_*: 29201, error: -1 (Operation not permitted)
09-07 15:07:51.504 E/IPCThreadState(25610): Binder transaction failure. id: 3061704, BR_*: 29201, error: -1 (Operation not permitted)
09-07 15:07:51.510 E/IPCThreadState(25610): Binder transaction failure. id: 3061729, BR_*: 29201, error: -1 (Operation not permitted)
09-07 15:07:51.511 E/IPCThreadState(25610): Binder transaction failure. id: 3061733, BR_*: 29201, error: -1 (Operation not permitted)
09-07 15:07:51.512 E/IPCThreadState(25610): Binder transaction failure. id: 3061737, BR_*: 29201, error: -1 (Operation not permitted)
09-07 15:07:51.514 E/IPCThreadState(25610): Binder transaction failure. id: 3061741, BR_*: 29201, error: -1 (Operation not permitted)
09-07 15:07:51.515 E/IPCThreadState(25610): Binder transaction failure. id: 3061745, BR_*: 29201, error: -1 (Operation not permitted)
09-07 15:07:51.517 E/IPCThreadState(25610): Binder transaction failure. id: 3061749, BR_*: 29201, error: -1 (Operation not permitted)
09-07 15:07:51.518 E/IPCThreadState(25610): Binder transaction failure. id: 3061753, BR_*: 29201, error: -1 (Operation not permitted)
09-07 15:07:51.518 E/IPCThreadState(25610): Binder transaction failure. id: 3061757, BR_*: 29201, error: -1 (Operation not permitted)
09-07 15:07:51.520 E/IPCThreadState(25610): Binder transaction failure. id: 3061761, BR_*: 29201, error: -1 (Operation not permitted)
09-07 15:07:51.521 E/IPCThreadState(25610): Binder transaction failure. id: 3061765, BR_*: 29201, error: -1 (Operation not permitted)
09-07 15:07:51.523 E/IPCThreadState(25610): Binder transaction failure. id: 3061769, BR_*: 29201, error: -1 (Operation not permitted)
09-07 15:07:51.524 E/IPCThreadState(25610): Binder transaction failure. id: 3061773, BR_*: 29201, error: -1 (Operation not permitted)
09-07 15:07:51.525 E/IPCThreadState(25610): Binder transaction failure. id: 3061778, BR_*: 29201, error: -1 (Operation not permitted)
09-07 15:07:51.541 E/IPCThreadState(25610): Binder transaction failure. id: 3061793, BR_*: 29201, error: -1 (Operation not permitted)
09-07 15:07:51.543 E/IPCThreadState(25610): Binder transaction failure. id: 3061797, BR_*: 29201, error: -1 (Operation not permitted)
09-07 15:07:51.544 E/IPCThreadState(25610): Binder transaction failure. id: 3061802, BR_*: 29201, error: -1 (Operation not permitted)
09-07 15:07:51.546 E/IPCThreadState(25610): Binder transaction failure. id: 3061806, BR_*: 29201, error: -1 (Operation not permitted)
09-07 15:07:51.547 E/IPCThreadState(25610): Binder transaction failure. id: 3061810, BR_*: 29201, error: -1 (Operation not permitted)
09-07 15:07:51.548 E/IPCThreadState(25610): Binder transaction failure. id: 3061814, BR_*: 29201, error: -1 (Operation not permitted)
09-07 15:07:51.550 E/IPCThreadState(25610): Binder transaction failure. id: 3061818, BR_*: 29201, error: -1 (Operation not permitted)
09-07 15:07:51.552 E/IPCThreadState(25610): Binder transaction failure. id: 3061822, BR_*: 29201, error: -1 (Operation not permitted)
09-07 15:07:51.553 E/IPCThreadState(25610): Binder transaction failure. id: 3061826, BR_*: 29201, error: -1 (Operation not permitted)
09-07 15:07:51.554 E/IPCThreadState(25610): Binder transaction failure. id: 3061830, BR_*: 29201, error: -1 (Operation not permitted)
09-07 15:07:51.579 E/IPCThreadState(25610): Binder transaction failure. id: 3061878, BR_*: 29201, error: -1 (Operation not permitted)
09-07 15:07:51.579 E/IPCThreadState(25610): Binder transaction failure. id: 3061882, BR_*: 29201, error: -1 (Operation not permitted)
09-07 15:07:51.583 E/IPCThreadState(25610): Binder transaction failure. id: 3061891, BR_*: 29201, error: -1 (Operation not permitted)
09-07 15:07:51.584 E/Parcel  (25610): Reading a NULL string not supported here.
09-07 15:07:51.594 E/IPCThreadState(25610): Binder transaction failure. id: 3061936, BR_*: 29201, error: -1 (Operation not permitted)
09-07 15:07:51.603 E/Parcel  (25610): Reading a NULL string not supported here.
09-07 15:07:51.604 E/Parcel  (25610): Reading a NULL string not supported here.
09-07 15:07:51.618 E/Parcel  (25610): Reading a NULL string not supported here.
09-07 15:07:51.656 E/Parcel  (25610): Reading a NULL string not supported here.
09-07 15:07:51.664 E/Parcel  (25610): Reading a NULL string not supported here.
09-07 15:07:51.667 E/Parcel  (25610): Reading a NULL string not supported here.
09-07 15:07:51.678 E/Parcel  (25610): Reading a NULL string not supported here.
09-07 15:07:51.681 E/Parcel  (25610): Reading a NULL string not supported here.
09-07 15:07:51.705 E/Parcel  (25610): Reading a NULL string not supported here.
09-07 15:07:51.718 E/Parcel  (25610): Reading a NULL string not supported here.
09-07 15:07:51.778 E/Parcel  (25610): Reading a NULL string not supported here.
09-07 15:07:51.784 E/Parcel  (25610): Reading a NULL string not supported here.
09-07 15:07:51.845 E/Parcel  (25610): Reading a NULL string not supported here.
09-07 15:07:51.866 E/Parcel  (25610): Reading a NULL string not supported here.
09-07 15:07:51.874 E/IPCThreadState(25610): Binder transaction failure. id: 3062554, BR_*: 29201, error: -1 (Operation not permitted)
09-07 15:07:51.915 E/Parcel  (25610): Reading a NULL string not supported here.
09-07 15:07:51.939 E/Parcel  (25610): Reading a NULL string not supported here.
09-07 15:07:51.969 E/Parcel  (25610): Reading a NULL string not supported here.
09-07 15:07:51.976 E/Parcel  (25610): Reading a NULL string not supported here.
09-07 15:07:52.013 E/IPCThreadState(25610): Binder transaction failure. id: 3063058, BR_*: 29201, error: -1 (Operation not permitted)
09-07 15:07:52.048 E/Parcel  (25612): Reading a NULL string not supported here.
09-07 15:07:52.060 E/IPCThreadState(25612): Binder transaction failure. id: 3063175, BR_*: 29201, error: -1 (Operation not permitted)
09-07 15:07:52.061 E/IPCThreadState(25612): Binder transaction failure. id: 3063179, BR_*: 29201, error: -1 (Operation not permitted)
09-07 15:07:52.061 E/IPCThreadState(25612): Binder transaction failure. id: 3063183, BR_*: 29201, error: -1 (Operation not permitted)
09-07 15:07:52.061 E/IPCThreadState(25612): Binder transaction failure. id: 3063187, BR_*: 29201, error: -1 (Operation not permitted)
09-07 15:07:52.061 E/IPCThreadState(25612): Binder transaction failure. id: 3063191, BR_*: 29201, error: -1 (Operation not permitted)
09-07 15:07:52.061 E/IPCThreadState(25612): Binder transaction failure. id: 3063195, BR_*: 29201, error: -1 (Operation not permitted)
09-07 15:07:52.061 E/IPCThreadState(25612): Binder transaction failure. id: 3063199, BR_*: 29201, error: -1 (Operation not permitted)
09-07 15:07:52.062 E/IPCThreadState(25612): Binder transaction failure. id: 3063208, BR_*: 29201, error: -1 (Operation not permitted)
09-07 15:07:52.063 E/IPCThreadState(25612): Binder transaction failure. id: 3063217, BR_*: 29201, error: -1 (Operation not permitted)
09-07 15:07:52.063 E/IPCThreadState(25612): Binder transaction failure. id: 3063221, BR_*: 29201, error: -1 (Operation not permitted)
09-07 15:07:52.064 E/IPCThreadState(25612): Binder transaction failure. id: 3063230, BR_*: 29201, error: -1 (Operation not permitted)
09-07 15:07:52.064 E/IPCThreadState(25612): Binder transaction failure. id: 3063234, BR_*: 29201, error: -1 (Operation not permitted)
09-07 15:07:52.064 E/IPCThreadState(25612): Binder transaction failure. id: 3063238, BR_*: 29201, error: -1 (Operation not permitted)
09-07 15:07:52.064 E/IPCThreadState(25612): Binder transaction failure. id: 3063242, BR_*: 29201, error: -1 (Operation not permitted)
09-07 15:07:52.070 E/IPCThreadState(25612): Binder transaction failure. id: 3063266, BR_*: 29201, error: -1 (Operation not permitted)
09-07 15:07:52.071 E/IPCThreadState(25612): Binder transaction failure. id: 3063270, BR_*: 29201, error: -1 (Operation not permitted)
09-07 15:07:52.071 E/IPCThreadState(25612): Binder transaction failure. id: 3063274, BR_*: 29201, error: -1 (Operation not permitted)
09-07 15:07:52.071 E/IPCThreadState(25612): Binder transaction failure. id: 3063278, BR_*: 29201, error: -1 (Operation not permitted)
09-07 15:07:52.071 E/IPCThreadState(25612): Binder transaction failure. id: 3063282, BR_*: 29201, error: -1 (Operation not permitted)
09-07 15:07:52.071 E/IPCThreadState(25612): Binder transaction failure. id: 3063286, BR_*: 29201, error: -1 (Operation not permitted)
09-07 15:07:52.071 E/IPCThreadState(25612): Binder transaction failure. id: 3063290, BR_*: 29201, error: -1 (Operation not permitted)
09-07 15:07:52.071 E/IPCThreadState(25612): Binder transaction failure. id: 3063294, BR_*: 29201, error: -1 (Operation not permitted)
09-07 15:07:52.071 E/IPCThreadState(25612): Binder transaction failure. id: 3063298, BR_*: 29201, error: -1 (Operation not permitted)
09-07 15:07:52.071 E/IPCThreadState(25612): Binder transaction failure. id: 3063302, BR_*: 29201, error: -1 (Operation not permitted)
09-07 15:07:52.071 E/IPCThreadState(25612): Binder transaction failure. id: 3063306, BR_*: 29201, error: -1 (Operation not permitted)
09-07 15:07:52.071 E/IPCThreadState(25612): Binder transaction failure. id: 3063310, BR_*: 29201, error: -1 (Operation not permitted)
09-07 15:07:52.071 E/IPCThreadState(25612): Binder transaction failure. id: 3063314, BR_*: 29201, error: -1 (Operation not permitted)
09-07 15:07:52.079 E/IPCThreadState(25612): Binder transaction failure. id: 3063330, BR_*: 29201, error: -1 (Operation not permitted)
09-07 15:07:52.079 E/IPCThreadState(25612): Binder transaction failure. id: 3063334, BR_*: 29201, error: -1 (Operation not permitted)
09-07 15:07:52.079 E/IPCThreadState(25612): Binder transaction failure. id: 3063338, BR_*: 29201, error: -1 (Operation not permitted)
09-07 15:07:52.079 E/IPCThreadState(25612): Binder transaction failure. id: 3063342, BR_*: 29201, error: -1 (Operation not permitted)
09-07 15:07:52.079 E/IPCThreadState(25612): Binder transaction failure. id: 3063346, BR_*: 29201, error: -1 (Operation not permitted)
09-07 15:07:52.079 E/IPCThreadState(25612): Binder transaction failure. id: 3063350, BR_*: 29201, error: -1 (Operation not permitted)
09-07 15:07:52.079 E/IPCThreadState(25612): Binder transaction failure. id: 3063354, BR_*: 29201, error: -1 (Operation not permitted)
09-07 15:07:52.079 E/IPCThreadState(25612): Binder transaction failure. id: 3063358, BR_*: 29201, error: -1 (Operation not permitted)
09-07 15:07:52.079 E/IPCThreadState(25612): Binder transaction failure. id: 3063362, BR_*: 29201, error: -1 (Operation not permitted)
09-07 15:07:52.080 E/IPCThreadState(25612): Binder transaction failure. id: 3063366, BR_*: 29201, error: -1 (Operation not permitted)
09-07 15:07:52.097 E/IPCThreadState(25612): Binder transaction failure. id: 3063413, BR_*: 29201, error: -1 (Operation not permitted)
09-07 15:07:52.099 E/IPCThreadState(25612): Binder transaction failure. id: 3063417, BR_*: 29201, error: -1 (Operation not permitted)
09-07 15:07:52.102 E/IPCThreadState(25612): Binder transaction failure. id: 3063426, BR_*: 29201, error: -1 (Operation not permitted)
09-07 15:07:52.104 E/Parcel  (25612): Reading a NULL string not supported here.
09-07 15:07:52.118 E/IPCThreadState(25612): Binder transaction failure. id: 3063471, BR_*: 29201, error: -1 (Operation not permitted)
09-07 15:07:52.119 E/Parcel  (25612): Reading a NULL string not supported here.
09-07 15:07:52.119 E/Parcel  (25612): Reading a NULL string not supported here.
09-07 15:07:52.119 E/Parcel  (25612): Reading a NULL string not supported here.
09-07 15:07:52.119 E/Parcel  (25612): Reading a NULL string not supported here.
09-07 15:07:52.119 E/Parcel  (25612): Reading a NULL string not supported here.
09-07 15:07:52.120 E/Parcel  (25612): Reading a NULL string not supported here.
09-07 15:07:52.120 E/Parcel  (25612): Reading a NULL string not supported here.
09-07 15:07:52.120 E/Parcel  (25612): Reading a NULL string not supported here.
09-07 15:07:52.124 E/Parcel  (25612): Reading a NULL string not supported here.
09-07 15:07:52.128 E/Parcel  (25612): Reading a NULL string not supported here.
09-07 15:07:52.154 E/Parcel  (25612): Reading a NULL string not supported here.
09-07 15:07:52.155 E/Parcel  (25612): Reading a NULL string not supported here.
09-07 15:07:52.173 E/Parcel  (25612): Reading a NULL string not supported here.
09-07 15:07:52.180 E/Parcel  (25612): Reading a NULL string not supported here.
09-07 15:07:52.181 E/IPCThreadState(25612): Binder transaction failure. id: 3064075, BR_*: 29201, error: -1 (Operation not permitted)
09-07 15:07:52.183 E/Parcel  (25612): Reading a NULL string not supported here.
09-07 15:07:52.184 E/Parcel  (25612): Reading a NULL string not supported here.
09-07 15:07:52.199 E/Parcel  (25612): Reading a NULL string not supported here.
09-07 15:07:52.210 E/Parcel  (25612): Reading a NULL string not supported here.
09-07 15:07:52.273 E/IPCThreadState(25612): Binder transaction failure. id: 3064575, BR_*: 29201, error: -1 (Operation not permitted)
09-07 15:07:54.598 E/SystemServiceRegistry(  695): No service published for: persistent_data_block
09-07 15:07:54.598 E/SystemServiceRegistry(  695): android.os.ServiceManager$ServiceNotFoundException: No service published for: persistent_data_block
09-07 15:07:54.598 E/SystemServiceRegistry(  695): 	at android.os.ServiceManager.getServiceOrThrow(ServiceManager.java:203)
09-07 15:07:54.598 E/SystemServiceRegistry(  695): 	at android.app.SystemServiceRegistry$82.createService(SystemServiceRegistry.java:1110)
09-07 15:07:54.598 E/SystemServiceRegistry(  695): 	at android.app.SystemServiceRegistry$82.createService(SystemServiceRegistry.java:1107)
09-07 15:07:54.598 E/SystemServiceRegistry(  695): 	at android.app.SystemServiceRegistry$StaticServiceFetcher.getService(SystemServiceRegistry.java:2405)
09-07 15:07:54.598 E/SystemServiceRegistry(  695): 	at android.app.SystemServiceRegistry.getSystemService(SystemServiceRegistry.java:1918)
09-07 15:07:54.598 E/SystemServiceRegistry(  695): 	at android.app.ContextImpl.getSystemService(ContextImpl.java:2315)
09-07 15:07:54.598 E/SystemServiceRegistry(  695): 	at android.content.Context.getSystemService(Context.java:4630)
09-07 15:07:54.598 E/SystemServiceRegistry(  695): 	at com.android.server.pm.PackageInstallerSession.markAsSealed(PackageInstallerSession.java:2449)
09-07 15:07:54.598 E/SystemServiceRegistry(  695): 	at com.android.server.pm.PackageInstallerSession.commit(PackageInstallerSession.java:2198)
09-07 15:07:54.598 E/SystemServiceRegistry(  695): 	at android.content.pm.PackageInstaller$Session.commit(PackageInstaller.java:1988)
09-07 15:07:54.598 E/SystemServiceRegistry(  695): 	at com.android.server.pm.PackageManagerShellCommand.doCommitSession(PackageManagerShellCommand.java:4316)
09-07 15:07:54.598 E/SystemServiceRegistry(  695): 	at com.android.server.pm.PackageManagerShellCommand.doRunInstall(PackageManagerShellCommand.java:1641)
09-07 15:07:54.598 E/SystemServiceRegistry(  695): 	at com.android.server.pm.PackageManagerShellCommand.runInstall(PackageManagerShellCommand.java:1562)
09-07 15:07:54.598 E/SystemServiceRegistry(  695): 	at com.android.server.pm.PackageManagerShellCommand.onCommand(PackageManagerShellCommand.java:246)
09-07 15:07:54.598 E/SystemServiceRegistry(  695): 	at com.android.modules.utils.BasicShellCommandHandler.exec(BasicShellCommandHandler.java:97)
09-07 15:07:54.598 E/SystemServiceRegistry(  695): 	at android.os.ShellCommand.exec(ShellCommand.java:38)
09-07 15:07:54.598 E/SystemServiceRegistry(  695): 	at com.android.server.pm.PackageManagerService$IPackageManagerImpl.onShellCommand(PackageManagerService.java:6684)
09-07 15:07:54.598 E/SystemServiceRegistry(  695): 	at android.os.Binder.shellCommand(Binder.java:1151)
09-07 15:07:54.598 E/SystemServiceRegistry(  695): 	at android.os.Binder.onTransact(Binder.java:953)
09-07 15:07:54.598 E/SystemServiceRegistry(  695): 	at android.content.pm.IPackageManager$Stub.onTransact(IPackageManager.java:4729)
09-07 15:07:54.598 E/SystemServiceRegistry(  695): 	at com.android.server.pm.PackageManagerService$IPackageManagerImpl.onTransact(PackageManagerService.java:6668)
09-07 15:07:54.598 E/SystemServiceRegistry(  695): 	at android.os.Binder.execTransactInternal(Binder.java:1426)
09-07 15:07:54.598 E/SystemServiceRegistry(  695): 	at android.os.Binder.execTransact(Binder.java:1365)
--------- beginning of system
09-07 15:07:54.604 E/SystemServiceRegistry(  695): Manager wrapper not available: persistent_data_block
09-07 15:07:54.954 E/SmsApplication( 1046): com.google.android.apps.messaging lost android:read_cell_broadcasts:  (fixing)
09-07 15:07:54.960 E/AppOps  (  695): attributionTag VCN not declared in manifest of android
09-07 15:07:55.127 E/SmsApplication( 1046): com.google.android.apps.messaging lost android:read_cell_broadcasts:  (fixing)
09-07 15:07:55.230 E/SmsApplication( 1046): com.google.android.apps.messaging lost android:read_cell_broadcasts:  (fixing)
09-07 15:07:55.249 E/RoleControllerServiceImpl(  695): Default/fallback role holder package doesn't qualify for the role, package: com.google.android.gms.supervision, role: android.app.role.SYSTEM_SUPERVISION
09-07 15:07:55.310 E/RoleControllerServiceImpl(  695): Default/fallback role holder package doesn't qualify for the role, package: com.google.android.gms, role: android.app.role.WALLET
09-07 15:07:55.444 E/Finsky  (21875): [118] [Counters] attempted to use a non-positive increment for: 4752
09-07 15:07:55.444 E/Finsky  (21875): [118] [Counters] attempted to use a non-positive increment for: 4753
09-07 15:07:55.532 E/Finsky  (21875): [108] [Counters] attempted to use a non-positive increment for: 4752
09-07 15:07:55.533 E/Finsky  (21875): [108] [Counters] attempted to use a non-positive increment for: 4753
09-07 15:07:55.855 E/Finsky  (21875): [118] [Counters] attempted to use a non-positive increment for: 4752
09-07 15:07:55.855 E/Finsky  (21875): [118] [Counters] attempted to use a non-positive increment for: 4753
09-07 15:07:55.963 E/AppOps  (  695): attributionTag VCN not declared in manifest of android
09-07 15:07:56.007 E/Finsky  (21875): [118] [Counters] attempted to use a non-positive increment for: 4752
09-07 15:07:56.011 E/Finsky  (21875): [118] [Counters] attempted to use a non-positive increment for: 4753
09-07 15:07:57.685 E/ashmem  (25631): Pinning is deprecated since Android Q. Please use trim or other methods.
09-07 15:07:59.380 E/TaskPersister(  695): File error accessing recents directory (directory doesn't exist?).
09-07 15:08:07.317 W/System.err(25631): SLF4J: No SLF4J providers were found.
09-07 15:08:07.317 W/System.err(25631): SLF4J: Defaulting to no-operation (NOP) logger implementation
09-07 15:08:07.317 W/System.err(25631): SLF4J: See https://www.slf4j.org/codes.html#noProviders for further details.
09-07 15:08:07.762 E/VoiceSearchConfigUtils(22841): Unrecognized recognizer for [ja-JP, 3053]: 23. Ignoring it and its associated features.
09-07 15:08:07.764 E/VoiceSearchConfigUtils(22841): Unrecognized recognizer for [ja-JP, 3053]: 22. Ignoring it and its associated features.
09-07 15:08:07.764 E/VoiceSearchConfigUtils(22841): Unrecognized recognizer for [ja-JP, 3053]: 23. Ignoring it and its associated features.
09-07 15:08:07.764 E/VoiceSearchConfigUtils(22841): Unrecognized recognizer for [ja-JP, 3053]: 22. Ignoring it and its associated features.
09-07 15:08:07.764 E/VoiceSearchConfigUtils(22841): Unrecognized recognizer for [ja-JP, 3053]: 23. Ignoring it and its associated features.
09-07 15:08:07.764 E/VoiceSearchConfigUtils(22841): Unrecognized recognizer for [ja-JP, 3053]: 22. Ignoring it and its associated features.
09-07 15:08:07.765 E/VoiceSearchConfigUtils(22841): Unrecognized recognizer for [ja-JP, 3053]: 22. Ignoring it and its associated features.
09-07 15:08:07.765 E/VoiceSearchConfigUtils(22841): Unrecognized recognizer for [ja-JP, 3053]: 22. Ignoring it and its associated features.
09-07 15:08:07.765 E/VoiceSearchConfigUtils(22841): Unrecognized recognizer for [ja-JP, 3054]: 23. Ignoring it and its associated features.
09-07 15:08:07.765 E/VoiceSearchConfigUtils(22841): Unrecognized recognizer for [ja-JP, 3054]: 22. Ignoring it and its associated features.
09-07 15:08:07.766 E/VoiceSearchConfigUtils(22841): Unrecognized recognizer for [ja-JP, 3054]: 23. Ignoring it and its associated features.
09-07 15:08:07.766 E/VoiceSearchConfigUtils(22841): Unrecognized recognizer for [ja-JP, 3054]: 22. Ignoring it and its associated features.
09-07 15:08:07.766 E/VoiceSearchConfigUtils(22841): Unrecognized recognizer for [ja-JP, 3054]: 23. Ignoring it and its associated features.
09-07 15:08:07.766 E/VoiceSearchConfigUtils(22841): Unrecognized recognizer for [ja-JP, 3054]: 22. Ignoring it and its associated features.
09-07 15:08:07.766 E/VoiceSearchConfigUtils(22841): Unrecognized recognizer for [ja-JP, 3054]: 22. Ignoring it and its associated features.
09-07 15:08:07.766 E/VoiceSearchConfigUtils(22841): Unrecognized recognizer for [ja-JP, 3054]: 22. Ignoring it and its associated features.
09-07 15:08:07.769 E/VoiceSearchConfigUtils(22841): Unrecognized recognizer for [ja-JP, 3056]: 23. Ignoring it and its associated features.
09-07 15:08:07.770 E/VoiceSearchConfigUtils(22841): Unrecognized recognizer for [ja-JP, 3056]: 22. Ignoring it and its associated features.
09-07 15:08:07.770 E/VoiceSearchConfigUtils(22841): Unrecognized recognizer for [ja-JP, 3056]: 23. Ignoring it and its associated features.
09-07 15:08:07.770 E/VoiceSearchConfigUtils(22841): Unrecognized recognizer for [ja-JP, 3056]: 22. Ignoring it and its associated features.
09-07 15:08:07.770 E/VoiceSearchConfigUtils(22841): Unrecognized recognizer for [ja-JP, 3056]: 23. Ignoring it and its associated features.
09-07 15:08:07.770 E/VoiceSearchConfigUtils(22841): Unrecognized recognizer for [ja-JP, 3056]: 22. Ignoring it and its associated features.
09-07 15:08:07.770 E/VoiceSearchConfigUtils(22841): Unrecognized recognizer for [ja-JP, 3056]: 22. Ignoring it and its associated features.
09-07 15:08:07.770 E/VoiceSearchConfigUtils(22841): Unrecognized recognizer for [ja-JP, 3056]: 22. Ignoring it and its associated features.
09-07 15:08:07.790 E/VoiceSearchConfigUtils(22841): Unrecognized recognizer for [ja-JP, 3053]: 23. Ignoring it and its associated features.
09-07 15:08:07.795 E/VoiceSearchConfigUtils(22841): Unrecognized recognizer for [ja-JP, 3053]: 22. Ignoring it and its associated features.
09-07 15:08:07.800 E/VoiceSearchConfigUtils(22841): Unrecognized recognizer for [ja-JP, 3053]: 23. Ignoring it and its associated features.
09-07 15:08:07.800 E/VoiceSearchConfigUtils(22841): Unrecognized recognizer for [ja-JP, 3053]: 22. Ignoring it and its associated features.
09-07 15:08:07.802 E/VoiceSearchConfigUtils(22841): Unrecognized recognizer for [ja-JP, 3053]: 23. Ignoring it and its associated features.
09-07 15:08:07.804 E/VoiceSearchConfigUtils(22841): Unrecognized recognizer for [ja-JP, 3053]: 22. Ignoring it and its associated features.
09-07 15:08:07.804 E/VoiceSearchConfigUtils(22841): Unrecognized recognizer for [ja-JP, 3053]: 22. Ignoring it and its associated features.
09-07 15:08:07.804 E/VoiceSearchConfigUtils(22841): Unrecognized recognizer for [ja-JP, 3053]: 22. Ignoring it and its associated features.
09-07 15:08:07.805 E/VoiceSearchConfigUtils(22841): Unrecognized recognizer for [ja-JP, 3054]: 23. Ignoring it and its associated features.
09-07 15:08:07.806 E/VoiceSearchConfigUtils(22841): Unrecognized recognizer for [ja-JP, 3054]: 22. Ignoring it and its associated features.
09-07 15:08:07.806 E/VoiceSearchConfigUtils(22841): Unrecognized recognizer for [ja-JP, 3054]: 23. Ignoring it and its associated features.
09-07 15:08:07.806 E/VoiceSearchConfigUtils(22841): Unrecognized recognizer for [ja-JP, 3054]: 22. Ignoring it and its associated features.
09-07 15:08:07.806 E/VoiceSearchConfigUtils(22841): Unrecognized recognizer for [ja-JP, 3054]: 23. Ignoring it and its associated features.
09-07 15:08:07.806 E/VoiceSearchConfigUtils(22841): Unrecognized recognizer for [ja-JP, 3054]: 22. Ignoring it and its associated features.
09-07 15:08:07.806 E/VoiceSearchConfigUtils(22841): Unrecognized recognizer for [ja-JP, 3054]: 22. Ignoring it and its associated features.
09-07 15:08:07.806 E/VoiceSearchConfigUtils(22841): Unrecognized recognizer for [ja-JP, 3054]: 22. Ignoring it and its associated features.
09-07 15:08:07.806 E/VoiceSearchConfigUtils(22841): Unrecognized recognizer for [ja-JP, 3056]: 23. Ignoring it and its associated features.
09-07 15:08:07.806 E/VoiceSearchConfigUtils(22841): Unrecognized recognizer for [ja-JP, 3056]: 22. Ignoring it and its associated features.
09-07 15:08:07.806 E/VoiceSearchConfigUtils(22841): Unrecognized recognizer for [ja-JP, 3056]: 23. Ignoring it and its associated features.
09-07 15:08:07.806 E/VoiceSearchConfigUtils(22841): Unrecognized recognizer for [ja-JP, 3056]: 22. Ignoring it and its associated features.
09-07 15:08:07.806 E/VoiceSearchConfigUtils(22841): Unrecognized recognizer for [ja-JP, 3056]: 23. Ignoring it and its associated features.
09-07 15:08:07.806 E/VoiceSearchConfigUtils(22841): Unrecognized recognizer for [ja-JP, 3056]: 22. Ignoring it and its associated features.
09-07 15:08:07.806 E/VoiceSearchConfigUtils(22841): Unrecognized recognizer for [ja-JP, 3056]: 22. Ignoring it and its associated features.
09-07 15:08:07.806 E/VoiceSearchConfigUtils(22841): Unrecognized recognizer for [ja-JP, 3056]: 22. Ignoring it and its associated features.
09-07 15:08:07.857 E/android.hardware.audio@7.1-impl.ranchu(  488): updateSinkMetadata:387 failure: Result::NOT_SUPPORTED
09-07 15:08:08.458 E/AppOps  (  695): attributionTag  not declared in manifest of com.google.android.tts
09-07 15:08:08.459 E/AppOps  (  695): attributionTag  not declared in manifest of com.google.android.tts
09-07 15:08:08.682 E/AppOps  (  695): attributionTag  not declared in manifest of com.google.android.tts
09-07 15:08:08.683 E/AppOps  (  695): attributionTag  not declared in manifest of com.google.android.tts
09-07 15:08:09.881 E/android.hardware.audio@7.1-impl.ranchu(  488): updateSinkMetadata:387 failure: Result::NOT_SUPPORTED
09-07 15:08:10.051 E/AppOps  (  695): attributionTag  not declared in manifest of com.google.android.tts
09-07 15:08:10.051 E/AppOps  (  695): attributionTag  not declared in manifest of com.google.android.tts
09-07 15:08:10.517 E/AppOps  (  695): attributionTag  not declared in manifest of com.google.android.tts
09-07 15:08:10.518 E/AppOps  (  695): attributionTag  not declared in manifest of com.google.android.tts
09-07 15:08:10.565 E/android.hardware.audio@7.1-impl.ranchu(  488): updateSinkMetadata:387 failure: Result::NOT_SUPPORTED
09-07 15:08:10.568 E/VoiceSearchConfigUtils(22841): Unrecognized recognizer for [ja-JP, 3053]: 23. Ignoring it and its associated features.
09-07 15:08:10.568 E/VoiceSearchConfigUtils(22841): Unrecognized recognizer for [ja-JP, 3053]: 22. Ignoring it and its associated features.
09-07 15:08:10.568 E/VoiceSearchConfigUtils(22841): Unrecognized recognizer for [ja-JP, 3053]: 23. Ignoring it and its associated features.
09-07 15:08:10.568 E/VoiceSearchConfigUtils(22841): Unrecognized recognizer for [ja-JP, 3053]: 22. Ignoring it and its associated features.
09-07 15:08:10.568 E/VoiceSearchConfigUtils(22841): Unrecognized recognizer for [ja-JP, 3053]: 23. Ignoring it and its associated features.
09-07 15:08:10.568 E/VoiceSearchConfigUtils(22841): Unrecognized recognizer for [ja-JP, 3053]: 22. Ignoring it and its associated features.
09-07 15:08:10.568 E/VoiceSearchConfigUtils(22841): Unrecognized recognizer for [ja-JP, 3053]: 22. Ignoring it and its associated features.
09-07 15:08:10.568 E/VoiceSearchConfigUtils(22841): Unrecognized recognizer for [ja-JP, 3053]: 22. Ignoring it and its associated features.
09-07 15:08:10.569 E/VoiceSearchConfigUtils(22841): Unrecognized recognizer for [ja-JP, 3054]: 23. Ignoring it and its associated features.
09-07 15:08:10.569 E/VoiceSearchConfigUtils(22841): Unrecognized recognizer for [ja-JP, 3054]: 22. Ignoring it and its associated features.
09-07 15:08:10.569 E/VoiceSearchConfigUtils(22841): Unrecognized recognizer for [ja-JP, 3054]: 23. Ignoring it and its associated features.
09-07 15:08:10.569 E/VoiceSearchConfigUtils(22841): Unrecognized recognizer for [ja-JP, 3054]: 22. Ignoring it and its associated features.
09-07 15:08:10.569 E/VoiceSearchConfigUtils(22841): Unrecognized recognizer for [ja-JP, 3054]: 23. Ignoring it and its associated features.
09-07 15:08:10.569 E/VoiceSearchConfigUtils(22841): Unrecognized recognizer for [ja-JP, 3054]: 22. Ignoring it and its associated features.
09-07 15:08:10.569 E/VoiceSearchConfigUtils(22841): Unrecognized recognizer for [ja-JP, 3054]: 22. Ignoring it and its associated features.
09-07 15:08:10.569 E/VoiceSearchConfigUtils(22841): Unrecognized recognizer for [ja-JP, 3054]: 22. Ignoring it and its associated features.
09-07 15:08:10.569 E/VoiceSearchConfigUtils(22841): Unrecognized recognizer for [ja-JP, 3056]: 23. Ignoring it and its associated features.
09-07 15:08:10.569 E/VoiceSearchConfigUtils(22841): Unrecognized recognizer for [ja-JP, 3056]: 22. Ignoring it and its associated features.
09-07 15:08:10.569 E/VoiceSearchConfigUtils(22841): Unrecognized recognizer for [ja-JP, 3056]: 23. Ignoring it and its associated features.
09-07 15:08:10.569 E/VoiceSearchConfigUtils(22841): Unrecognized recognizer for [ja-JP, 3056]: 22. Ignoring it and its associated features.
09-07 15:08:10.569 E/VoiceSearchConfigUtils(22841): Unrecognized recognizer for [ja-JP, 3056]: 23. Ignoring it and its associated features.
09-07 15:08:10.569 E/VoiceSearchConfigUtils(22841): Unrecognized recognizer for [ja-JP, 3056]: 22. Ignoring it and its associated features.
09-07 15:08:10.569 E/VoiceSearchConfigUtils(22841): Unrecognized recognizer for [ja-JP, 3056]: 22. Ignoring it and its associated features.
09-07 15:08:10.569 E/VoiceSearchConfigUtils(22841): Unrecognized recognizer for [ja-JP, 3056]: 22. Ignoring it and its associated features.
09-07 15:08:10.577 E/VoiceSearchConfigUtils(22841): Unrecognized recognizer for [ja-JP, 3053]: 23. Ignoring it and its associated features.
09-07 15:08:10.577 E/VoiceSearchConfigUtils(22841): Unrecognized recognizer for [ja-JP, 3053]: 22. Ignoring it and its associated features.
09-07 15:08:10.578 E/VoiceSearchConfigUtils(22841): Unrecognized recognizer for [ja-JP, 3053]: 23. Ignoring it and its associated features.
09-07 15:08:10.578 E/VoiceSearchConfigUtils(22841): Unrecognized recognizer for [ja-JP, 3053]: 22. Ignoring it and its associated features.
09-07 15:08:10.578 E/VoiceSearchConfigUtils(22841): Unrecognized recognizer for [ja-JP, 3053]: 23. Ignoring it and its associated features.
09-07 15:08:10.578 E/VoiceSearchConfigUtils(22841): Unrecognized recognizer for [ja-JP, 3053]: 22. Ignoring it and its associated features.
09-07 15:08:10.578 E/VoiceSearchConfigUtils(22841): Unrecognized recognizer for [ja-JP, 3053]: 22. Ignoring it and its associated features.
09-07 15:08:10.578 E/VoiceSearchConfigUtils(22841): Unrecognized recognizer for [ja-JP, 3053]: 22. Ignoring it and its associated features.
09-07 15:08:10.580 E/VoiceSearchConfigUtils(22841): Unrecognized recognizer for [ja-JP, 3054]: 23. Ignoring it and its associated features.
09-07 15:08:10.580 E/VoiceSearchConfigUtils(22841): Unrecognized recognizer for [ja-JP, 3054]: 22. Ignoring it and its associated features.
09-07 15:08:10.580 E/VoiceSearchConfigUtils(22841): Unrecognized recognizer for [ja-JP, 3054]: 23. Ignoring it and its associated features.
09-07 15:08:10.580 E/VoiceSearchConfigUtils(22841): Unrecognized recognizer for [ja-JP, 3054]: 22. Ignoring it and its associated features.
09-07 15:08:10.580 E/VoiceSearchConfigUtils(22841): Unrecognized recognizer for [ja-JP, 3054]: 23. Ignoring it and its associated features.
09-07 15:08:10.580 E/VoiceSearchConfigUtils(22841): Unrecognized recognizer for [ja-JP, 3054]: 22. Ignoring it and its associated features.
09-07 15:08:10.580 E/VoiceSearchConfigUtils(22841): Unrecognized recognizer for [ja-JP, 3054]: 22. Ignoring it and its associated features.
09-07 15:08:10.581 E/VoiceSearchConfigUtils(22841): Unrecognized recognizer for [ja-JP, 3054]: 22. Ignoring it and its associated features.
09-07 15:08:10.586 E/VoiceSearchConfigUtils(22841): Unrecognized recognizer for [ja-JP, 3056]: 23. Ignoring it and its associated features.
09-07 15:08:10.586 E/VoiceSearchConfigUtils(22841): Unrecognized recognizer for [ja-JP, 3056]: 22. Ignoring it and its associated features.
09-07 15:08:10.586 E/VoiceSearchConfigUtils(22841): Unrecognized recognizer for [ja-JP, 3056]: 23. Ignoring it and its associated features.
09-07 15:08:10.586 E/VoiceSearchConfigUtils(22841): Unrecognized recognizer for [ja-JP, 3056]: 22. Ignoring it and its associated features.
09-07 15:08:10.586 E/VoiceSearchConfigUtils(22841): Unrecognized recognizer for [ja-JP, 3056]: 23. Ignoring it and its associated features.
09-07 15:08:10.586 E/VoiceSearchConfigUtils(22841): Unrecognized recognizer for [ja-JP, 3056]: 22. Ignoring it and its associated features.
09-07 15:08:10.586 E/VoiceSearchConfigUtils(22841): Unrecognized recognizer for [ja-JP, 3056]: 22. Ignoring it and its associated features.
09-07 15:08:10.586 E/VoiceSearchConfigUtils(22841): Unrecognized recognizer for [ja-JP, 3056]: 22. Ignoring it and its associated features.
09-07 15:08:10.897 E/AppOps  (  695): attributionTag  not declared in manifest of com.google.android.tts
09-07 15:08:10.899 E/AppOps  (  695): attributionTag  not declared in manifest of com.google.android.tts
09-07 15:08:10.952 E/AppOps  (  695): attributionTag  not declared in manifest of com.google.android.tts
09-07 15:08:10.955 E/AppOps  (  695): attributionTag  not declared in manifest of com.google.android.tts
09-07 15:08:11.786 E/YouTube (25008): AudioFocus loss; Will pause
09-07 15:08:11.793 E/YouTube (25008): AudioFocus loss; Will pause
09-07 15:08:12.012 E/TransitionChain(  695): Can't collect into a chain with no transition
09-07 15:08:12.091 E/cr_Auth (23346): SystemAccountManagerDelegate.getAccountGaiaId
09-07 15:08:12.091 E/cr_Auth (23346): java.io.IOException: Error on service connection.
09-07 15:08:12.091 E/cr_Auth (23346): 	at Sr1.b(chromium-TrichromeChromeGoogle6432.aab-stable-694313738:58)
09-07 15:08:12.091 E/cr_Auth (23346): 	at Sr1.l(chromium-TrichromeChromeGoogle6432.aab-stable-694313738:142)
09-07 15:08:12.091 E/cr_Auth (23346): 	at Sr1.e(chromium-TrichromeChromeGoogle6432.aab-stable-694313738:21)
09-07 15:08:12.091 E/cr_Auth (23346): 	at J3.b(chromium-TrichromeChromeGoogle6432.aab-stable-694313738:47)
09-07 15:08:12.091 E/cr_Auth (23346): 	at vo.call(chromium-TrichromeChromeGoogle6432.aab-stable-694313738:9)
09-07 15:08:12.091 E/cr_Auth (23346): 	at java.util.concurrent.FutureTask.run(FutureTask.java:317)
09-07 15:08:12.091 E/cr_Auth (23346): 	at yo.run(chromium-TrichromeChromeGoogle6432.aab-stable-694313738:26)
09-07 15:08:12.091 E/cr_Auth (23346): 	at eM3.run(chromium-TrichromeChromeGoogle6432.aab-stable-694313738:8)
09-07 15:08:12.091 E/cr_Auth (23346): Caused by: java.lang.InterruptedException
09-07 15:08:12.091 E/cr_Auth (23346): 	at java.util.concurrent.locks.ReentrantLock$Sync.lockInterruptibly(ReentrantLock.java:159)
09-07 15:08:12.091 E/cr_Auth (23346): 	at java.util.concurrent.locks.ReentrantLock.lockInterruptibly(ReentrantLock.java:372)
09-07 15:08:12.091 E/cr_Auth (23346): 	at java.util.concurrent.LinkedBlockingQueue.take(LinkedBlockingQueue.java:432)
09-07 15:08:12.091 E/cr_Auth (23346): 	at iJ.a(chromium-TrichromeChromeGoogle6432.aab-stable-694313738:10)
09-07 15:08:12.091 E/cr_Auth (23346): 	at Sr1.b(chromium-TrichromeChromeGoogle6432.aab-stable-694313738:33)
09-07 15:08:12.091 E/cr_Auth (23346): 	... 7 more
09-07 15:08:12.102 E/android.hardware.audio@7.1-impl.ranchu(  488): pcmWrite:260 failure: -1
09-07 15:08:12.195 E/android.hardware.audio@7.1-impl.ranchu(  488): pcmRead:222 failure: -1
09-07 15:08:12.206 E/android.hardware.audio@7.1-impl.ranchu(  488): pcmWrite:260 failure: -1
09-07 15:08:12.302 E/android.hardware.audio@7.1-impl.ranchu(  488): pcmRead:222 failure: -1
09-07 15:08:12.314 E/android.hardware.audio@7.1-impl.ranchu(  488): pcmWrite:260 failure: -1
09-07 15:08:12.406 E/android.hardware.audio@7.1-impl.ranchu(  488): pcmRead:222 failure: -1
09-07 15:08:12.421 E/android.hardware.audio@7.1-impl.ranchu(  488): pcmWrite:260 failure: -1
09-07 15:08:12.510 E/android.hardware.audio@7.1-impl.ranchu(  488): pcmRead:222 failure: -1
09-07 15:08:12.525 E/android.hardware.audio@7.1-impl.ranchu(  488): pcmWrite:260 failure: -1
09-07 15:08:12.619 E/android.hardware.audio@7.1-impl.ranchu(  488): pcmRead:222 failure: -1
09-07 15:08:12.629 E/android.hardware.audio@7.1-impl.ranchu(  488): pcmWrite:260 failure: -1
09-07 15:08:12.726 E/android.hardware.audio@7.1-impl.ranchu(  488): pcmRead:222 failure: -1
09-07 15:08:12.730 E/android.hardware.audio@7.1-impl.ranchu(  488): pcmWrite:260 failure: -1
09-07 15:08:12.835 E/android.hardware.audio@7.1-impl.ranchu(  488): pcmRead:222 failure: -1
09-07 15:08:12.838 E/android.hardware.audio@7.1-impl.ranchu(  488): pcmWrite:260 failure: -1
09-07 15:08:12.941 E/android.hardware.audio@7.1-impl.ranchu(  488): pcmRead:222 failure: -1
09-07 15:08:12.947 E/android.hardware.audio@7.1-impl.ranchu(  488): pcmWrite:260 failure: -1
09-07 15:08:13.046 E/android.hardware.audio@7.1-impl.ranchu(  488): pcmRead:222 failure: -1
09-07 15:08:13.050 E/android.hardware.audio@7.1-impl.ranchu(  488): pcmWrite:260 failure: -1
09-07 15:08:13.158 E/android.hardware.audio@7.1-impl.ranchu(  488): pcmWrite:260 failure: -1
09-07 15:08:13.170 E/android.hardware.audio@7.1-impl.ranchu(  488): pcmRead:222 failure: -1
09-07 15:08:13.262 E/android.hardware.audio@7.1-impl.ranchu(  488): pcmWrite:260 failure: -1
09-07 15:08:13.278 E/android.hardware.audio@7.1-impl.ranchu(  488): pcmRead:222 failure: -1
09-07 15:08:13.312 E/WifiStaIfaceAidlImpl(  695): setDtimMultiplier failed with service-specific exception: android.os.ServiceSpecificException:  (code 4)
09-07 15:08:13.367 E/android.hardware.audio@7.1-impl.ranchu(  488): pcmWrite:260 failure: -1
09-07 15:08:13.386 E/android.hardware.audio@7.1-impl.ranchu(  488): pcmRead:222 failure: -1
09-07 15:08:13.475 E/android.hardware.audio@7.1-impl.ranchu(  488): pcmWrite:260 failure: -1
09-07 15:08:13.493 E/android.hardware.audio@7.1-impl.ranchu(  488): pcmRead:222 failure: -1
09-07 15:08:13.578 E/android.hardware.audio@7.1-impl.ranchu(  488): pcmWrite:260 failure: -1
09-07 15:08:13.603 E/android.hardware.audio@7.1-impl.ranchu(  488): pcmRead:222 failure: -1
09-07 15:08:13.682 E/android.hardware.audio@7.1-impl.ranchu(  488): pcmWrite:260 failure: -1
09-07 15:08:13.707 E/android.hardware.audio@7.1-impl.ranchu(  488): pcmRead:222 failure: -1
09-07 15:08:13.786 E/android.hardware.audio@7.1-impl.ranchu(  488): pcmWrite:260 failure: -1
09-07 15:08:13.811 E/android.hardware.audio@7.1-impl.ranchu(  488): pcmRead:222 failure: -1
09-07 15:08:13.890 E/android.hardware.audio@7.1-impl.ranchu(  488): pcmWrite:260 failure: -1
09-07 15:08:13.916 E/android.hardware.audio@7.1-impl.ranchu(  488): pcmRead:222 failure: -1
09-07 15:08:13.995 E/android.hardware.audio@7.1-impl.ranchu(  488): pcmWrite:260 failure: -1
09-07 15:08:14.018 E/android.hardware.audio@7.1-impl.ranchu(  488): pcmRead:222 failure: -1
09-07 15:08:14.121 E/android.hardware.audio@7.1-impl.ranchu(  488): pcmRead:222 failure: -1
09-07 15:08:14.226 E/android.hardware.audio@7.1-impl.ranchu(  488): pcmRead:222 failure: -1
09-07 15:08:14.331 E/android.hardware.audio@7.1-impl.ranchu(  488): pcmRead:222 failure: -1
09-07 15:08:14.434 E/android.hardware.audio@7.1-impl.ranchu(  488): pcmRead:222 failure: -1
09-07 15:08:14.538 E/android.hardware.audio@7.1-impl.ranchu(  488): pcmRead:222 failure: -1
09-07 15:08:14.644 E/android.hardware.audio@7.1-impl.ranchu(  488): pcmRead:222 failure: -1
09-07 15:08:14.746 E/android.hardware.audio@7.1-impl.ranchu(  488): pcmRead:222 failure: -1
09-07 15:08:14.854 E/android.hardware.audio@7.1-impl.ranchu(  488): pcmRead:222 failure: -1
09-07 15:08:14.960 E/android.hardware.audio@7.1-impl.ranchu(  488): pcmRead:222 failure: -1
09-07 15:08:14.969 E/TaskPersister(  695): File error accessing recents directory (directory doesn't exist?).
09-07 15:08:15.063 E/android.hardware.audio@7.1-impl.ranchu(  488): pcmRead:222 failure: -1
09-07 15:08:15.168 E/android.hardware.audio@7.1-impl.ranchu(  488): pcmRead:222 failure: -1
09-07 15:08:15.271 E/android.hardware.audio@7.1-impl.ranchu(  488): pcmRead:222 failure: -1
09-07 15:08:15.374 E/android.hardware.audio@7.1-impl.ranchu(  488): pcmRead:222 failure: -1
09-07 15:08:15.478 E/android.hardware.audio@7.1-impl.ranchu(  488): pcmRead:222 failure: -1
09-07 15:08:15.522 E/android.hardware.audio@7.1-impl.ranchu(  488): updateSinkMetadata:387 failure: Result::NOT_SUPPORTED
09-07 15:08:15.586 E/android.hardware.audio@7.1-impl.ranchu(  488): pcmRead:222 failure: -1
09-07 15:08:16.092 E/YouTube (25008): AudioFocus loss; Will pause
09-07 15:08:16.219 E/VoiceSearchConfigUtils(22841): Unrecognized recognizer for [ja-JP, 3053]: 23. Ignoring it and its associated features.
09-07 15:08:16.220 E/VoiceSearchConfigUtils(22841): Unrecognized recognizer for [ja-JP, 3053]: 22. Ignoring it and its associated features.
09-07 15:08:16.256 E/VoiceSearchConfigUtils(22841): Unrecognized recognizer for [ja-JP, 3053]: 23. Ignoring it and its associated features.
09-07 15:08:16.256 E/VoiceSearchConfigUtils(22841): Unrecognized recognizer for [ja-JP, 3053]: 22. Ignoring it and its associated features.
09-07 15:08:16.256 E/VoiceSearchConfigUtils(22841): Unrecognized recognizer for [ja-JP, 3053]: 23. Ignoring it and its associated features.
09-07 15:08:16.256 E/VoiceSearchConfigUtils(22841): Unrecognized recognizer for [ja-JP, 3053]: 22. Ignoring it and its associated features.
09-07 15:08:16.256 E/VoiceSearchConfigUtils(22841): Unrecognized recognizer for [ja-JP, 3053]: 22. Ignoring it and its associated features.
09-07 15:08:16.256 E/VoiceSearchConfigUtils(22841): Unrecognized recognizer for [ja-JP, 3053]: 22. Ignoring it and its associated features.
09-07 15:08:16.257 E/VoiceSearchConfigUtils(22841): Unrecognized recognizer for [ja-JP, 3054]: 23. Ignoring it and its associated features.
09-07 15:08:16.257 E/VoiceSearchConfigUtils(22841): Unrecognized recognizer for [ja-JP, 3054]: 22. Ignoring it and its associated features.
09-07 15:08:16.257 E/VoiceSearchConfigUtils(22841): Unrecognized recognizer for [ja-JP, 3054]: 23. Ignoring it and its associated features.
09-07 15:08:16.257 E/VoiceSearchConfigUtils(22841): Unrecognized recognizer for [ja-JP, 3054]: 22. Ignoring it and its associated features.
09-07 15:08:16.257 E/VoiceSearchConfigUtils(22841): Unrecognized recognizer for [ja-JP, 3054]: 23. Ignoring it and its associated features.
09-07 15:08:16.257 E/VoiceSearchConfigUtils(22841): Unrecognized recognizer for [ja-JP, 3054]: 22. Ignoring it and its associated features.
09-07 15:08:16.257 E/VoiceSearchConfigUtils(22841): Unrecognized recognizer for [ja-JP, 3054]: 22. Ignoring it and its associated features.
09-07 15:08:16.257 E/VoiceSearchConfigUtils(22841): Unrecognized recognizer for [ja-JP, 3054]: 22. Ignoring it and its associated features.
09-07 15:08:16.257 E/VoiceSearchConfigUtils(22841): Unrecognized recognizer for [ja-JP, 3056]: 23. Ignoring it and its associated features.
09-07 15:08:16.257 E/VoiceSearchConfigUtils(22841): Unrecognized recognizer for [ja-JP, 3056]: 22. Ignoring it and its associated features.
09-07 15:08:16.257 E/VoiceSearchConfigUtils(22841): Unrecognized recognizer for [ja-JP, 3056]: 23. Ignoring it and its associated features.
09-07 15:08:16.257 E/VoiceSearchConfigUtils(22841): Unrecognized recognizer for [ja-JP, 3056]: 22. Ignoring it and its associated features.
09-07 15:08:16.257 E/VoiceSearchConfigUtils(22841): Unrecognized recognizer for [ja-JP, 3056]: 23. Ignoring it and its associated features.
09-07 15:08:16.257 E/VoiceSearchConfigUtils(22841): Unrecognized recognizer for [ja-JP, 3056]: 22. Ignoring it and its associated features.
09-07 15:08:16.257 E/VoiceSearchConfigUtils(22841): Unrecognized recognizer for [ja-JP, 3056]: 22. Ignoring it and its associated features.
09-07 15:08:16.257 E/VoiceSearchConfigUtils(22841): Unrecognized recognizer for [ja-JP, 3056]: 22. Ignoring it and its associated features.
09-07 15:08:16.262 E/VoiceSearchConfigUtils(22841): Unrecognized recognizer for [ja-JP, 3053]: 23. Ignoring it and its associated features.
09-07 15:08:16.262 E/VoiceSearchConfigUtils(22841): Unrecognized recognizer for [ja-JP, 3053]: 22. Ignoring it and its associated features.
09-07 15:08:16.262 E/VoiceSearchConfigUtils(22841): Unrecognized recognizer for [ja-JP, 3053]: 23. Ignoring it and its associated features.
09-07 15:08:16.262 E/VoiceSearchConfigUtils(22841): Unrecognized recognizer for [ja-JP, 3053]: 22. Ignoring it and its associated features.
09-07 15:08:16.262 E/VoiceSearchConfigUtils(22841): Unrecognized recognizer for [ja-JP, 3053]: 23. Ignoring it and its associated features.
09-07 15:08:16.262 E/VoiceSearchConfigUtils(22841): Unrecognized recognizer for [ja-JP, 3053]: 22. Ignoring it and its associated features.
09-07 15:08:16.262 E/VoiceSearchConfigUtils(22841): Unrecognized recognizer for [ja-JP, 3053]: 22. Ignoring it and its associated features.
09-07 15:08:16.262 E/VoiceSearchConfigUtils(22841): Unrecognized recognizer for [ja-JP, 3053]: 22. Ignoring it and its associated features.
09-07 15:08:16.262 E/VoiceSearchConfigUtils(22841): Unrecognized recognizer for [ja-JP, 3054]: 23. Ignoring it and its associated features.
09-07 15:08:16.262 E/VoiceSearchConfigUtils(22841): Unrecognized recognizer for [ja-JP, 3054]: 22. Ignoring it and its associated features.
09-07 15:08:16.262 E/VoiceSearchConfigUtils(22841): Unrecognized recognizer for [ja-JP, 3054]: 23. Ignoring it and its associated features.
09-07 15:08:16.262 E/VoiceSearchConfigUtils(22841): Unrecognized recognizer for [ja-JP, 3054]: 22. Ignoring it and its associated features.
09-07 15:08:16.262 E/VoiceSearchConfigUtils(22841): Unrecognized recognizer for [ja-JP, 3054]: 23. Ignoring it and its associated features.
09-07 15:08:16.262 E/VoiceSearchConfigUtils(22841): Unrecognized recognizer for [ja-JP, 3054]: 22. Ignoring it and its associated features.
09-07 15:08:16.262 E/VoiceSearchConfigUtils(22841): Unrecognized recognizer for [ja-JP, 3054]: 22. Ignoring it and its associated features.
09-07 15:08:16.262 E/VoiceSearchConfigUtils(22841): Unrecognized recognizer for [ja-JP, 3054]: 22. Ignoring it and its associated features.
09-07 15:08:16.263 E/VoiceSearchConfigUtils(22841): Unrecognized recognizer for [ja-JP, 3056]: 23. Ignoring it and its associated features.
09-07 15:08:16.263 E/VoiceSearchConfigUtils(22841): Unrecognized recognizer for [ja-JP, 3056]: 22. Ignoring it and its associated features.
09-07 15:08:16.264 E/VoiceSearchConfigUtils(22841): Unrecognized recognizer for [ja-JP, 3056]: 23. Ignoring it and its associated features.
09-07 15:08:16.264 E/VoiceSearchConfigUtils(22841): Unrecognized recognizer for [ja-JP, 3056]: 22. Ignoring it and its associated features.
09-07 15:08:16.264 E/VoiceSearchConfigUtils(22841): Unrecognized recognizer for [ja-JP, 3056]: 23. Ignoring it and its associated features.
09-07 15:08:16.264 E/VoiceSearchConfigUtils(22841): Unrecognized recognizer for [ja-JP, 3056]: 22. Ignoring it and its associated features.
09-07 15:08:16.264 E/VoiceSearchConfigUtils(22841): Unrecognized recognizer for [ja-JP, 3056]: 22. Ignoring it and its associated features.
09-07 15:08:16.264 E/VoiceSearchConfigUtils(22841): Unrecognized recognizer for [ja-JP, 3056]: 22. Ignoring it and its associated features.
09-07 15:08:16.304 E/android.hardware.audio@7.1-impl.ranchu(  488): updateSinkMetadata:387 failure: Result::NOT_SUPPORTED
09-07 15:08:16.786 E/AppOps  (  695): attributionTag  not declared in manifest of com.google.android.tts
09-07 15:08:16.789 E/AppOps  (  695): attributionTag  not declared in manifest of com.google.android.tts
